<html>
<body>
<pre>
<h1>µVision Build Log</h1>
<h2>Tool Versions:</h2>
IDE-Version: ¦ÌVision V5.23.0.0
Copyright (C) 2017 ARM Ltd and ARM Germany GmbH. All rights reserved.
License Information: QWZ QWZ, QWZ, LIC=KIVDY-I976I-TJF6H-W23FF-06QJM-KDQ9G
 
Tool Versions:
Toolchain:       MDK-ARM Professional  Version: 5.23
Toolchain Path:  C:\Keil_v5\ARM\ARMCC\Bin
C Compiler:      Armcc.exe V5.06 update 4 (build 422)
Assembler:       Armasm.exe V5.06 update 4 (build 422)
Linker/Locator:  ArmLink.exe V5.06 update 4 (build 422)
Library Manager: ArmAr.exe V5.06 update 4 (build 422)
Hex Converter:   FromElf.exe V5.06 update 4 (build 422)
CPU DLL:         SARMCM3.DLL V5.23
Dialog DLL:      DCM.DLL V1.15.0.0
Target DLL:      Segger\JL2CM3.dll V2.99.15.2
Dialog DLL:      TCM.DLL V1.27.0.0
 
<h2>Project:</h2>
C:\WorkingFiles\2nd_PCB\RUN_III\MotorControllingUnit\Firmware_OS\USER\RUN_MotorCtrl.uvprojx
Project File Date:  06/25/2019

<h2>Output:</h2>
*** Using Compiler 'V5.06 update 4 (build 422)', folder: 'C:\Keil_v5\ARM\ARMCC\Bin'
Build target 'RUNIII_Motor_Ctrl'
compiling can.c...
compiling main.c...
compiling exDCMotor.c...
compiling DS18.c...
compiling delay.c...
compiling OCPSampling.c...
compiling usart.c...
compiling flash_if.c...
compiling timerapp.c...
compiling croutine.c...
compiling list.c...
compiling event_groups.c...
compiling queue.c...
compiling timers.c...
compiling tasks.c...
compiling heap_4.c...
compiling SEGGER_SYSVIEW_Config_FreeRTOS.c...
compiling port.c...
compiling SEGGER_SYSVIEW_FreeRTOS.c...
linking...
Program Size: Code=49844 RO-data=992 RW-data=300 ZI-data=42844  
FromELF: creating hex file...
"..\OBJ\cabin_ctrl_v1.0" - 0 Error(s), 0 Warning(s).

<h2>Collection of Component include folders:</h2>
  .\RTE\_RUNIII_Motor_Ctrl
  C:\Keil_v5\ARM\PACK\Keil\STM32F1xx_DFP\2.2.0\Device\Include

<h2>Collection of Component Files used:</h2>
Build Time Elapsed:  00:00:14
</pre>
</body>
</html>
