Component: ARM Compiler 5.06 update 4 (build 422) Tool: armlink [4d35d2]

==============================================================================

Section Cross References

    main.o(i.ADC_Cal) refers to h1_alloc.o(.text) for malloc
    main.o(i.ADC_Cal) refers to noretval__2printf.o(.text) for __2printf
    main.o(i.ADC_Cal) refers to rt_memcpy_v6.o(.text) for __aeabi_memcpy
    main.o(i.ADC_Cal) refers to flash_if.o(i.FLASH_If_Init) for FLASH_If_Init
    main.o(i.ADC_Cal) refers to stm32f10x_flash.o(i.FLASH_ClearFlag) for FLASH_ClearFlag
    main.o(i.ADC_Cal) refers to stm32f10x_flash.o(i.FLASH_ErasePage) for FLASH_ErasePage
    main.o(i.ADC_Cal) refers to stm32f10x_flash.o(i.FLASH_ProgramWord) for FLASH_ProgramWord
    main.o(i.ADC_Cal) refers to stm32f10x_flash.o(i.FLASH_Lock) for FLASH_Lock
    main.o(i.ADC_Cal) refers to h1_free.o(.text) for free
    main.o(i.ADC_Cal) refers to main.o(.bss) for gGlobal
    main.o(i.CabinPosInit) refers to stm32f10x_gpio.o(i.GPIO_ReadInputDataBit) for GPIO_ReadInputDataBit
    main.o(i.CabinPosInit) refers to exdcmotor.o(i.LockerRelease_Config) for LockerRelease_Config
    main.o(i.CabinPosInit) refers to exdcmotor.o(i.DoorSingleMode_Running) for DoorSingleMode_Running
    main.o(i.CabinPosInit) refers to noretval__2printf.o(.text) for __2printf
    main.o(i.CabinPosInit) refers to main.o(.bss) for gGlobal
    main.o(i.CabinPosInit) refers to main.o(.data) for DEBUG
    main.o(i.EXTI0_IRQHandler) refers to stm32f10x_exti.o(i.EXTI_GetFlagStatus) for EXTI_GetFlagStatus
    main.o(i.EXTI0_IRQHandler) refers to stm32f10x_exti.o(i.EXTI_ClearITPendingBit) for EXTI_ClearITPendingBit
    main.o(i.EXTI0_IRQHandler) refers to stm32f10x_exti.o(i.EXTI_ClearFlag) for EXTI_ClearFlag
    main.o(i.EXTI0_IRQHandler) refers to stm32f10x_gpio.o(i.GPIO_ReadInputDataBit) for GPIO_ReadInputDataBit
    main.o(i.EXTI0_IRQHandler) refers to exdcmotor.o(i.DoorSingleMode_Running) for DoorSingleMode_Running
    main.o(i.EXTI0_IRQHandler) refers to noretval__2printf.o(.text) for __2printf
    main.o(i.EXTI0_IRQHandler) refers to main.o(.bss) for gGlobal
    main.o(i.EXTI0_IRQHandler) refers to main.o(.data) for DEBUG
    main.o(i.EXTI15_10_IRQHandler) refers to stm32f10x_exti.o(i.EXTI_GetFlagStatus) for EXTI_GetFlagStatus
    main.o(i.EXTI15_10_IRQHandler) refers to stm32f10x_exti.o(i.EXTI_ClearITPendingBit) for EXTI_ClearITPendingBit
    main.o(i.EXTI15_10_IRQHandler) refers to stm32f10x_exti.o(i.EXTI_ClearFlag) for EXTI_ClearFlag
    main.o(i.EXTI15_10_IRQHandler) refers to stm32f10x_gpio.o(i.GPIO_ReadInputDataBit) for GPIO_ReadInputDataBit
    main.o(i.EXTI15_10_IRQHandler) refers to exdcmotor.o(i.DoorSingleMode_Running) for DoorSingleMode_Running
    main.o(i.EXTI15_10_IRQHandler) refers to noretval__2printf.o(.text) for __2printf
    main.o(i.EXTI15_10_IRQHandler) refers to stm32f10x_tim.o(i.TIM_Cmd) for TIM_Cmd
    main.o(i.EXTI15_10_IRQHandler) refers to stm32f10x_tim.o(i.TIM_ITConfig) for TIM_ITConfig
    main.o(i.EXTI15_10_IRQHandler) refers to main.o(.bss) for gGlobal
    main.o(i.EXTI15_10_IRQHandler) refers to main.o(.data) for DEBUG
    main.o(i.EXTI1_IRQHandler) refers to stm32f10x_exti.o(i.EXTI_GetFlagStatus) for EXTI_GetFlagStatus
    main.o(i.EXTI1_IRQHandler) refers to stm32f10x_exti.o(i.EXTI_ClearITPendingBit) for EXTI_ClearITPendingBit
    main.o(i.EXTI1_IRQHandler) refers to stm32f10x_exti.o(i.EXTI_ClearFlag) for EXTI_ClearFlag
    main.o(i.EXTI1_IRQHandler) refers to stm32f10x_gpio.o(i.GPIO_ReadInputDataBit) for GPIO_ReadInputDataBit
    main.o(i.EXTI1_IRQHandler) refers to exdcmotor.o(i.DoorSingleMode_Running) for DoorSingleMode_Running
    main.o(i.EXTI1_IRQHandler) refers to noretval__2printf.o(.text) for __2printf
    main.o(i.EXTI1_IRQHandler) refers to main.o(.bss) for gGlobal
    main.o(i.EXTI1_IRQHandler) refers to main.o(.data) for DEBUG
    main.o(i.EXTI2_IRQHandler) refers to stm32f10x_exti.o(i.EXTI_GetFlagStatus) for EXTI_GetFlagStatus
    main.o(i.EXTI2_IRQHandler) refers to stm32f10x_exti.o(i.EXTI_ClearFlag) for EXTI_ClearFlag
    main.o(i.EXTI2_IRQHandler) refers to stm32f10x_exti.o(i.EXTI_ClearITPendingBit) for EXTI_ClearITPendingBit
    main.o(i.EXTI2_IRQHandler) refers to stm32f10x_gpio.o(i.GPIO_ReadInputDataBit) for GPIO_ReadInputDataBit
    main.o(i.EXTI2_IRQHandler) refers to stm32f10x_tim.o(i.TIM_Cmd) for TIM_Cmd
    main.o(i.EXTI2_IRQHandler) refers to stm32f10x_tim.o(i.TIM_ITConfig) for TIM_ITConfig
    main.o(i.EXTI2_IRQHandler) refers to main.o(.bss) for gGlobal
    main.o(i.EXTI4_IRQHandler) refers to stm32f10x_exti.o(i.EXTI_GetFlagStatus) for EXTI_GetFlagStatus
    main.o(i.EXTI4_IRQHandler) refers to stm32f10x_exti.o(i.EXTI_ClearITPendingBit) for EXTI_ClearITPendingBit
    main.o(i.EXTI4_IRQHandler) refers to stm32f10x_exti.o(i.EXTI_ClearFlag) for EXTI_ClearFlag
    main.o(i.EXTI4_IRQHandler) refers to stm32f10x_gpio.o(i.GPIO_ReadInputDataBit) for GPIO_ReadInputDataBit
[...]
    __use_no_heap                            0x080007fd   Thumb Code     2  hguard.o(.text)
    __heap$guard                             0x080007ff   Thumb Code     2  hguard.o(.text)
    _terminate_user_alloc                    0x08000801   Thumb Code     2  init_alloc.o(.text)
    _init_user_alloc                         0x08000803   Thumb Code     2  init_alloc.o(.text)
    __Heap_Full                              0x08000805   Thumb Code    34  init_alloc.o(.text)
    __Heap_Broken                            0x08000827   Thumb Code     6  init_alloc.o(.text)
    _init_alloc                              0x0800082d   Thumb Code    94  init_alloc.o(.text)
    __Heap_Initialize                        0x0800088b   Thumb Code    10  h1_init.o(.text)
    __Heap_DescSize                          0x08000895   Thumb Code     4  h1_init.o(.text)
    _printf_int_common                       0x08000899   Thumb Code   178  _printf_intcommon.o(.text)
    _printf_char_common                      0x08000957   Thumb Code    32  _printf_char_common.o(.text)
    _printf_cs_common                        0x0800097d   Thumb Code    20  _printf_char.o(.text)
    _printf_char                             0x08000991   Thumb Code    16  _printf_char.o(.text)
    _printf_string                           0x080009a1   Thumb Code     8  _printf_char.o(.text)
    _printf_char_file                        0x080009a9   Thumb Code    32  _printf_char_file.o(.text)
    abort                                    0x080009cd   Thumb Code    22  abort.o(.text)
    __assert_puts                            0x080009e3   Thumb Code    20  assert_puts.o(.text)
    __user_libspace                          0x080009f9   Thumb Code     8  libspace.o(.text)
    __user_perproc_libspace                  0x080009f9   Thumb Code     0  libspace.o(.text)
    __user_perthread_libspace                0x080009f9   Thumb Code     0  libspace.o(.text)
    __Heap_ProvideMemory                     0x08000a01   Thumb Code    52  h1_extend.o(.text)
    ferror                                   0x08000a35   Thumb Code     8  ferror.o(.text)
    __rt_SIGABRT                             0x08000a3d   Thumb Code    14  defsig_abrt_outer.o(.text)
    __rt_SIGRTMEM                            0x08000a4b   Thumb Code    14  defsig_rtmem_outer.o(.text)
    __user_setup_stackheap                   0x08000a59   Thumb Code    74  sys_stackheap_outer.o(.text)
    exit                                     0x08000aa3   Thumb Code    18  exit.o(.text)
    __sig_exit                               0x08000ab5   Thumb Code    10  defsig_exit.o(.text)
    __rt_SIGABRT_inner                       0x08000ac1   Thumb Code    14  defsig_abrt_inner.o(.text)
    __rt_SIGRTMEM_inner                      0x08000af1   Thumb Code    22  defsig_rtmem_inner.o(.text)
    __default_signal_display                 0x08000b41   Thumb Code    50  defsig_general.o(.text)
    ADCTRGO                                  0x08000b75   Thumb Code   124  ocpsampling.o(i.ADCTRGO)
    ADC_Cal                                  0x08000bfd   Thumb Code   206  main.o(i.ADC_Cal)
    ADC_Cmd                                  0x08000d05   Thumb Code    22  stm32f10x_adc.o(i.ADC_Cmd)
    ADC_DMACmd                               0x08000d1b   Thumb Code    22  stm32f10x_adc.o(i.ADC_DMACmd)
    ADC_DeInit                               0x08000d31   Thumb Code    78  stm32f10x_adc.o(i.ADC_DeInit)
    ADC_ExternalTrigConvCmd                  0x08000d8d   Thumb Code    22  stm32f10x_adc.o(i.ADC_ExternalTrigConvCmd)
    ADC_GetCalibrationStatus                 0x08000da3   Thumb Code    20  stm32f10x_adc.o(i.ADC_GetCalibrationStatus)
    ADC_GetResetCalibrationStatus            0x08000db7   Thumb Code    20  stm32f10x_adc.o(i.ADC_GetResetCalibrationStatus)
    ADC_Init                                 0x08000dcd   Thumb Code    70  stm32f10x_adc.o(i.ADC_Init)
    ADC_RegularChannelConfig                 0x08000e1d   Thumb Code   184  stm32f10x_adc.o(i.ADC_RegularChannelConfig)
    ADC_ResetCalibration                     0x08000ed5   Thumb Code    10  stm32f10x_adc.o(i.ADC_ResetCalibration)
    ADC_StartCalibration                     0x08000edf   Thumb Code    10  stm32f10x_adc.o(i.ADC_StartCalibration)
    AppAdcCalibration                        0x08000ee9   Thumb Code   102  usart.o(i.AppAdcCalibration)
    AppCommonRightRes                        0x08000f61   Thumb Code   302  usart.o(i.AppCommonRightRes)
    AppDoor                                  0x08001091   Thumb Code   248  usart.o(i.AppDoor)
    AppEndRespond                            0x08001191   Thumb Code    36  usart.o(i.AppEndRespond)
    AppHandProtection                        0x080011b9   Thumb Code   148  usart.o(i.AppHandProtection)
    AppLed                                   0x08001255   Thumb Code    86  usart.o(i.AppLed)
    AppLifter                                0x080012b5   Thumb Code   118  usart.o(i.AppLifter)
    AppLocker                                0x08001335   Thumb Code   122  usart.o(i.AppLocker)
    AppOperationRes                          0x080013b9   Thumb Code   302  usart.o(i.AppOperationRes)
    AppPingTest                              0x080014e9   Thumb Code    32  usart.o(i.AppPingTest)
    AppPosCheck                              0x0800150d   Thumb Code   214  usart.o(i.AppPosCheck)
    AppReadDeviceinfor                       0x080015fd   Thumb Code   376  usart.o(i.AppReadDeviceinfor)
    AppRestDevice                            0x08001779   Thumb Code    36  usart.o(i.AppRestDevice)
    AppResultRes                             0x080017a5   Thumb Code   488  usart.o(i.AppResultRes)
    AppStartRespond                          0x0800198d   Thumb Code    36  usart.o(i.AppStartRespond)
    AppStartUpdata                           0x080019b5   Thumb Code   250  usart.o(i.AppStartUpdata)
    BusFault_Handler                         0x08001ab9   Thumb Code     4  stm32f10x_it.o(i.BusFault_Handler)
    CAN_Configuration                        0x08001abd   Thumb Code   318  can.o(i.CAN_Configuration)
    CAN_DeInit                               0x08001c15   Thumb Code    50  stm32f10x_can.o(i.CAN_DeInit)
    CAN_FilterInit                           0x08001c4d   Thumb Code   258  stm32f10x_can.o(i.CAN_FilterInit)
    CAN_ITConfig                             0x08001d55   Thumb Code    18  stm32f10x_can.o(i.CAN_ITConfig)
    CAN_Init                                 0x08001d67   Thumb Code   276  stm32f10x_can.o(i.CAN_Init)
    CAN_Receive                              0x08001e7b   Thumb Code   240  stm32f10x_can.o(i.CAN_Receive)
    CAN_StructInit                           0x08001f6b   Thumb Code    32  stm32f10x_can.o(i.CAN_StructInit)
    CalcXORSum                               0x08001f8b   Thumb Code    26  usart.o(i.CalcXORSum)
    Check1MSTick                             0x08001fa5   Thumb Code    38  main.o(i.Check1MSTick)
    CheckPWD                                 0x08001fcd   Thumb Code    32  usart.o(i.CheckPWD)
    DMA1_Channel1_IRQHandler                 0x08001ff1   Thumb Code    98  ocpsampling.o(i.DMA1_Channel1_IRQHandler)
    DMAInit                                  0x0800206d   Thumb Code   118  ocpsampling.o(i.DMAInit)
    DMA_ClearFlag                            0x080020f1   Thumb Code    18  stm32f10x_dma.o(i.DMA_ClearFlag)
    DMA_ClearITPendingBit                    0x0800210d   Thumb Code    18  stm32f10x_dma.o(i.DMA_ClearITPendingBit)
    DMA_Cmd                                  0x08002129   Thumb Code    24  stm32f10x_dma.o(i.DMA_Cmd)
    DMA_DeInit                               0x08002141   Thumb Code   324  stm32f10x_dma.o(i.DMA_DeInit)
    DMA_GetCurrDataCounter                   0x0800228d   Thumb Code     8  stm32f10x_dma.o(i.DMA_GetCurrDataCounter)
    DMA_GetITStatus                          0x08002295   Thumb Code    36  stm32f10x_dma.o(i.DMA_GetITStatus)
    DMA_ITConfig                             0x080022c1   Thumb Code    18  stm32f10x_dma.o(i.DMA_ITConfig)
    DMA_Init                                 0x080022d3   Thumb Code    60  stm32f10x_dma.o(i.DMA_Init)
    DMA_SetCurrDataCounter                   0x0800230f   Thumb Code     4  stm32f10x_dma.o(i.DMA_SetCurrDataCounter)
    DS18B20_Check                            0x08002315   Thumb Code    90  ds18.o(i.DS18B20_Check)
    DS18B20_Init                             0x08002375   Thumb Code    74  ds18.o(i.DS18B20_Init)
    DS18B20_Rst                              0x080023c9   Thumb Code    46  ds18.o(i.DS18B20_Rst)
    DebugMon_Handler                         0x080023fd   Thumb Code     2  stm32f10x_it.o(i.DebugMon_Handler)
    DoorDualMode_Running                     0x080023ff   Thumb Code    28  exdcmotor.o(i.DoorDualMode_Running)
    DoorEnable_Config                        0x0800241d   Thumb Code   904  exdcmotor.o(i.DoorEnable_Config)
    DoorSingleMode_Running                   0x080028a1   Thumb Code   208  exdcmotor.o(i.DoorSingleMode_Running)
    DoorStateCheck                           0x08002979   Thumb Code   348  exdcmotor.o(i.DoorStateCheck)
    DoorbacktoOrigin                         0x08002b3d   Thumb Code   572  exdcmotor.o(i.DoorbacktoOrigin)
    EXTI0_IRQHandler                         0x08002dbd   Thumb Code    76  main.o(i.EXTI0_IRQHandler)
    EXTI15_10_IRQHandler                     0x08002e35   Thumb Code   296  main.o(i.EXTI15_10_IRQHandler)
    EXTI1_IRQHandler                         0x08002f9d   Thumb Code    98  main.o(i.EXTI1_IRQHandler)
    EXTI2_IRQHandler                         0x0800303d   Thumb Code    84  main.o(i.EXTI2_IRQHandler)
    EXTI4_IRQHandler                         0x0800309d   Thumb Code    34  main.o(i.EXTI4_IRQHandler)
    EXTI9_5_IRQHandler                       0x080030c5   Thumb Code   276  main.o(i.EXTI9_5_IRQHandler)
    EXTI_ClearFlag                           0x08003245   Thumb Code     6  stm32f10x_exti.o(i.EXTI_ClearFlag)
    EXTI_ClearITPendingBit                   0x08003251   Thumb Code     6  stm32f10x_exti.o(i.EXTI_ClearITPendingBit)
    EXTI_GetFlagStatus                       0x0800325d   Thumb Code    20  stm32f10x_exti.o(i.EXTI_GetFlagStatus)
    EXTI_Init                                0x08003275   Thumb Code   142  stm32f10x_exti.o(i.EXTI_Init)
    FLASH_ClearFlag                          0x08003309   Thumb Code     6  stm32f10x_flash.o(i.FLASH_ClearFlag)
    FLASH_ErasePage                          0x08003315   Thumb Code    72  stm32f10x_flash.o(i.FLASH_ErasePage)
    FLASH_GetBank1Status                     0x08003361   Thumb Code    48  stm32f10x_flash.o(i.FLASH_GetBank1Status)
    FLASH_If_Init                            0x08003395   Thumb Code    14  flash_if.o(i.FLASH_If_Init)
    FLASH_Lock                               0x080033a5   Thumb Code    14  stm32f10x_flash.o(i.FLASH_Lock)
    FLASH_ProgramWord                        0x080033b9   Thumb Code   102  stm32f10x_flash.o(i.FLASH_ProgramWord)
    FLASH_Unlock                             0x08003425   Thumb Code    12  stm32f10x_flash.o(i.FLASH_Unlock)
    FLASH_WaitForLastOperation               0x0800343d   Thumb Code    38  stm32f10x_flash.o(i.FLASH_WaitForLastOperation)
    FaultProcTimerCallBack                   0x08003465   Thumb Code    98  main.o(i.FaultProcTimerCallBack)
    FetchingCurrentValue                     0x080034fd   Thumb Code   374  ocpsampling.o(i.FetchingCurrentValue)
    GPIO_EXTILineConfig                      0x08003681   Thumb Code    60  stm32f10x_gpio.o(i.GPIO_EXTILineConfig)
    GPIO_Init                                0x080036c1   Thumb Code   278  stm32f10x_gpio.o(i.GPIO_Init)
    GPIO_PinRemapConfig                      0x080037d9   Thumb Code   138  stm32f10x_gpio.o(i.GPIO_PinRemapConfig)
    GPIO_ReadInputDataBit                    0x08003869   Thumb Code    18  stm32f10x_gpio.o(i.GPIO_ReadInputDataBit)
    GPIO_ResetBits                           0x0800387b   Thumb Code     4  stm32f10x_gpio.o(i.GPIO_ResetBits)
    GPIO_SetBits                             0x0800387f   Thumb Code     4  stm32f10x_gpio.o(i.GPIO_SetBits)
    HardFault_Handler                        0x08003883   Thumb Code     4  stm32f10x_it.o(i.HardFault_Handler)
    InitGlobalSet                            0x08003889   Thumb Code   364  main.o(i.InitGlobalSet)
    LifterEnable_Config                      0x08003a25   Thumb Code   542  exdcmotor.o(i.LifterEnable_Config)
    Lifter_Running                           0x08003c95   Thumb Code   102  exdcmotor.o(i.Lifter_Running)
    Lifter_Speed_Update                      0x08003d05   Thumb Code    54  exdcmotor.o(i.Lifter_Speed_Update)
    LockerChannelEnable                      0x08003d41   Thumb Code    34  ocpsampling.o(i.LockerChannelEnable)
    LockerLatch_Config                       0x08003d69   Thumb Code   892  exdcmotor.o(i.LockerLatch_Config)
    LockerRelease_Config                     0x08004269   Thumb Code   668  exdcmotor.o(i.LockerRelease_Config)
    Locker_Running                           0x08004605   Thumb Code    98  exdcmotor.o(i.Locker_Running)
    Locker_Switching_Init                    0x0800466d   Thumb Code    50  exdcmotor.o(i.Locker_Switching_Init)
    MemManage_Handler                        0x080046ad   Thumb Code     4  stm32f10x_it.o(i.MemManage_Handler)
    MotorFaultMonitoring                     0x080046b1   Thumb Code   524  exdcmotor.o(i.MotorFaultMonitoring)
    MotorProcessMonitoring                   0x08004921   Thumb Code  2054  exdcmotor.o(i.MotorProcessMonitoring)
    Motor_CTRL_Init                          0x08005229   Thumb Code   630  exdcmotor.o(i.Motor_CTRL_Init)
    NMI_Handler                              0x080054cd   Thumb Code     2  stm32f10x_it.o(i.NMI_Handler)
    NVIC_Init                                0x080054d1   Thumb Code   100  misc.o(i.NVIC_Init)
    NVIC_PriorityGroupConfig                 0x08005541   Thumb Code    10  misc.o(i.NVIC_PriorityGroupConfig)
    OCPChannel_Init                          0x08005555   Thumb Code   234  ocpsampling.o(i.OCPChannel_Init)
    ONPOSITIONChannel_Init                   0x0800564d   Thumb Code   206  ocpsampling.o(i.ONPOSITIONChannel_Init)
    PWRInit                                  0x08005731   Thumb Code    44  main.o(i.PWRInit)
    ProcessUpCmd                             0x08005765   Thumb Code   598  usart.o(i.ProcessUpCmd)
    RCC_ADCCLKConfig                         0x080059c9   Thumb Code    18  stm32f10x_rcc.o(i.RCC_ADCCLKConfig)
    RCC_AHBPeriphClockCmd                    0x080059e1   Thumb Code    26  stm32f10x_rcc.o(i.RCC_AHBPeriphClockCmd)
    RCC_APB1PeriphClockCmd                   0x08005a01   Thumb Code    26  stm32f10x_rcc.o(i.RCC_APB1PeriphClockCmd)
    RCC_APB1PeriphResetCmd                   0x08005a21   Thumb Code    26  stm32f10x_rcc.o(i.RCC_APB1PeriphResetCmd)
    RCC_APB2PeriphClockCmd                   0x08005a41   Thumb Code    26  stm32f10x_rcc.o(i.RCC_APB2PeriphClockCmd)
    RCC_APB2PeriphResetCmd                   0x08005a61   Thumb Code    26  stm32f10x_rcc.o(i.RCC_APB2PeriphResetCmd)
    RCC_GetClocksFreq                        0x08005a81   Thumb Code   192  stm32f10x_rcc.o(i.RCC_GetClocksFreq)
    SEGGER_RTT_ConfigDownBuffer              0x08005b55   Thumb Code   164  segger_rtt.o(i.SEGGER_RTT_ConfigDownBuffer)
    SEGGER_RTT_ConfigUpBuffer                0x08005bfd   Thumb Code   164  segger_rtt.o(i.SEGGER_RTT_ConfigUpBuffer)
    SEGGER_RTT_ReadNoLock                    0x08005ca5   Thumb Code   148  segger_rtt.o(i.SEGGER_RTT_ReadNoLock)
    SEGGER_RTT_WriteSkipNoLock               0x08005d3d   Thumb Code   172  segger_rtt.o(i.SEGGER_RTT_WriteSkipNoLock)
    SEGGER_SYSVIEW_Conf                      0x08005ded   Thumb Code    26  segger_sysview_config_freertos.o(i.SEGGER_SYSVIEW_Conf)
    SEGGER_SYSVIEW_EncodeU32                 0x08005e15   Thumb Code    38  segger_sysview.o(i.SEGGER_SYSVIEW_EncodeU32)
    SEGGER_SYSVIEW_GetSysDesc                0x08005e3d   Thumb Code   180  segger_sysview.o(i.SEGGER_SYSVIEW_GetSysDesc)
    SEGGER_SYSVIEW_Init                      0x08005ef9   Thumb Code    74  segger_sysview.o(i.SEGGER_SYSVIEW_Init)
    SEGGER_SYSVIEW_OnIdle                    0x08005f5d   Thumb Code    48  segger_sysview.o(i.SEGGER_SYSVIEW_OnIdle)
    SEGGER_SYSVIEW_OnTaskCreate              0x08005f91   Thumb Code    92  segger_sysview.o(i.SEGGER_SYSVIEW_OnTaskCreate)
    SEGGER_SYSVIEW_OnTaskStartExec           0x08005ff5   Thumb Code    92  segger_sysview.o(i.SEGGER_SYSVIEW_OnTaskStartExec)
    SEGGER_SYSVIEW_OnTaskStartReady          0x08006059   Thumb Code    92  segger_sysview.o(i.SEGGER_SYSVIEW_OnTaskStartReady)
    SEGGER_SYSVIEW_RecordSystime             0x080060bd   Thumb Code    52  segger_sysview.o(i.SEGGER_SYSVIEW_RecordSystime)
    SEGGER_SYSVIEW_RecordU32                 0x080060f9   Thumb Code    88  segger_sysview.o(i.SEGGER_SYSVIEW_RecordU32)
    SEGGER_SYSVIEW_RecordU32x2               0x08006155   Thumb Code   118  segger_sysview.o(i.SEGGER_SYSVIEW_RecordU32x2)
    SEGGER_SYSVIEW_RecordU32x3               0x080061d1   Thumb Code   148  segger_sysview.o(i.SEGGER_SYSVIEW_RecordU32x3)
    SEGGER_SYSVIEW_RecordVoid                0x08006269   Thumb Code    50  segger_sysview.o(i.SEGGER_SYSVIEW_RecordVoid)
    SEGGER_SYSVIEW_SendModule                0x080062a1   Thumb Code   162  segger_sysview.o(i.SEGGER_SYSVIEW_SendModule)
    SEGGER_SYSVIEW_SendModuleDescription     0x0800634d   Thumb Code    30  segger_sysview.o(i.SEGGER_SYSVIEW_SendModuleDescription)
    SEGGER_SYSVIEW_SendNumModules            0x08006371   Thumb Code    80  segger_sysview.o(i.SEGGER_SYSVIEW_SendNumModules)
    SEGGER_SYSVIEW_SendPacket                0x080063c9   Thumb Code    52  segger_sysview.o(i.SEGGER_SYSVIEW_SendPacket)
    SEGGER_SYSVIEW_SendSysDesc               0x080063fd   Thumb Code    66  segger_sysview.o(i.SEGGER_SYSVIEW_SendSysDesc)
    SEGGER_SYSVIEW_SendTaskInfo              0x08006445   Thumb Code   264  segger_sysview.o(i.SEGGER_SYSVIEW_SendTaskInfo)
    SEGGER_SYSVIEW_SendTaskList              0x08006555   Thumb Code    26  segger_sysview.o(i.SEGGER_SYSVIEW_SendTaskList)
    SEGGER_SYSVIEW_SetRAMBase                0x08006575   Thumb Code     6  segger_sysview.o(i.SEGGER_SYSVIEW_SetRAMBase)
    SEGGER_SYSVIEW_ShrinkId                  0x08006581   Thumb Code    12  segger_sysview.o(i.SEGGER_SYSVIEW_ShrinkId)
    SEGGER_SYSVIEW_Start                     0x08006591   Thumb Code   248  segger_sysview.o(i.SEGGER_SYSVIEW_Start)
    SEGGER_SYSVIEW_Stop                      0x08006695   Thumb Code    60  segger_sysview.o(i.SEGGER_SYSVIEW_Stop)
    SEGGER_SYSVIEW_Warn                      0x080066d9   Thumb Code   122  segger_sysview.o(i.SEGGER_SYSVIEW_Warn)
    SYSVIEW_AddTask                          0x08006759   Thumb Code   150  segger_sysview_freertos.o(i.SYSVIEW_AddTask)
    SYSVIEW_DeleteTask                       0x08006805   Thumb Code   262  segger_sysview_freertos.o(i.SYSVIEW_DeleteTask)
    SYSVIEW_RecordU32x4                      0x08006915   Thumb Code    76  segger_sysview_freertos.o(i.SYSVIEW_RecordU32x4)
    SYSVIEW_SendTaskInfo                     0x08006961   Thumb Code    50  segger_sysview_freertos.o(i.SYSVIEW_SendTaskInfo)
    SendErrCode                              0x08006993   Thumb Code   358  usart.o(i.SendErrCode)
    SendUp                                   0x08006af9   Thumb Code    36  usart.o(i.SendUp)
    SysTick_CLKSourceConfig                  0x08006c09   Thumb Code    40  misc.o(i.SysTick_CLKSourceConfig)
    SysTick_Handler                          0x08006c31   Thumb Code    26  delay.o(i.SysTick_Handler)
    SystemInit                               0x08006c51   Thumb Code    78  system_stm32f10x.o(i.SystemInit)
    TIM1_CC_IRQHandler                       0x08006cb1   Thumb Code   450  timerapp.o(i.TIM1_CC_IRQHandler)
    TIM2_IRQHandler                          0x08006e7d   Thumb Code    72  exdcmotor.o(i.TIM2_IRQHandler)
    TIM6_IRQHandler                          0x08006ec9   Thumb Code    70  timerapp.o(i.TIM6_IRQHandler)
    TIM_ARRPreloadConfig                     0x08006f45   Thumb Code    24  stm32f10x_tim.o(i.TIM_ARRPreloadConfig)
    TIM_ClearFlag                            0x08006f5d   Thumb Code     6  stm32f10x_tim.o(i.TIM_ClearFlag)
    TIM_ClearITPendingBit                    0x08006f63   Thumb Code     6  stm32f10x_tim.o(i.TIM_ClearITPendingBit)
    TIM_Cmd                                  0x08006f69   Thumb Code    24  stm32f10x_tim.o(i.TIM_Cmd)
    TIM_CtrlPWMOutputs                       0x08006f81   Thumb Code    30  stm32f10x_tim.o(i.TIM_CtrlPWMOutputs)
    TIM_DeInit                               0x08006fa1   Thumb Code   424  stm32f10x_tim.o(i.TIM_DeInit)
    TIM_GetITStatus                          0x08007189   Thumb Code    34  stm32f10x_tim.o(i.TIM_GetITStatus)
    TIM_ITConfig                             0x080071ab   Thumb Code    18  stm32f10x_tim.o(i.TIM_ITConfig)
    TIM_InternalClockConfig                  0x080071bd   Thumb Code    12  stm32f10x_tim.o(i.TIM_InternalClockConfig)
    TIM_OC1Init                              0x080071c9   Thumb Code   132  stm32f10x_tim.o(i.TIM_OC1Init)
    TIM_OC1PreloadConfig                     0x08007261   Thumb Code    18  stm32f10x_tim.o(i.TIM_OC1PreloadConfig)
    TIM_OC2Init                              0x08007275   Thumb Code   154  stm32f10x_tim.o(i.TIM_OC2Init)
    TIM_OC2PreloadConfig                     0x08007319   Thumb Code    26  stm32f10x_tim.o(i.TIM_OC2PreloadConfig)
    TIM_OC3Init                              0x08007335   Thumb Code   150  stm32f10x_tim.o(i.TIM_OC3Init)
    TIM_OC3PreloadConfig                     0x080073d5   Thumb Code    18  stm32f10x_tim.o(i.TIM_OC3PreloadConfig)
    TIM_OC4Init                              0x080073e9   Thumb Code   114  stm32f10x_tim.o(i.TIM_OC4Init)
    TIM_OC4PreloadConfig                     0x08007465   Thumb Code    26  stm32f10x_tim.o(i.TIM_OC4PreloadConfig)
    TIM_SetAutoreload                        0x0800747f   Thumb Code     4  stm32f10x_tim.o(i.TIM_SetAutoreload)
    TIM_SetCompare1                          0x08007483   Thumb Code     4  stm32f10x_tim.o(i.TIM_SetCompare1)
    TIM_SetCompare2                          0x08007487   Thumb Code     4  stm32f10x_tim.o(i.TIM_SetCompare2)
    TIM_SetCompare3                          0x0800748b   Thumb Code     4  stm32f10x_tim.o(i.TIM_SetCompare3)
    TIM_SetCompare4                          0x0800748f   Thumb Code     6  stm32f10x_tim.o(i.TIM_SetCompare4)
    TIM_TimeBaseInit                         0x08007495   Thumb Code   122  stm32f10x_tim.o(i.TIM_TimeBaseInit)
    TIM_UpdateDisableConfig                  0x08007539   Thumb Code    24  stm32f10x_tim.o(i.TIM_UpdateDisableConfig)
    Timer1Init                               0x08007551   Thumb Code   176  timerapp.o(i.Timer1Init)
    USART1_ComSend                           0x0800760d   Thumb Code    42  usart.o(i.USART1_ComSend)
    USART1_DMA_Config                        0x0800763d   Thumb Code    80  usart.o(i.USART1_DMA_Config)
    USART1_IRQHandler                        0x08007699   Thumb Code   146  usart.o(i.USART1_IRQHandler)
    USART_Cmd                                0x08007741   Thumb Code    24  stm32f10x_usart.o(i.USART_Cmd)
    USART_DMACmd                             0x08007759   Thumb Code    18  stm32f10x_usart.o(i.USART_DMACmd)
    USART_GetFlagStatus                      0x0800776b   Thumb Code    26  stm32f10x_usart.o(i.USART_GetFlagStatus)
    USART_GetITStatus                        0x08007785   Thumb Code    84  stm32f10x_usart.o(i.USART_GetITStatus)
    USART_ITConfig                           0x080077d9   Thumb Code    74  stm32f10x_usart.o(i.USART_ITConfig)
    USART_Init                               0x08007825   Thumb Code   210  stm32f10x_usart.o(i.USART_Init)
    USART_SendData                           0x080078fd   Thumb Code     8  stm32f10x_usart.o(i.USART_SendData)
    USB_LP_CAN1_RX0_IRQHandler               0x08007905   Thumb Code    56  can.o(i.USB_LP_CAN1_RX0_IRQHandler)
    UsageFault_Handler                       0x08007949   Thumb Code     4  stm32f10x_it.o(i.UsageFault_Handler)
    UsartFun                                 0x0800794d   Thumb Code   272  usart.o(i.UsartFun)
    VoltSampling_Init                        0x08007a69   Thumb Code   240  ocpsampling.o(i.VoltSampling_Init)
    _sys_exit                                0x08007f49   Thumb Code     4  usart.o(i._sys_exit)
    _ttywrch                                 0x08007f4d   Thumb Code     4  usart.o(i._ttywrch)
    adc_processing_task                      0x08007f51   Thumb Code   228  main.o(i.adc_processing_task)
    canardGetLocalNodeID                     0x080081f5   Thumb Code     6  canard.o(i.canardGetLocalNodeID)
    canardHandleRxFrame                      0x080081fd   Thumb Code  1018  canard.o(i.canardHandleRxFrame)
    canardInit                               0x08008639   Thumb Code    84  canard.o(i.canardInit)
    canardReleaseRxTransferPayload           0x080086b9   Thumb Code    42  canard.o(i.canardReleaseRxTransferPayload)
    canardSetLocalNodeID                     0x080086e5   Thumb Code    48  canard.o(i.canardSetLocalNodeID)
    delay_init                               0x08008821   Thumb Code    74  delay.o(i.delay_init)
    delay_us                                 0x0800887d   Thumb Code    68  delay.o(i.delay_us)
    delay_xms                                0x080088c5   Thumb Code    24  delay.o(i.delay_xms)
    door_task                                0x080088dd   Thumb Code    52  main.o(i.door_task)
    faultproc_task                           0x08008959   Thumb Code    58  main.o(i.faultproc_task)
    fputc                                    0x080089dd   Thumb Code    24  usart.o(i.fputc)
    inp                                      0x08008a99   Thumb Code    44  ds18.o(i.inp)
    led_mode_shuffle                         0x08008acd   Thumb Code   188  main.o(i.led_mode_shuffle)
    led_task                                 0x08008b91   Thumb Code    44  main.o(i.led_task)
    lifter_task                              0x08008bc1   Thumb Code    44  main.o(i.lifter_task)
    locker_task                              0x08008bf1   Thumb Code   172  main.o(i.locker_task)
    main                                     0x08008ca5   Thumb Code   240  main.o(i.main)
    message_task                             0x08008e15   Thumb Code   746  main.o(i.message_task)
    monitor_task                             0x08009139   Thumb Code    14  main.o(i.monitor_task)
    outp                                     0x0800921d   Thumb Code    44  ds18.o(i.outp)
    positioncheck                            0x08009251   Thumb Code    20  usart.o(i.positioncheck)
    pvPortMalloc                             0x08009ea9   Thumb Code   262  heap_4.o(i.pvPortMalloc)
    pvTaskIncrementMutexHeldCount            0x08009ffd   Thumb Code    26  tasks.o(i.pvTaskIncrementMutexHeldCount)
    pxPortInitialiseStack                    0x0800a01d   Thumb Code    30  port.o(i.pxPortInitialiseStack)
    start_task                               0x0800a16d   Thumb Code   324  main.o(i.start_task)
    tickDelay                                0x0800a451   Thumb Code    12  ds18.o(i.tickDelay)
    uart_init                                0x0800a499   Thumb Code   172  usart.o(i.uart_init)
    usart_decode_task                        0x0800a54d   Thumb Code    46  main.o(i.usart_decode_task)
    uxListRemove                             0x0800a581   Thumb Code    40  list.o(i.uxListRemove)
    uxTaskResetEventItemValue                0x0800a5a9   Thumb Code    24  tasks.o(i.uxTaskResetEventItemValue)
    vListInitialise                          0x0800a5c5   Thumb Code    26  list.o(i.vListInitialise)
    vListInitialiseItem                      0x0800a5df   Thumb Code     6  list.o(i.vListInitialiseItem)
    vListInsert                              0x0800a5e5   Thumb Code    52  list.o(i.vListInsert)
    vListInsertEnd                           0x0800a619   Thumb Code    24  list.o(i.vListInsertEnd)
    vPortEnterCritical                       0x0800a631   Thumb Code    68  port.o(i.vPortEnterCritical)
    vPortExitCritical                        0x0800a6b9   Thumb Code    48  port.o(i.vPortExitCritical)
    vPortFree                                0x0800a729   Thumb Code   120  heap_4.o(i.vPortFree)
    vPortSetupTimerInterrupt                 0x0800a7e1   Thumb Code    26  port.o(i.vPortSetupTimerInterrupt)
    vPortValidateInterruptPriority           0x0800a801   Thumb Code    86  port.o(i.vPortValidateInterruptPriority)
    vQueueAddToRegistry                      0x0800a8a1   Thumb Code    64  queue.o(i.vQueueAddToRegistry)
    vQueueWaitForMessageRestricted           0x0800a8e5   Thumb Code    74  queue.o(i.vQueueWaitForMessageRestricted)
    vTaskDelay                               0x0800a931   Thumb Code    80  tasks.o(i.vTaskDelay)
    vTaskDelete                              0x0800a9ad   Thumb Code   214  tasks.o(i.vTaskDelete)
    vTaskMissedYield                         0x0800aad1   Thumb Code     8  tasks.o(i.vTaskMissedYield)
    vTaskPlaceOnEventList                    0x0800aadd   Thumb Code    42  tasks.o(i.vTaskPlaceOnEventList)
    vTaskPlaceOnEventListRestricted          0x0800ab31   Thumb Code    56  tasks.o(i.vTaskPlaceOnEventListRestricted)
    vTaskPlaceOnUnorderedEventList           0x0800ab91   Thumb Code    80  tasks.o(i.vTaskPlaceOnUnorderedEventList)
    vTaskPriorityInherit                     0x0800ac0d   Thumb Code   178  tasks.o(i.vTaskPriorityInherit)
    vTaskSetTimeOutState                     0x0800accd   Thumb Code    32  tasks.o(i.vTaskSetTimeOutState)
    vTaskStartScheduler                      0x0800ad19   Thumb Code   108  tasks.o(i.vTaskStartScheduler)
    vTaskSuspendAll                          0x0800adc5   Thumb Code    12  tasks.o(i.vTaskSuspendAll)
    vTaskSwitchContext                       0x0800add5   Thumb Code   138  tasks.o(i.vTaskSwitchContext)
    xEventGroupCreate                        0x0800aea1   Thumb Code    26  event_groups.o(i.xEventGroupCreate)
    xEventGroupSetBits                       0x0800aebd   Thumb Code   186  event_groups.o(i.xEventGroupSetBits)
    xEventGroupWaitBits                      0x0800afa5   Thumb Code   294  event_groups.o(i.xEventGroupWaitBits)
    xPortStartScheduler                      0x0800b0fd   Thumb Code   140  port.o(i.xPortStartScheduler)
    xPortSysTickHandler                      0x0800b19d   Thumb Code    46  port.o(i.xPortSysTickHandler)
    xQueueCreateCountingSemaphore            0x0800b1d1   Thumb Code    72  queue.o(i.xQueueCreateCountingSemaphore)
    xQueueGenericCreate                      0x0800b23d   Thumb Code    78  queue.o(i.xQueueGenericCreate)
    xQueueGenericReceive                     0x0800b2b1   Thumb Code   536  queue.o(i.xQueueGenericReceive)
    xQueueGenericReset                       0x0800b4f1   Thumb Code   136  queue.o(i.xQueueGenericReset)
    xQueueGenericSend                        0x0800b5a1   Thumb Code   458  queue.o(i.xQueueGenericSend)
    xQueueGenericSendFromISR                 0x0800b795   Thumb Code   270  queue.o(i.xQueueGenericSendFromISR)
    xQueueGiveFromISR                        0x0800b8c9   Thumb Code   252  queue.o(i.xQueueGiveFromISR)
    xTaskCheckForTimeOut                     0x0800b9e9   Thumb Code   116  tasks.o(i.xTaskCheckForTimeOut)
    xTaskCreate                              0x0800ba89   Thumb Code    96  tasks.o(i.xTaskCreate)
    xTaskGetSchedulerState                   0x0800bae9   Thumb Code    24  tasks.o(i.xTaskGetSchedulerState)
    xTaskGetTickCount                        0x0800bb09   Thumb Code     6  tasks.o(i.xTaskGetTickCount)
    xTaskGetTickCountFromISR                 0x0800bb15   Thumb Code    16  tasks.o(i.xTaskGetTickCountFromISR)
    xTaskIncrementTick                       0x0800bb29   Thumb Code   278  tasks.o(i.xTaskIncrementTick)
    xTaskPriorityDisinherit                  0x0800bc91   Thumb Code   182  tasks.o(i.xTaskPriorityDisinherit)
    xTaskRemoveFromEventList                 0x0800bd79   Thumb Code   124  tasks.o(i.xTaskRemoveFromEventList)
    xTaskRemoveFromUnorderedEventList        0x0800be31   Thumb Code   140  tasks.o(i.xTaskRemoveFromUnorderedEventList)
    xTaskResumeAll                           0x0800bef5   Thumb Code   220  tasks.o(i.xTaskResumeAll)
    xTimerCreate                             0x0800c019   Thumb Code    48  timers.o(i.xTimerCreate)
    xTimerCreateTimerTask                    0x0800c049   Thumb Code    56  timers.o(i.xTimerCreateTimerTask)
    xTimerGenericCommand                     0x0800c0bd   Thumb Code   118  timers.o(i.xTimerGenericCommand)
    __aeabi_d2uiz                            0x0800c161   Thumb Code     0  dfixu.o(x$fpl$dfixu)
    _dfixu                                   0x0800c161   Thumb Code    90  dfixu.o(x$fpl$dfixu)
    __aeabi_i2d                              0x0800c1bb   Thumb Code     0  dflt_clz.o(x$fpl$dflt)
    _dflt                                    0x0800c1bb   Thumb Code    46  dflt_clz.o(x$fpl$dflt)
    __aeabi_dmul                             0x0800c1e9   Thumb Code     0  dmul.o(x$fpl$dmul)
    _dmul                                    0x0800c1e9   Thumb Code   332  dmul.o(x$fpl$dmul)
    __fpl_dnaninf                            0x0800c33d   Thumb Code   156  dnaninf.o(x$fpl$dnaninf)
    __fpl_dretinf                            0x0800c3d9   Thumb Code    12  dretinf.o(x$fpl$dretinf)
    SYSVIEW_X_OS_TraceAPI                    0x0800c3e4   Data           8  segger_sysview_freertos.o(.constdata)
    __I$use$fp                               0x0800c3e4   Number         0  usenofp.o(x$fpl$usenofp)
    Region$$Table$$Base                      0x0800c674   Number         0  anon$$obj.o(Region$$Table)
    Region$$Table$$Limit                     0x0800c694   Number         0  anon$$obj.o(Region$$Table)
    DEBUG                                    0x20000000   Data           1  main.o(.data)
    errcode                                  0x20000004   Data           4  main.o(.data)
    EventGroupHandle                         0x20000008   Data           4  main.o(.data)
    BinarySemaphore_USART                    0x2000000c   Data           4  main.o(.data)
    BinarySemaphore_ADCDATA                  0x20000010   Data           4  main.o(.data)
    FaultProcTimer_Handle                    0x20000014   Data           4  main.o(.data)
    StartTask_Handler                        0x20000018   Data           4  main.o(.data)
    FaultProcTask_Handler                    0x2000001c   Data           4  main.o(.data)
    MonitorTask_Handler                      0x20000020   Data           4  main.o(.data)
    MsgTask_Handler                          0x20000024   Data           4  main.o(.data)
    LedTask_Handler                          0x20000028   Data           4  main.o(.data)
    DoorTask_Handler                         0x2000002c   Data           4  main.o(.data)
    LifterTask_Handler                       0x20000030   Data           4  main.o(.data)
    LockerTask_Handler                       0x20000034   Data           4  main.o(.data)
    UsartTask_Handler                        0x20000038   Data           4  main.o(.data)
    BrdcastTask_Handler                      0x2000003c   Data           4  main.o(.data)
    TouchingTask_Handler                     0x20000040   Data           4  main.o(.data)
    ADCTask_Handler                          0x20000044   Data           4  main.o(.data)
    num                                      0x20000048   Data           4  main.o(.data)
    VelocityTab                              0x2000004c   Data           4  main.o(.data)
    AccelStep                                0x20000050   Data           4  main.o(.data)
    SystemCoreClock                          0x20000054   Data           4  system_stm32f10x.o(.data)
    AHBPrescTable                            0x20000058   Data          16  system_stm32f10x.o(.data)
    UAVCAN_NODE_ID_SELF_ID                   0x20000068   Data           1  can.o(.data)
    CAN_RX_LEN                               0x2000006a   Data           2  can.o(.data)
    RX_FLAG                                  0x2000006c   Data           1  can.o(.data)
    flash_hex_baseaddr                       0x20000070   Data           4  can.o(.data)
    transfer_id                              0x20000074   Data           1  can.o(.data)
    speed                                    0x20000078   Data           4  exdcmotor.o(.data)
    cmd                                      0x20000084   Data           1  usart.o(.data)
    __stdout                                 0x2000008c   Data           4  usart.o(.data)
    pxCurrentTCB                             0x200000a4   Data           4  tasks.o(.data)
    gGlobal                                  0x2000012c   Data        1120  main.o(.bss)
    CAN_rx_buf                               0x20000590   Data          50  can.o(.bss)
    CAN_tx_buf                               0x200005c2   Data          50  can.o(.bss)
    IAP_BUFFER                               0x200005f4   Data          40  can.o(.bss)
    canard                                   0x2000061c   Data          36  can.o(.bss)
    canard_memory_pool                       0x20000640   Data        1024  can.o(.bss)
    RxMessage                                0x20000a60   Data          20  can.o(.bss)
    xQueueRegistry                           0x20000a74   Data          64  queue.o(.bss)
    _SEGGER_RTT                              0x20003660   Data         168  segger_rtt.o(.bss)
    __libspace_start                         0x20004024   Data          96  libspace.o(.bss)
    __temporary_stack_top$libspace           0x20004084   Data           0  libspace.o(.bss)



==============================================================================

Memory Map of the image

  Image Entry point : 0x080002dd

  Load Region LR_1 (Base: 0x08000000, Size: 0x0000c7c0, Max: 0xffffffff, ABSOLUTE, COMPRESSED[0x0000c6b4])

    Execution Region ER_RO (Base: 0x08000000, Size: 0x0000c694, Max: 0xffffffff, ABSOLUTE)

    Base Addr    Size         Type   Attr      Idx    E Section Name        Object

    0x08000000   0x00000130   Data   RO         1471    RESET               startup_stm32f10x_hd.o
    0x08000130   0x00000008   Code   RO         5336  * !!!main             c_w.l(__main.o)
    0x08000138   0x00000034   Code   RO         5593    !!!scatter          c_w.l(__scatter.o)
    0x0800016c   0x0000005a   Code   RO         5591    !!dczerorl2         c_w.l(__dczerorl2.o)
    0x080001c6   0x00000002   PAD
    0x080001c8   0x0000001c   Code   RO         5595    !!handler_zi        c_w.l(__scatter_zi.o)
    0x080001e4   0x00000000   Code   RO         5315    .ARM.Collect$$_printf_percent$$00000000  c_w.l(_printf_percent.o)
    0x080001e4   0x00000006   Code   RO         5313    .ARM.Collect$$_printf_percent$$00000009  c_w.l(_printf_d.o)
    0x080001ea   0x00000006   Code   RO         5312    .ARM.Collect$$_printf_percent$$00000014  c_w.l(_printf_s.o)
    0x080001f0   0x00000004   Code   RO         5398    .ARM.Collect$$_printf_percent$$00000017  c_w.l(_printf_percent_end.o)
    0x080001f4   0x00000002   Code   RO         5536    .ARM.Collect$$libinit$$00000000  c_w.l(libinit.o)
    0x080001f6   0x00000000   Code   RO         5406    .ARM.Collect$$libinit$$00000002  c_w.l(libinit2.o)
    0x080001f6   0x00000000   Code   RO         5408    .ARM.Collect$$libinit$$00000004  c_w.l(libinit2.o)
    0x080001f6   0x00000008   Code   RO         5409    .ARM.Collect$$libinit$$00000005  c_w.l(libinit2.o)
    0x080001fe   0x00000000   Code   RO         5411    .ARM.Collect$$libinit$$0000000A  c_w.l(libinit2.o)
    0x080001fe   0x00000000   Code   RO         5413    .ARM.Collect$$libinit$$0000000C  c_w.l(libinit2.o)
    0x080001fe   0x00000000   Code   RO         5415    .ARM.Collect$$libinit$$0000000E  c_w.l(libinit2.o)
    0x080001fe   0x00000000   Code   RO         5418    .ARM.Collect$$libinit$$00000011  c_w.l(libinit2.o)
    0x080001fe   0x00000000   Code   RO         5420    .ARM.Collect$$libinit$$00000013  c_w.l(libinit2.o)
    0x080001fe   0x00000000   Code   RO         5422    .ARM.Collect$$libinit$$00000015  c_w.l(libinit2.o)
    0x080001fe   0x00000000   Code   RO         5424    .ARM.Collect$$libinit$$00000017  c_w.l(libinit2.o)
    0x080001fe   0x00000000   Code   RO         5426    .ARM.Collect$$libinit$$00000019  c_w.l(libinit2.o)
    0x080001fe   0x00000000   Code   RO         5428    .ARM.Collect$$libinit$$0000001B  c_w.l(libinit2.o)
    0x080001fe   0x00000000   Code   RO         5430    .ARM.Collect$$libinit$$0000001D  c_w.l(libinit2.o)
    0x080001fe   0x00000000   Code   RO         5432    .ARM.Collect$$libinit$$0000001F  c_w.l(libinit2.o)
    0x080001fe   0x00000000   Code   RO         5434    .ARM.Collect$$libinit$$00000021  c_w.l(libinit2.o)
    0x080001fe   0x00000000   Code   RO         5436    .ARM.Collect$$libinit$$00000023  c_w.l(libinit2.o)
    0x080001fe   0x00000000   Code   RO         5438    .ARM.Collect$$libinit$$00000025  c_w.l(libinit2.o)
    0x080001fe   0x00000000   Code   RO         5442    .ARM.Collect$$libinit$$0000002C  c_w.l(libinit2.o)
    0x080001fe   0x00000000   Code   RO         5444    .ARM.Collect$$libinit$$0000002E  c_w.l(libinit2.o)
    0x080001fe   0x00000000   Code   RO         5446    .ARM.Collect$$libinit$$00000030  c_w.l(libinit2.o)
    0x080001fe   0x00000000   Code   RO         5448    .ARM.Collect$$libinit$$00000032  c_w.l(libinit2.o)
    0x080001fe   0x00000002   Code   RO         5449    .ARM.Collect$$libinit$$00000033  c_w.l(libinit2.o)
    0x08000200   0x00000002   Code   RO         5588    .ARM.Collect$$libshutdown$$00000000  c_w.l(libshutdown.o)
    0x08000202   0x00000000   Code   RO         5548    .ARM.Collect$$libshutdown$$00000002  c_w.l(libshutdown2.o)
    0x08000202   0x00000000   Code   RO         5550    .ARM.Collect$$libshutdown$$00000004  c_w.l(libshutdown2.o)
    0x08000202   0x00000000   Code   RO         5553    .ARM.Collect$$libshutdown$$00000007  c_w.l(libshutdown2.o)
    0x08000202   0x00000000   Code   RO         5556    .ARM.Collect$$libshutdown$$0000000A  c_w.l(libshutdown2.o)
    0x08000202   0x00000000   Code   RO         5558    .ARM.Collect$$libshutdown$$0000000C  c_w.l(libshutdown2.o)
    0x08000202   0x00000000   Code   RO         5561    .ARM.Collect$$libshutdown$$0000000F  c_w.l(libshutdown2.o)
    0x08000202   0x00000002   Code   RO         5562    .ARM.Collect$$libshutdown$$00000010  c_w.l(libshutdown2.o)
    0x08000204   0x00000000   Code   RO         5362    .ARM.Collect$$rtentry$$00000000  c_w.l(__rtentry.o)
    0x08000204   0x00000000   Code   RO         5467    .ARM.Collect$$rtentry$$00000002  c_w.l(__rtentry2.o)
    0x08000204   0x00000006   Code   RO         5479    .ARM.Collect$$rtentry$$00000004  c_w.l(__rtentry4.o)
    0x0800020a   0x00000000   Code   RO         5469    .ARM.Collect$$rtentry$$00000009  c_w.l(__rtentry2.o)
    0x0800020a   0x00000004   Code   RO         5470    .ARM.Collect$$rtentry$$0000000A  c_w.l(__rtentry2.o)
    0x0800020e   0x00000000   Code   RO         5472    .ARM.Collect$$rtentry$$0000000C  c_w.l(__rtentry2.o)
    0x0800020e   0x00000008   Code   RO         5473    .ARM.Collect$$rtentry$$0000000D  c_w.l(__rtentry2.o)
    0x08000216   0x00000002   Code   RO         5537    .ARM.Collect$$rtexit$$00000000  c_w.l(rtexit.o)
    0x08000218   0x00000000   Code   RO         5564    .ARM.Collect$$rtexit$$00000002  c_w.l(rtexit2.o)
    0x08000218   0x00000004   Code   RO         5565    .ARM.Collect$$rtexit$$00000003  c_w.l(rtexit2.o)
    0x0800021c   0x00000006   Code   RO         5566    .ARM.Collect$$rtexit$$00000004  c_w.l(rtexit2.o)
    0x08000222   0x00000002   PAD
    0x08000224   0x00000020   Code   RO         1459    .emb_text           core_cm3.o
    0x08000244   0x00000096   Code   RO         4401    .emb_text           port.o
    0x080002da   0x00000002   PAD
    0x080002dc   0x00000000   Code   RO         5483    .emb_text           c_w.l(maybetermalloc1.o)
    0x080002dc   0x00000040   Code   RO         1472  * .text               startup_stm32f10x_hd.o
    0x0800031c   0x00000002   Code   RO         5209    .text               c_w.l(use_no_semi_2.o)
    0x0800031e   0x0000005e   Code   RO         5215    .text               c_w.l(h1_alloc.o)
    0x0800037c   0x0000004e   Code   RO         5217    .text               c_w.l(h1_free.o)
    0x080003ca   0x00000026   Code   RO         5275    .text               c_w.l(llushr.o)
    0x080003f0   0x00000018   Code   RO         5281    .text               c_w.l(noretval__2printf.o)
    0x08000408   0x00000068   Code   RO         5285    .text               c_w.l(__printf.o)
    0x08000470   0x00000052   Code   RO         5287    .text               c_w.l(_printf_str.o)
    0x080004c2   0x00000002   PAD
    0x080004c4   0x00000078   Code   RO         5289    .text               c_w.l(_printf_dec.o)
    0x0800053c   0x00000080   Code   RO         5316    .text               c_w.l(assert.o)
    0x080005bc   0x00000058   Code   RO         5318    .text               c_w.l(memcmp.o)
    0x08000614   0x00000048   Code   RO         5320    .text               c_w.l(strcpy.o)
    0x0800065c   0x0000008a   Code   RO         5324    .text               c_w.l(rt_memcpy_v6.o)
    0x080006e6   0x00000064   Code   RO         5326    .text               c_w.l(rt_memcpy_w.o)
    0x0800074a   0x00000010   Code   RO         5328    .text               c_w.l(aeabi_memset.o)
    0x0800075a   0x00000044   Code   RO         5330    .text               c_w.l(rt_memclr.o)
    0x0800079e   0x0000004e   Code   RO         5332    .text               c_w.l(rt_memclr_w.o)
    0x080007ec   0x00000006   Code   RO         5334    .text               c_w.l(heapauxi.o)
    0x080007f2   0x00000002   Code   RO         5358    .text               c_w.l(use_no_semi.o)
    0x080007f4   0x00000008   Code   RO         5366    .text               c_w.l(rt_heap_descriptor_intlibspace.o)
    0x080007fc   0x00000004   Code   RO         5368    .text               c_w.l(hguard.o)
    0x08000800   0x0000008a   Code   RO         5370    .text               c_w.l(init_alloc.o)
    0x0800088a   0x0000000e   Code   RO         5374    .text               c_w.l(h1_init.o)
    0x08000898   0x000000b2   Code   RO         5388    .text               c_w.l(_printf_intcommon.o)
    0x0800094a   0x00000002   PAD
    0x0800094c   0x00000030   Code   RO         5390    .text               c_w.l(_printf_char_common.o)
    0x0800097c   0x0000002c   Code   RO         5394    .text               c_w.l(_printf_char.o)
    0x080009a8   0x00000024   Code   RO         5396    .text               c_w.l(_printf_char_file.o)
    0x080009cc   0x00000016   Code   RO         5399    .text               c_w.l(abort.o)
    0x080009e2   0x00000014   Code   RO         5401    .text               c_w.l(assert_puts.o)
    0x080009f6   0x00000002   PAD
    0x080009f8   0x00000008   Code   RO         5463    .text               c_w.l(libspace.o)
    0x08000a00   0x00000034   Code   RO         5485    .text               c_w.l(h1_extend.o)
    0x08000a34   0x00000008   Code   RO         5491    .text               c_w.l(ferror.o)
    0x08000a3c   0x0000000e   Code   RO         5495    .text               c_w.l(defsig_abrt_outer.o)
    0x08000a4a   0x0000000e   Code   RO         5499    .text               c_w.l(defsig_rtmem_outer.o)
    0x08000a58   0x0000004a   Code   RO         5513    .text               c_w.l(sys_stackheap_outer.o)
    0x08000aa2   0x00000012   Code   RO         5519    .text               c_w.l(exit.o)
    0x08000ab4   0x0000000a   Code   RO         5521    .text               c_w.l(defsig_exit.o)
    0x08000abe   0x00000002   PAD
    0x08000ac0   0x00000030   Code   RO         5523    .text               c_w.l(defsig_abrt_inner.o)
    0x08000af0   0x00000050   Code   RO         5525    .text               c_w.l(defsig_rtmem_inner.o)
    0x08000b40   0x00000032   Code   RO         5545    .text               c_w.l(defsig_general.o)
    0x08000b72   0x00000002   PAD
    0x08000b74   0x00000088   Code   RO         1034    i.ADCTRGO           ocpsampling.o
    0x08000bfc   0x00000108   Code   RO            1    i.ADC_Cal           main.o
    0x08000d04   0x00000016   Code   RO         2584    i.ADC_Cmd           stm32f10x_adc.o
    0x08000d1a   0x00000016   Code   RO         2585    i.ADC_DMACmd        stm32f10x_adc.o
    0x08000d30   0x0000005c   Code   RO         2586    i.ADC_DeInit        stm32f10x_adc.o
    0x08000d8c   0x00000016   Code   RO         2589    i.ADC_ExternalTrigConvCmd  stm32f10x_adc.o
    0x08000da2   0x00000014   Code   RO         2592    i.ADC_GetCalibrationStatus  stm32f10x_adc.o
    0x08000db6   0x00000014   Code   RO         2598    i.ADC_GetResetCalibrationStatus  stm32f10x_adc.o
    0x08000dca   0x00000002   PAD
    0x08000dcc   0x00000050   Code   RO         2602    i.ADC_Init          stm32f10x_adc.o
    0x08000e1c   0x000000b8   Code   RO         2606    i.ADC_RegularChannelConfig  stm32f10x_adc.o
    0x08000ed4   0x0000000a   Code   RO         2607    i.ADC_ResetCalibration  stm32f10x_adc.o
    0x08000ede   0x0000000a   Code   RO         2611    i.ADC_StartCalibration  stm32f10x_adc.o
    0x08000ee8   0x00000078   Code   RO         1171    i.AppAdcCalibration  usart.o
    0x08000f60   0x0000012e   Code   RO         1172    i.AppCommonRightRes  usart.o
    0x0800108e   0x00000002   PAD
    0x08001090   0x00000100   Code   RO         1173    i.AppDoor           usart.o
    0x08001190   0x00000028   Code   RO         1174    i.AppEndRespond     usart.o
    0x080011b8   0x0000009c   Code   RO         1175    i.AppHandProtection  usart.o
    0x08001254   0x00000060   Code   RO         1176    i.AppLed            usart.o
    0x080012b4   0x00000080   Code   RO         1177    i.AppLifter         usart.o
    0x08001334   0x00000084   Code   RO         1178    i.AppLocker         usart.o
    0x080013b8   0x0000012e   Code   RO         1179    i.AppOperationRes   usart.o
    0x080014e6   0x00000002   PAD
    0x080014e8   0x00000024   Code   RO         1180    i.AppPingTest       usart.o
    0x0800150c   0x000000f0   Code   RO         1181    i.AppPosCheck       usart.o
    0x080015fc   0x0000017c   Code   RO         1182    i.AppReadDeviceinfor  usart.o
    0x08001778   0x0000002c   Code   RO         1183    i.AppRestDevice     usart.o
    0x080017a4   0x000001e8   Code   RO         1184    i.AppResultRes      usart.o
    0x0800198c   0x00000028   Code   RO         1185    i.AppStartRespond   usart.o
    0x080019b4   0x00000104   Code   RO         1186    i.AppStartUpdata    usart.o
    0x08001ab8   0x00000004   Code   RO          361    i.BusFault_Handler  stm32f10x_it.o
    0x08001abc   0x00000158   Code   RO          466    i.CAN_Configuration  can.o
    0x08001c14   0x00000038   Code   RO         2876    i.CAN_DeInit        stm32f10x_can.o
    0x08001c4c   0x00000108   Code   RO         2878    i.CAN_FilterInit    stm32f10x_can.o
    0x08001d54   0x00000012   Code   RO         2884    i.CAN_ITConfig      stm32f10x_can.o
    0x08001d66   0x00000114   Code   RO         2885    i.CAN_Init          stm32f10x_can.o
    0x08001e7a   0x000000f0   Code   RO         2888    i.CAN_Receive       stm32f10x_can.o
    0x08001f6a   0x00000020   Code   RO         2891    i.CAN_StructInit    stm32f10x_can.o
    0x08001f8a   0x0000001a   Code   RO         1187    i.CalcXORSum        usart.o
    0x08001fa4   0x00000026   Code   RO            3    i.Check1MSTick      main.o
    0x08001fca   0x00000002   PAD
    0x08001fcc   0x00000024   Code   RO         1188    i.CheckPWD          usart.o
    0x08001ff0   0x0000007c   Code   RO         1035    i.DMA1_Channel1_IRQHandler  ocpsampling.o
    0x0800206c   0x00000084   Code   RO         1036    i.DMAInit           ocpsampling.o
    0x080020f0   0x0000001c   Code   RO         2800    i.DMA_ClearFlag     stm32f10x_dma.o
    0x0800210c   0x0000001c   Code   RO         2801    i.DMA_ClearITPendingBit  stm32f10x_dma.o
    0x08002128   0x00000018   Code   RO         2802    i.DMA_Cmd           stm32f10x_dma.o
    0x08002140   0x0000014c   Code   RO         2803    i.DMA_DeInit        stm32f10x_dma.o
    0x0800228c   0x00000008   Code   RO         2804    i.DMA_GetCurrDataCounter  stm32f10x_dma.o
    0x08002294   0x0000002c   Code   RO         2806    i.DMA_GetITStatus   stm32f10x_dma.o
    0x080022c0   0x00000012   Code   RO         2807    i.DMA_ITConfig      stm32f10x_dma.o
    0x080022d2   0x0000003c   Code   RO         2808    i.DMA_Init          stm32f10x_dma.o
    0x0800230e   0x00000004   Code   RO         2809    i.DMA_SetCurrDataCounter  stm32f10x_dma.o
    0x08002312   0x00000002   PAD
    0x08002314   0x00000060   Code   RO          949    i.DS18B20_Check     ds18.o
    0x08002374   0x00000054   Code   RO          951    i.DS18B20_Init      ds18.o
    0x080023c8   0x00000034   Code   RO          952    i.DS18B20_Rst       ds18.o
    0x080023fc   0x00000002   Code   RO          362    i.DebugMon_Handler  stm32f10x_it.o
    0x080023fe   0x0000001c   Code   RO          820    i.DoorDualMode_Running  exdcmotor.o
    0x0800241a   0x00000002   PAD
    0x0800241c   0x00000484   Code   RO          821    i.DoorEnable_Config  exdcmotor.o
    0x080028a0   0x000000d8   Code   RO          822    i.DoorSingleMode_Running  exdcmotor.o
    0x08002978   0x000001c4   Code   RO          823    i.DoorStateCheck    exdcmotor.o
    0x08002b3c   0x00000280   Code   RO          824    i.DoorbacktoOrigin  exdcmotor.o
    0x08002dbc   0x00000078   Code   RO            4    i.EXTI0_IRQHandler  main.o
    0x08002e34   0x00000168   Code   RO            5    i.EXTI15_10_IRQHandler  main.o
    0x08002f9c   0x000000a0   Code   RO            6    i.EXTI1_IRQHandler  main.o
    0x0800303c   0x00000060   Code   RO            7    i.EXTI2_IRQHandler  main.o
    0x0800309c   0x00000028   Code   RO            8    i.EXTI4_IRQHandler  main.o
    0x080030c4   0x00000180   Code   RO            9    i.EXTI9_5_IRQHandler  main.o
    0x08003244   0x0000000c   Code   RO         3405    i.EXTI_ClearFlag    stm32f10x_exti.o
    0x08003250   0x0000000c   Code   RO         3406    i.EXTI_ClearITPendingBit  stm32f10x_exti.o
    0x0800325c   0x00000018   Code   RO         3409    i.EXTI_GetFlagStatus  stm32f10x_exti.o
    0x08003274   0x00000094   Code   RO         3411    i.EXTI_Init         stm32f10x_exti.o
    0x08003308   0x0000000c   Code   RO         3027    i.FLASH_ClearFlag   stm32f10x_flash.o
    0x08003314   0x0000004c   Code   RO         3032    i.FLASH_ErasePage   stm32f10x_flash.o
    0x08003360   0x00000034   Code   RO         3033    i.FLASH_GetBank1Status  stm32f10x_flash.o
    0x08003394   0x0000000e   Code   RO         1436    i.FLASH_If_Init     flash_if.o
    0x080033a2   0x00000002   PAD
    0x080033a4   0x00000014   Code   RO         3042    i.FLASH_Lock        stm32f10x_flash.o
    0x080033b8   0x0000006c   Code   RO         3047    i.FLASH_ProgramWord  stm32f10x_flash.o
    0x08003424   0x00000018   Code   RO         3050    i.FLASH_Unlock      stm32f10x_flash.o
    0x0800343c   0x00000026   Code   RO         3054    i.FLASH_WaitForLastOperation  stm32f10x_flash.o
    0x08003462   0x00000002   PAD
    0x08003464   0x00000098   Code   RO           10    i.FaultProcTimerCallBack  main.o
    0x080034fc   0x00000184   Code   RO         1037    i.FetchingCurrentValue  ocpsampling.o
    0x08003680   0x00000040   Code   RO         1515    i.GPIO_EXTILineConfig  stm32f10x_gpio.o
    0x080036c0   0x00000116   Code   RO         1518    i.GPIO_Init         stm32f10x_gpio.o
    0x080037d6   0x00000002   PAD
    0x080037d8   0x00000090   Code   RO         1520    i.GPIO_PinRemapConfig  stm32f10x_gpio.o
    0x08003868   0x00000012   Code   RO         1522    i.GPIO_ReadInputDataBit  stm32f10x_gpio.o
    0x0800387a   0x00000004   Code   RO         1525    i.GPIO_ResetBits    stm32f10x_gpio.o
    0x0800387e   0x00000004   Code   RO         1526    i.GPIO_SetBits      stm32f10x_gpio.o
    0x08003882   0x00000004   Code   RO          363    i.HardFault_Handler  stm32f10x_it.o
    0x08003886   0x00000002   PAD
    0x08003888   0x0000019c   Code   RO           11    i.InitGlobalSet     main.o
    0x08003a24   0x00000270   Code   RO          825    i.LifterEnable_Config  exdcmotor.o
    0x08003c94   0x00000070   Code   RO          826    i.Lifter_Running    exdcmotor.o
    0x08003d04   0x0000003c   Code   RO          827    i.Lifter_Speed_Update  exdcmotor.o
    0x08003d40   0x00000028   Code   RO         1040    i.LockerChannelEnable  ocpsampling.o
    0x08003d68   0x00000500   Code   RO          829    i.LockerLatch_Config  exdcmotor.o
    0x08004268   0x0000039c   Code   RO          830    i.LockerRelease_Config  exdcmotor.o
    0x08004604   0x00000068   Code   RO          831    i.Locker_Running    exdcmotor.o
    0x0800466c   0x00000040   Code   RO          832    i.Locker_Switching_Init  exdcmotor.o
    0x080046ac   0x00000004   Code   RO          364    i.MemManage_Handler  stm32f10x_it.o
    0x080046b0   0x00000270   Code   RO          834    i.MotorFaultMonitoring  exdcmotor.o
    0x08004920   0x00000908   Code   RO          835    i.MotorProcessMonitoring  exdcmotor.o
    0x08005228   0x000002a4   Code   RO          836    i.Motor_CTRL_Init   exdcmotor.o
    0x080054cc   0x00000002   Code   RO          365    i.NMI_Handler       stm32f10x_it.o
    0x080054ce   0x00000002   PAD
    0x080054d0   0x00000070   Code   RO         1476    i.NVIC_Init         misc.o
    0x08005540   0x00000014   Code   RO         1477    i.NVIC_PriorityGroupConfig  misc.o
    0x08005554   0x000000f8   Code   RO         1041    i.OCPChannel_Init   ocpsampling.o
    0x0800564c   0x000000e4   Code   RO         1042    i.ONPOSITIONChannel_Init  ocpsampling.o
    0x08005730   0x00000034   Code   RO           13    i.PWRInit           main.o
    0x08005764   0x00000264   Code   RO         1189    i.ProcessUpCmd      usart.o
    0x080059c8   0x00000018   Code   RO         1650    i.RCC_ADCCLKConfig  stm32f10x_rcc.o
    0x080059e0   0x00000020   Code   RO         1651    i.RCC_AHBPeriphClockCmd  stm32f10x_rcc.o
    0x08005a00   0x00000020   Code   RO         1652    i.RCC_APB1PeriphClockCmd  stm32f10x_rcc.o
    0x08005a20   0x00000020   Code   RO         1653    i.RCC_APB1PeriphResetCmd  stm32f10x_rcc.o
    0x08005a40   0x00000020   Code   RO         1654    i.RCC_APB2PeriphClockCmd  stm32f10x_rcc.o
    0x08005a60   0x00000020   Code   RO         1655    i.RCC_APB2PeriphResetCmd  stm32f10x_rcc.o
    0x08005a80   0x000000d4   Code   RO         1662    i.RCC_GetClocksFreq  stm32f10x_rcc.o
    0x08005b54   0x000000a8   Code   RO         4556    i.SEGGER_RTT_ConfigDownBuffer  segger_rtt.o
    0x08005bfc   0x000000a8   Code   RO         4557    i.SEGGER_RTT_ConfigUpBuffer  segger_rtt.o
    0x08005ca4   0x00000098   Code   RO         4567    i.SEGGER_RTT_ReadNoLock  segger_rtt.o
    0x08005d3c   0x000000b0   Code   RO         4577    i.SEGGER_RTT_WriteSkipNoLock  segger_rtt.o
    0x08005dec   0x00000028   Code   RO         4478    i.SEGGER_SYSVIEW_Conf  segger_sysview_config_freertos.o
    0x08005e14   0x00000026   Code   RO         4756    i.SEGGER_SYSVIEW_EncodeU32  segger_sysview.o
    0x08005e3a   0x00000002   PAD
    0x08005e3c   0x000000bc   Code   RO         4760    i.SEGGER_SYSVIEW_GetSysDesc  segger_sysview.o
    0x08005ef8   0x00000064   Code   RO         4761    i.SEGGER_SYSVIEW_Init  segger_sysview.o
    0x08005f5c   0x00000034   Code   RO         4764    i.SEGGER_SYSVIEW_OnIdle  segger_sysview.o
    0x08005f90   0x00000064   Code   RO         4765    i.SEGGER_SYSVIEW_OnTaskCreate  segger_sysview.o
    0x08005ff4   0x00000064   Code   RO         4766    i.SEGGER_SYSVIEW_OnTaskStartExec  segger_sysview.o
    0x08006058   0x00000064   Code   RO         4767    i.SEGGER_SYSVIEW_OnTaskStartReady  segger_sysview.o
    0x080060bc   0x0000003c   Code   RO         4787    i.SEGGER_SYSVIEW_RecordSystime  segger_sysview.o
    0x080060f8   0x0000005c   Code   RO         4788    i.SEGGER_SYSVIEW_RecordU32  segger_sysview.o
    0x08006154   0x0000007c   Code   RO         4790    i.SEGGER_SYSVIEW_RecordU32x2  segger_sysview.o
    0x080061d0   0x00000098   Code   RO         4791    i.SEGGER_SYSVIEW_RecordU32x3  segger_sysview.o
    0x08006268   0x00000038   Code   RO         4798    i.SEGGER_SYSVIEW_RecordVoid  segger_sysview.o
    0x080062a0   0x000000ac   Code   RO         4800    i.SEGGER_SYSVIEW_SendModule  segger_sysview.o
    0x0800634c   0x00000024   Code   RO         4801    i.SEGGER_SYSVIEW_SendModuleDescription  segger_sysview.o
    0x08006370   0x00000058   Code   RO         4802    i.SEGGER_SYSVIEW_SendNumModules  segger_sysview.o
    0x080063c8   0x00000034   Code   RO         4803    i.SEGGER_SYSVIEW_SendPacket  segger_sysview.o
    0x080063fc   0x00000048   Code   RO         4804    i.SEGGER_SYSVIEW_SendSysDesc  segger_sysview.o
    0x08006444   0x00000110   Code   RO         4805    i.SEGGER_SYSVIEW_SendTaskInfo  segger_sysview.o
    0x08006554   0x00000020   Code   RO         4806    i.SEGGER_SYSVIEW_SendTaskList  segger_sysview.o
    0x08006574   0x0000000c   Code   RO         4807    i.SEGGER_SYSVIEW_SetRAMBase  segger_sysview.o
    0x08006580   0x00000010   Code   RO         4808    i.SEGGER_SYSVIEW_ShrinkId  segger_sysview.o
    0x08006590   0x00000104   Code   RO         4809    i.SEGGER_SYSVIEW_Start  segger_sysview.o
    0x08006694   0x00000044   Code   RO         4810    i.SEGGER_SYSVIEW_Stop  segger_sysview.o
    0x080066d8   0x00000080   Code   RO         4811    i.SEGGER_SYSVIEW_Warn  segger_sysview.o
    0x08006758   0x000000ac   Code   RO         4496    i.SYSVIEW_AddTask   segger_sysview_freertos.o
    0x08006804   0x00000110   Code   RO         4497    i.SYSVIEW_DeleteTask  segger_sysview_freertos.o
    0x08006914   0x0000004c   Code   RO         4498    i.SYSVIEW_RecordU32x4  segger_sysview_freertos.o
    0x08006960   0x00000032   Code   RO         4500    i.SYSVIEW_SendTaskInfo  segger_sysview_freertos.o
    0x08006992   0x00000166   Code   RO         1190    i.SendErrCode       usart.o
    0x08006af8   0x00000028   Code   RO         1191    i.SendUp            usart.o
    0x08006b20   0x00000008   Code   RO          432    i.SetSysClock       system_stm32f10x.o
    0x08006b28   0x000000e0   Code   RO          433    i.SetSysClockTo72   system_stm32f10x.o
    0x08006c08   0x00000028   Code   RO         1480    i.SysTick_CLKSourceConfig  misc.o
    0x08006c30   0x00000020   Code   RO         1101    i.SysTick_Handler   delay.o
    0x08006c50   0x00000060   Code   RO          435    i.SystemInit        system_stm32f10x.o
    0x08006cb0   0x000001cc   Code   RO         1378    i.TIM1_CC_IRQHandler  timerapp.o
    0x08006e7c   0x0000004c   Code   RO          837    i.TIM2_IRQHandler   exdcmotor.o
    0x08006ec8   0x0000007c   Code   RO         1379    i.TIM6_IRQHandler   timerapp.o
    0x08006f44   0x00000018   Code   RO         2034    i.TIM_ARRPreloadConfig  stm32f10x_tim.o
    0x08006f5c   0x00000006   Code   RO         2040    i.TIM_ClearFlag     stm32f10x_tim.o
    0x08006f62   0x00000006   Code   RO         2041    i.TIM_ClearITPendingBit  stm32f10x_tim.o
    0x08006f68   0x00000018   Code   RO         2046    i.TIM_Cmd           stm32f10x_tim.o
    0x08006f80   0x0000001e   Code   RO         2048    i.TIM_CtrlPWMOutputs  stm32f10x_tim.o
    0x08006f9e   0x00000002   PAD
    0x08006fa0   0x000001e8   Code   RO         2051    i.TIM_DeInit        stm32f10x_tim.o
    0x08007188   0x00000022   Code   RO         2067    i.TIM_GetITStatus   stm32f10x_tim.o
    0x080071aa   0x00000012   Code   RO         2071    i.TIM_ITConfig      stm32f10x_tim.o
    0x080071bc   0x0000000c   Code   RO         2073    i.TIM_InternalClockConfig  stm32f10x_tim.o
    0x080071c8   0x00000098   Code   RO         2075    i.TIM_OC1Init       stm32f10x_tim.o
    0x08007260   0x00000012   Code   RO         2078    i.TIM_OC1PreloadConfig  stm32f10x_tim.o
    0x08007272   0x00000002   PAD
    0x08007274   0x000000a4   Code   RO         2080    i.TIM_OC2Init       stm32f10x_tim.o
    0x08007318   0x0000001a   Code   RO         2083    i.TIM_OC2PreloadConfig  stm32f10x_tim.o
    0x08007332   0x00000002   PAD
    0x08007334   0x000000a0   Code   RO         2085    i.TIM_OC3Init       stm32f10x_tim.o
    0x080073d4   0x00000012   Code   RO         2088    i.TIM_OC3PreloadConfig  stm32f10x_tim.o
    0x080073e6   0x00000002   PAD
    0x080073e8   0x0000007c   Code   RO         2090    i.TIM_OC4Init       stm32f10x_tim.o
    0x08007464   0x0000001a   Code   RO         2092    i.TIM_OC4PreloadConfig  stm32f10x_tim.o
    0x0800747e   0x00000004   Code   RO         2105    i.TIM_SetAutoreload  stm32f10x_tim.o
    0x08007482   0x00000004   Code   RO         2107    i.TIM_SetCompare1   stm32f10x_tim.o
    0x08007486   0x00000004   Code   RO         2108    i.TIM_SetCompare2   stm32f10x_tim.o
    0x0800748a   0x00000004   Code   RO         2109    i.TIM_SetCompare3   stm32f10x_tim.o
    0x0800748e   0x00000006   Code   RO         2110    i.TIM_SetCompare4   stm32f10x_tim.o
    0x08007494   0x000000a4   Code   RO         2117    i.TIM_TimeBaseInit  stm32f10x_tim.o
    0x08007538   0x00000018   Code   RO         2119    i.TIM_UpdateDisableConfig  stm32f10x_tim.o
    0x08007550   0x000000bc   Code   RO         1382    i.Timer1Init        timerapp.o
    0x0800760c   0x00000030   Code   RO         1192    i.USART1_ComSend    usart.o
    0x0800763c   0x0000005c   Code   RO         1193    i.USART1_DMA_Config  usart.o
    0x08007698   0x000000a8   Code   RO         1194    i.USART1_IRQHandler  usart.o
    0x08007740   0x00000018   Code   RO         1854    i.USART_Cmd         stm32f10x_usart.o
    0x08007758   0x00000012   Code   RO         1855    i.USART_DMACmd      stm32f10x_usart.o
    0x0800776a   0x0000001a   Code   RO         1857    i.USART_GetFlagStatus  stm32f10x_usart.o
    0x08007784   0x00000054   Code   RO         1858    i.USART_GetITStatus  stm32f10x_usart.o
    0x080077d8   0x0000004a   Code   RO         1860    i.USART_ITConfig    stm32f10x_usart.o
    0x08007822   0x00000002   PAD
    0x08007824   0x000000d8   Code   RO         1861    i.USART_Init        stm32f10x_usart.o
    0x080078fc   0x00000008   Code   RO         1871    i.USART_SendData    stm32f10x_usart.o
    0x08007904   0x00000044   Code   RO          469    i.USB_LP_CAN1_RX0_IRQHandler  can.o
    0x08007948   0x00000004   Code   RO          366    i.UsageFault_Handler  stm32f10x_it.o
    0x0800794c   0x0000011c   Code   RO         1195    i.UsartFun          usart.o
    0x08007a68   0x000000fc   Code   RO         1043    i.VoltSampling_Init  ocpsampling.o
    0x08007b64   0x00000070   Code   RO         4580    i._DoInit           segger_rtt.o
    0x08007bd4   0x00000044   Code   RO         4815    i._EncodeStr        segger_sysview.o
    0x08007c18   0x00000098   Code   RO         4816    i._HandleIncomingPacket  segger_sysview.o
    0x08007cb0   0x00000006   Code   RO         4817    i._PreparePacket    segger_sysview.o
    0x08007cb6   0x00000002   PAD
    0x08007cb8   0x0000011c   Code   RO         4820    i._SendPacket       segger_sysview.o
    0x08007dd4   0x00000084   Code   RO         4822    i._TrySendOverflowPacket  segger_sysview.o
    0x08007e58   0x0000003e   Code   RO         4502    i._cbGetTime        segger_sysview_freertos.o
    0x08007e96   0x00000002   PAD
    0x08007e98   0x0000005c   Code   RO         4479    i._cbSendSystemDesc  segger_sysview_config_freertos.o
    0x08007ef4   0x00000054   Code   RO         4503    i._cbSendTaskList   segger_sysview_freertos.o
    0x08007f48   0x00000004   Code   RO         1196    i._sys_exit         usart.o
    0x08007f4c   0x00000004   Code   RO         1197    i._ttywrch          usart.o
    0x08007f50   0x0000015c   Code   RO           14    i.adc_processing_task  main.o
    0x080080ac   0x00000028   Code   RO          574    i.allocateBlock     canard.o
    0x080080d4   0x00000120   Code   RO          575    i.bufferBlockPushBytes  canard.o
    0x080081f4   0x00000006   Code   RO          582    i.canardGetLocalNodeID  canard.o
    0x080081fa   0x00000002   PAD
    0x080081fc   0x0000043c   Code   RO          585    i.canardHandleRxFrame  canard.o
    0x08008638   0x00000080   Code   RO          586    i.canardInit        canard.o
    0x080086b8   0x0000002a   Code   RO          589    i.canardReleaseRxTransferPayload  canard.o
    0x080086e2   0x00000002   PAD
    0x080086e4   0x0000005c   Code   RO          591    i.canardSetLocalNodeID  canard.o
    0x08008740   0x0000000c   Code   RO          592    i.computeTransferIDForwardDistance  canard.o
    0x0800874c   0x00000022   Code   RO          594    i.crcAdd            canard.o
    0x0800876e   0x00000032   Code   RO          595    i.crcAddByte        canard.o
    0x080087a0   0x00000036   Code   RO          596    i.crcAddSignature   canard.o
    0x080087d6   0x0000001a   Code   RO          597    i.createBufferBlock  canard.o
    0x080087f0   0x00000030   Code   RO          598    i.createRxState     canard.o
    0x08008820   0x0000005c   Code   RO         1102    i.delay_init        delay.o
    0x0800887c   0x00000048   Code   RO         1104    i.delay_us          delay.o
    0x080088c4   0x00000018   Code   RO         1105    i.delay_xms         delay.o
    0x080088dc   0x0000003c   Code   RO           15    i.door_task         main.o
    0x08008918   0x00000024   Code   RO          602    i.extractDataType   canard.o
    0x0800893c   0x0000001a   Code   RO          603    i.extractTransferType  canard.o
    0x08008956   0x00000002   PAD
    0x08008958   0x0000006c   Code   RO           16    i.faultproc_task    main.o
    0x080089c4   0x00000018   Code   RO          604    i.findRxState       canard.o
    0x080089dc   0x0000001c   Code   RO         1198    i.fputc             usart.o
    0x080089f8   0x00000078   Code   RO          605    i.freeBlock         canard.o
    0x08008a70   0x00000026   Code   RO          607    i.initPoolAllocator  canard.o
    0x08008a96   0x00000002   PAD
    0x08008a98   0x00000034   Code   RO          958    i.inp               ds18.o
    0x08008acc   0x000000c4   Code   RO           17    i.led_mode_shuffle  main.o
    0x08008b90   0x00000030   Code   RO           18    i.led_task          main.o
    0x08008bc0   0x00000030   Code   RO           19    i.lifter_task       main.o
    0x08008bf0   0x000000b4   Code   RO           20    i.locker_task       main.o
    0x08008ca4   0x00000170   Code   RO           21    i.main              main.o
    0x08008e14   0x00000324   Code   RO           22    i.message_task      main.o
    0x08009138   0x0000000e   Code   RO           23    i.monitor_task      main.o
    0x08009146   0x00000002   PAD
    0x08009148   0x000000d4   Code   RO          478    i.onTransferReceived  can.o
    0x0800921c   0x00000034   Code   RO          959    i.outp              ds18.o
    0x08009250   0x00000014   Code   RO         1199    i.positioncheck     usart.o
    0x08009264   0x00000070   Code   RO          610    i.prepareForNextTransfer  canard.o
    0x080092d4   0x00000022   Code   RO          611    i.prependRxState    canard.o
    0x080092f6   0x00000002   PAD
    0x080092f8   0x00000098   Code   RO         3856    i.prvAddCurrentTaskToDelayedList  tasks.o
    0x08009390   0x000000dc   Code   RO         3857    i.prvAddNewTaskToReadyList  tasks.o
    0x0800946c   0x00000064   Code   RO         4222    i.prvCheckForValidListAndQueue  timers.o
    0x080094d0   0x00000064   Code   RO         3858    i.prvCheckTasksWaitingTermination  tasks.o
    0x08009534   0x0000002a   Code   RO         3623    i.prvCopyDataFromQueue  queue.o
    0x0800955e   0x0000007c   Code   RO         3624    i.prvCopyDataToQueue  queue.o
    0x080095da   0x00000012   Code   RO         3859    i.prvDeleteTCB      tasks.o
    0x080095ec   0x00000028   Code   RO         4223    i.prvGetNextExpireTime  timers.o
    0x08009614   0x0000007c   Code   RO         4352    i.prvHeapInit       heap_4.o
    0x08009690   0x00000028   Code   RO         3860    i.prvIdleTask       tasks.o
    0x080096b8   0x0000003a   Code   RO         3626    i.prvInitialiseNewQueue  queue.o
    0x080096f2   0x00000002   PAD
    0x080096f4   0x000000d0   Code   RO         3861    i.prvInitialiseNewTask  tasks.o
    0x080097c4   0x0000006c   Code   RO         4224    i.prvInitialiseNewTimer  timers.o
    0x08009830   0x00000068   Code   RO         3862    i.prvInitialiseTaskLists  tasks.o
    0x08009898   0x00000068   Code   RO         4353    i.prvInsertBlockIntoFreeList  heap_4.o
    0x08009900   0x00000058   Code   RO         4225    i.prvInsertTimerInActiveList  timers.o
    0x08009958   0x0000001a   Code   RO         3627    i.prvIsQueueEmpty   queue.o
    0x08009972   0x0000001e   Code   RO         3628    i.prvIsQueueFull    queue.o
    0x08009990   0x000000a0   Code   RO         3629    i.prvNotifyQueueSetContainer  queue.o
    0x08009a30   0x00000080   Code   RO         4226    i.prvProcessExpiredTimer  timers.o
    0x08009ab0   0x0000012c   Code   RO         4227    i.prvProcessReceivedCommands  timers.o
    0x08009bdc   0x00000074   Code   RO         4228    i.prvProcessTimerOrBlockTask  timers.o
    0x08009c50   0x00000034   Code   RO         3864    i.prvResetNextTaskUnblockTime  tasks.o
    0x08009c84   0x0000002c   Code   RO         4229    i.prvSampleTimeNow  timers.o
    0x08009cb0   0x000000bc   Code   RO         4230    i.prvSwitchTimerLists  timers.o
    0x08009d6c   0x00000070   Code   RO         4402    i.prvTaskExitError  port.o
    0x08009ddc   0x0000001e   Code   RO         3475    i.prvTestWaitCondition  event_groups.o
    0x08009dfa   0x0000001a   Code   RO         4231    i.prvTimerTask      timers.o
    0x08009e14   0x00000092   Code   RO         3630    i.prvUnlockQueue    queue.o
    0x08009ea6   0x00000002   PAD
    0x08009ea8   0x00000154   Code   RO         4354    i.pvPortMalloc      heap_4.o
    0x08009ffc   0x00000020   Code   RO         3868    i.pvTaskIncrementMutexHeldCount  tasks.o
    0x0800a01c   0x00000024   Code   RO         4403    i.pxPortInitialiseStack  port.o
    0x0800a040   0x0000002e   Code   RO          613    i.releaseStatePayload  canard.o
    0x0800a06e   0x00000002   PAD
    0x0800a070   0x000000fc   Code   RO          479    i.shouldAcceptTransfer  can.o
    0x0800a16c   0x000002e4   Code   RO           24    i.start_task        main.o
    0x0800a450   0x0000000c   Code   RO          960    i.tickDelay         ds18.o
    0x0800a45c   0x0000003c   Code   RO          615    i.traverseRxStates  canard.o
    0x0800a498   0x000000b4   Code   RO         1200    i.uart_init         usart.o
    0x0800a54c   0x00000034   Code   RO           25    i.usart_decode_task  main.o
    0x0800a580   0x00000028   Code   RO         3586    i.uxListRemove      list.o
    0x0800a5a8   0x0000001c   Code   RO         3875    i.uxTaskResetEventItemValue  tasks.o
    0x0800a5c4   0x0000001a   Code   RO         3587    i.vListInitialise   list.o
    0x0800a5de   0x00000006   Code   RO         3588    i.vListInitialiseItem  list.o
    0x0800a5e4   0x00000034   Code   RO         3589    i.vListInsert       list.o
    0x0800a618   0x00000018   Code   RO         3590    i.vListInsertEnd    list.o
    0x0800a630   0x00000088   Code   RO         4405    i.vPortEnterCritical  port.o
    0x0800a6b8   0x00000070   Code   RO         4406    i.vPortExitCritical  port.o
    0x0800a728   0x000000b8   Code   RO         4355    i.vPortFree         heap_4.o
    0x0800a7e0   0x00000020   Code   RO         4407    i.vPortSetupTimerInterrupt  port.o
    0x0800a800   0x000000a0   Code   RO         4408    i.vPortValidateInterruptPriority  port.o
    0x0800a8a0   0x00000044   Code   RO         3636    i.vQueueAddToRegistry  queue.o
    0x0800a8e4   0x0000004a   Code   RO         3640    i.vQueueWaitForMessageRestricted  queue.o
    0x0800a92e   0x00000002   PAD
    0x0800a930   0x0000007c   Code   RO         3876    i.vTaskDelay        tasks.o
    0x0800a9ac   0x00000124   Code   RO         3878    i.vTaskDelete       tasks.o
    0x0800aad0   0x0000000c   Code   RO         3882    i.vTaskMissedYield  tasks.o
    0x0800aadc   0x00000054   Code   RO         3884    i.vTaskPlaceOnEventList  tasks.o
    0x0800ab30   0x00000060   Code   RO         3885    i.vTaskPlaceOnEventListRestricted  tasks.o
    0x0800ab90   0x0000007c   Code   RO         3886    i.vTaskPlaceOnUnorderedEventList  tasks.o
    0x0800ac0c   0x000000c0   Code   RO         3887    i.vTaskPriorityInherit  tasks.o
    0x0800accc   0x0000004c   Code   RO         3891    i.vTaskSetTimeOutState  tasks.o
    0x0800ad18   0x000000ac   Code   RO         3892    i.vTaskStartScheduler  tasks.o
    0x0800adc4   0x00000010   Code   RO         3894    i.vTaskSuspendAll   tasks.o
    0x0800add4   0x000000cc   Code   RO         3895    i.vTaskSwitchContext  tasks.o
    0x0800aea0   0x0000001a   Code   RO         3482    i.xEventGroupCreate  event_groups.o
    0x0800aeba   0x00000002   PAD
    0x0800aebc   0x000000e8   Code   RO         3484    i.xEventGroupSetBits  event_groups.o
    0x0800afa4   0x00000158   Code   RO         3487    i.xEventGroupWaitBits  event_groups.o
    0x0800b0fc   0x000000a0   Code   RO         4409    i.xPortStartScheduler  port.o
    0x0800b19c   0x00000034   Code   RO         4410    i.xPortSysTickHandler  port.o
    0x0800b1d0   0x0000006c   Code   RO         3642    i.xQueueCreateCountingSemaphore  queue.o
    0x0800b23c   0x00000074   Code   RO         3645    i.xQueueGenericCreate  queue.o
    0x0800b2b0   0x00000240   Code   RO         3646    i.xQueueGenericReceive  queue.o
    0x0800b4f0   0x000000b0   Code   RO         3647    i.xQueueGenericReset  queue.o
    0x0800b5a0   0x000001f4   Code   RO         3648    i.xQueueGenericSend  queue.o
    0x0800b794   0x00000134   Code   RO         3649    i.xQueueGenericSendFromISR  queue.o
    0x0800b8c8   0x00000120   Code   RO         3650    i.xQueueGiveFromISR  queue.o
    0x0800b9e8   0x000000a0   Code   RO         3896    i.xTaskCheckForTimeOut  tasks.o
    0x0800ba88   0x00000060   Code   RO         3897    i.xTaskCreate       tasks.o
    0x0800bae8   0x00000020   Code   RO         3902    i.xTaskGetSchedulerState  tasks.o
    0x0800bb08   0x0000000c   Code   RO         3903    i.xTaskGetTickCount  tasks.o
    0x0800bb14   0x00000014   Code   RO         3904    i.xTaskGetTickCountFromISR  tasks.o
    0x0800bb28   0x00000168   Code   RO         3905    i.xTaskIncrementTick  tasks.o
    0x0800bc90   0x000000e8   Code   RO         3908    i.xTaskPriorityDisinherit  tasks.o
    0x0800bd78   0x000000b8   Code   RO         3909    i.xTaskRemoveFromEventList  tasks.o
    0x0800be30   0x000000c4   Code   RO         3910    i.xTaskRemoveFromUnorderedEventList  tasks.o
    0x0800bef4   0x00000124   Code   RO         3911    i.xTaskResumeAll    tasks.o
    0x0800c018   0x00000030   Code   RO         4234    i.xTimerCreate      timers.o
    0x0800c048   0x00000074   Code   RO         4235    i.xTimerCreateTimerTask  timers.o
    0x0800c0bc   0x000000a4   Code   RO         4236    i.xTimerGenericCommand  timers.o
    0x0800c160   0x0000005a   Code   RO         5342    x$fpl$dfixu         fz_ws.l(dfixu.o)
    0x0800c1ba   0x0000002e   Code   RO         5347    x$fpl$dflt          fz_ws.l(dflt_clz.o)
    0x0800c1e8   0x00000154   Code   RO         5352    x$fpl$dmul          fz_ws.l(dmul.o)
    0x0800c33c   0x0000009c   Code   RO         5450    x$fpl$dnaninf       fz_ws.l(dnaninf.o)
    0x0800c3d8   0x0000000c   Code   RO         5452    x$fpl$dretinf       fz_ws.l(dretinf.o)
    0x0800c3e4   0x00000000   Code   RO         5460    x$fpl$usenofp       fz_ws.l(usenofp.o)
    0x0800c3e4   0x00000008   Data   RO         4505    .constdata          segger_sysview_freertos.o
    0x0800c3ec   0x0000001a   Data   RO         4826    .constdata          segger_sysview.o
    0x0800c406   0x00000002   PAD
    0x0800c408   0x00000046   Data   RO           27    .conststring        main.o
    0x0800c44e   0x00000002   PAD
    0x0800c450   0x00000056   Data   RO          617    .conststring        canard.o
    0x0800c4a6   0x00000002   PAD
    0x0800c4a8   0x0000017b   Data   RO          838    .conststring        exdcmotor.o
    0x0800c623   0x00000001   PAD
    0x0800c624   0x00000050   Data   RO         4506    .conststring        segger_sysview_freertos.o
    0x0800c674   0x00000020   Data   RO         5589    Region$$Table       anon$$obj.o


    Execution Region ER_RW (Base: 0x20000000, Size: 0x0000012c, Max: 0xffffffff, ABSOLUTE, COMPRESSED[0x00000020])

    Base Addr    Size         Type   Attr      Idx    E Section Name        Object

    0x20000000   0x00000054   Data   RW           28    .data               main.o
    0x20000054   0x00000014   Data   RW          436    .data               system_stm32f10x.o
    0x20000068   0x0000000d   Data   RW          482    .data               can.o
    0x20000075   0x00000003   PAD
    0x20000078   0x00000006   Data   RW          839    .data               exdcmotor.o
    0x2000007e   0x00000004   Data   RW         1106    .data               delay.o
    0x20000082   0x00000002   PAD
    0x20000084   0x0000000c   Data   RW         1202    .data               usart.o
    0x20000090   0x00000014   Data   RW         1682    .data               stm32f10x_rcc.o
    0x200000a4   0x0000003c   Data   RW         3914    .data               tasks.o
    0x200000e0   0x00000014   Data   RW         4244    .data               timers.o
    0x200000f4   0x00000018   Data   RW         4360    .data               heap_4.o
    0x2000010c   0x0000000c   Data   RW         4411    .data               port.o
    0x20000118   0x00000004   Data   RW         4507    .data               segger_sysview_freertos.o
    0x2000011c   0x0000000d   Data   RW         4827    .data               segger_sysview.o


    Execution Region ER_ZI (Base: 0x2000012c, Size: 0x0000a75c, Max: 0xffffffff, ABSOLUTE)

    Base Addr    Size         Type   Attr      Idx    E Section Name        Object

    0x2000012c   0x00000460   Zero   RW           26    .bss                main.o
    0x2000058c   0x00000004   PAD
    0x20000590   0x000004e4   Zero   RW          480    .bss                can.o
    0x20000a74   0x00000040   Zero   RW         3660    .bss                queue.o
    0x20000ab4   0x000002e4   Zero   RW         3913    .bss                tasks.o
    0x20000d98   0x00000028   Zero   RW         4243    .bss                timers.o
    0x20000dc0   0x00002800   Zero   RW         4359    .bss                heap_4.o
    0x200035c0   0x000000a0   Zero   RW         4504    .bss                segger_sysview_freertos.o
    0x20003660   0x000004b8   Zero   RW         4585    .bss                segger_rtt.o
    0x20003b18   0x0000050b   Zero   RW         4825    .bss                segger_sysview.o
    0x20004023   0x00000001   PAD
    0x20004024   0x00000060   Zero   RW         5464    .bss                c_w.l(libspace.o)
    0x20004084   0x00000004   PAD
    0x20004088   0x00006400   Zero   RW         1470    HEAP                startup_stm32f10x_hd.o
    0x2000a488   0x00000400   Zero   RW         1469    STACK               startup_stm32f10x_hd.o


==============================================================================

Image component sizes


      Code (inc. data)   RO Data    RW Data    ZI Data      Debug   Object Name

       876        128          0         13       1252      15673   can.o
      2400        290         86          0          0      21810   canard.o
        32          0          0          0          0        540   core_cm3.o
       220         28          0          4          0       2354   delay.o
       348         38          0          0          0       3194   ds18.o
       632         96          0          0          0      14187   event_groups.o
      9348       1790        379          6          0      14150   exdcmotor.o
        14          0          0          0          0        472   flash_if.o
       752        176          0         24      10240       3939   heap_4.o
       148          0          0          0          0       3142   list.o
      5044       1274         70         84       1120     339516   main.o
       172         22          0          0          0       2073   misc.o
      1548        120          0          0          0       4991   ocpsampling.o
       950        320          0         12          0      10265   port.o
      2800        310          0          0         64      14933   queue.o
       776         54          0          0       1208       8377   segger_rtt.o
      3012        190         26         13       1291      28495   segger_sysview.o
       132         90          0          0          0       1122   segger_sysview_config_freertos.o
       716         40         88          4        160       5844   segger_sysview_freertos.o
        64         26        304          0      26624        808   startup_stm32f10x_hd.o
       482         24          0          0          0       8009   stm32f10x_adc.o
       886         12          0          0          0       4763   stm32f10x_can.o
       546         36          0          0          0       6817   stm32f10x_dma.o
       196         22          0          0          0       2611   stm32f10x_exti.o
       330         38          0          0          0       5404   stm32f10x_flash.o
       512         10          0          0          0       5144   stm32f10x_gpio.o
        20          0          0          0          0       2505   stm32f10x_it.o
       396         56          0         20          0       6719   stm32f10x_rcc.o
      1540        156          0          0          0      15075   stm32f10x_tim.o
       450          6          0          0          0       6244   stm32f10x_usart.o
         0          0          0          0          0         32   sys.o
       328         28          0         20          0       2105   system_stm32f10x.o
      3930        996          0         60        740      31307   tasks.o
       772         76          0          0          0       1828   timerapp.o
      1466        352          0         20         40      10190   timers.o
      4920        210          0         12          0      22094   usart.o

    ----------------------------------------------------------------------
     46820       7014        992        300      42744     626732   Object Totals
         0          0         32          0          0          0   (incl. Generated)
        62          0          7          8          5          0   (incl. Padding)

    ----------------------------------------------------------------------

      Code (inc. data)   RO Data    RW Data    ZI Data      Debug   Library Member Name

        90          0          0          0          0          0   __dczerorl2.o
         8          0          0          0          0         68   __main.o
       104          0          0          0          0         84   __printf.o
         0          0          0          0          0          0   __rtentry.o
        12          0          0          0          0          0   __rtentry2.o
         6          0          0          0          0          0   __rtentry4.o
        52          8          0          0          0          0   __scatter.o
        28          0          0          0          0          0   __scatter_zi.o
        44          0          0          0          0        108   _printf_char.o
        48          6          0          0          0         96   _printf_char_common.o
        36          4          0          0          0         80   _printf_char_file.o
         6          0          0          0          0          0   _printf_d.o
       120         16          0          0          0         92   _printf_dec.o
       178          0          0          0          0         88   _printf_intcommon.o
         0          0          0          0          0          0   _printf_percent.o
         4          0          0          0          0          0   _printf_percent_end.o
         6          0          0          0          0          0   _printf_s.o
        82          0          0          0          0         80   _printf_str.o
        22          0          0          0          0         80   abort.o
        16          0          0          0          0         68   aeabi_memset.o
       128         42          0          0          0         76   assert.o
        20          0          0          0          0         76   assert_puts.o
        48         34          0          0          0         76   defsig_abrt_inner.o
        14          0          0          0          0         80   defsig_abrt_outer.o
        10          0          0          0          0         68   defsig_exit.o
        50          0          0          0          0         88   defsig_general.o
        80         58          0          0          0         76   defsig_rtmem_inner.o
        14          0          0          0          0         80   defsig_rtmem_outer.o
        18          0          0          0          0         80   exit.o
         8          0          0          0          0         68   ferror.o
        94          0          0          0          0         80   h1_alloc.o
        52          0          0          0          0         68   h1_extend.o
        78          0          0          0          0         80   h1_free.o
        14          0          0          0          0         84   h1_init.o
         6          0          0          0          0        152   heapauxi.o
         4          0          0          0          0        136   hguard.o
       138          0          0          0          0        168   init_alloc.o
         2          0          0          0          0          0   libinit.o
        10          0          0          0          0          0   libinit2.o
         2          0          0          0          0          0   libshutdown.o
         2          0          0          0          0          0   libshutdown2.o
         8          4          0          0         96         68   libspace.o
        38          0          0          0          0         68   llushr.o
         0          0          0          0          0          0   maybetermalloc1.o
        88          0          0          0          0         76   memcmp.o
        24          4          0          0          0         84   noretval__2printf.o
         8          4          0          0          0         68   rt_heap_descriptor_intlibspace.o
        68          0          0          0          0         68   rt_memclr.o
        78          0          0          0          0         80   rt_memclr_w.o
       138          0          0          0          0         68   rt_memcpy_v6.o
       100          0          0          0          0         80   rt_memcpy_w.o
         2          0          0          0          0          0   rtexit.o
        10          0          0          0          0          0   rtexit2.o
        72          0          0          0          0         80   strcpy.o
        74          0          0          0          0         80   sys_stackheap_outer.o
         2          0          0          0          0         68   use_no_semi.o
         2          0          0          0          0         68   use_no_semi_2.o
        90          4          0          0          0         92   dfixu.o
        46          0          0          0          0         68   dflt_clz.o
       340         12          0          0          0        104   dmul.o
       156          4          0          0          0         92   dnaninf.o
        12          0          0          0          0         68   dretinf.o
         0          0          0          0          0          0   usenofp.o

    ----------------------------------------------------------------------
      3024        200          0          0        100       3760   Library Totals
        14          0          0          0          4          0   (incl. Padding)

    ----------------------------------------------------------------------

      Code (inc. data)   RO Data    RW Data    ZI Data      Debug   Library Name

      2366        180          0          0         96       3336   c_w.l
       644         20          0          0          0        424   fz_ws.l

    ----------------------------------------------------------------------
      3024        200          0          0        100       3760   Library Totals

    ----------------------------------------------------------------------

==============================================================================


      Code (inc. data)   RO Data    RW Data    ZI Data      Debug   

     49844       7214        992        300      42844     611196   Grand Totals
     49844       7214        992         32      42844     611196   ELF Image Totals (compressed)
     49844       7214        992         32          0          0   ROM Totals

==============================================================================

    Total RO  Size (Code + RO Data)                50836 (  49.64kB)
    Total RW  Size (RW Data + ZI Data)             43144 (  42.13kB)
    Total ROM Size (Code + RO Data + RW Data)      50868 (  49.68kB)

==============================================================================

