Component: ARM Compiler 5.06 update 4 (build 422) Tool: armlink [4d35d2]

==============================================================================

Section Cross References

    main.o(i.EXTI0_IRQHandler) refers to stm32f10x_exti.o(i.EXTI_GetFlagStatus) for EXTI_GetFlagStatus
    main.o(i.EXTI0_IRQHandler) refers to stm32f10x_exti.o(i.EXTI_ClearITPendingBit) for EXTI_ClearITPendingBit
    main.o(i.EXTI0_IRQHandler) refers to stm32f10x_exti.o(i.EXTI_ClearFlag) for EXTI_ClearFlag
    main.o(i.EXTI0_IRQHandler) refers to stm32f10x_gpio.o(i.GPIO_ReadInputDataBit) for GPIO_ReadInputDataBit
    main.o(i.EXTI0_IRQHandler) refers to exdcmotor.o(i.DoorSingleMode_Running) for DoorSingleMode_Running
    main.o(i.EXTI0_IRQHandler) refers to noretval__2printf.o(.text) for __2printf
    main.o(i.EXTI0_IRQHandler) refers to main.o(.bss) for .bss
    main.o(i.EXTI15_10_IRQHandler) refers to stm32f10x_exti.o(i.EXTI_GetFlagStatus) for EXTI_GetFlagStatus
    main.o(i.EXTI15_10_IRQHandler) refers to stm32f10x_exti.o(i.EXTI_ClearITPendingBit) for EXTI_ClearITPendingBit
    main.o(i.EXTI15_10_IRQHandler) refers to stm32f10x_exti.o(i.EXTI_ClearFlag) for EXTI_ClearFlag
    main.o(i.EXTI15_10_IRQHandler) refers to stm32f10x_gpio.o(i.GPIO_ReadInputDataBit) for GPIO_ReadInputDataBit
    main.o(i.EXTI15_10_IRQHandler) refers to exdcmotor.o(i.DoorSingleMode_Running) for DoorSingleMode_Running
    main.o(i.EXTI15_10_IRQHandler) refers to stm32f10x_tim.o(i.TIM_Cmd) for TIM_Cmd
    main.o(i.EXTI15_10_IRQHandler) refers to stm32f10x_tim.o(i.TIM_ITConfig) for TIM_ITConfig
    main.o(i.EXTI15_10_IRQHandler) refers to main.o(.bss) for .bss
    main.o(i.EXTI1_IRQHandler) refers to stm32f10x_exti.o(i.EXTI_GetFlagStatus) for EXTI_GetFlagStatus
    main.o(i.EXTI1_IRQHandler) refers to stm32f10x_exti.o(i.EXTI_ClearITPendingBit) for EXTI_ClearITPendingBit
    main.o(i.EXTI1_IRQHandler) refers to stm32f10x_exti.o(i.EXTI_ClearFlag) for EXTI_ClearFlag
    main.o(i.EXTI1_IRQHandler) refers to stm32f10x_gpio.o(i.GPIO_ReadInputDataBit) for GPIO_ReadInputDataBit
    main.o(i.EXTI1_IRQHandler) refers to exdcmotor.o(i.DoorSingleMode_Running) for DoorSingleMode_Running
    main.o(i.EXTI1_IRQHandler) refers to main.o(.bss) for .bss
    main.o(i.EXTI2_IRQHandler) refers to stm32f10x_exti.o(i.EXTI_GetFlagStatus) for EXTI_GetFlagStatus
    main.o(i.EXTI2_IRQHandler) refers to stm32f10x_exti.o(i.EXTI_ClearFlag) for EXTI_ClearFlag
    main.o(i.EXTI2_IRQHandler) refers to stm32f10x_exti.o(i.EXTI_ClearITPendingBit) for EXTI_ClearITPendingBit
    main.o(i.EXTI2_IRQHandler) refers to stm32f10x_gpio.o(i.GPIO_ReadInputDataBit) for GPIO_ReadInputDataBit
    main.o(i.EXTI2_IRQHandler) refers to stm32f10x_tim.o(i.TIM_Cmd) for TIM_Cmd
    main.o(i.EXTI2_IRQHandler) refers to stm32f10x_tim.o(i.TIM_ITConfig) for TIM_ITConfig
    main.o(i.EXTI2_IRQHandler) refers to main.o(.bss) for .bss
    main.o(i.EXTI4_IRQHandler) refers to stm32f10x_exti.o(i.EXTI_GetFlagStatus) for EXTI_GetFlagStatus
    main.o(i.EXTI4_IRQHandler) refers to stm32f10x_exti.o(i.EXTI_ClearITPendingBit) for EXTI_ClearITPendingBit
    main.o(i.EXTI4_IRQHandler) refers to stm32f10x_exti.o(i.EXTI_ClearFlag) for EXTI_ClearFlag
    main.o(i.EXTI4_IRQHandler) refers to stm32f10x_gpio.o(i.GPIO_ReadInputDataBit) for GPIO_ReadInputDataBit
    main.o(i.EXTI9_5_IRQHandler) refers to stm32f10x_exti.o(i.EXTI_GetFlagStatus) for EXTI_GetFlagStatus
    main.o(i.EXTI9_5_IRQHandler) refers to stm32f10x_exti.o(i.EXTI_ClearITPendingBit) for EXTI_ClearITPendingBit
    main.o(i.EXTI9_5_IRQHandler) refers to stm32f10x_exti.o(i.EXTI_ClearFlag) for EXTI_ClearFlag
    main.o(i.EXTI9_5_IRQHandler) refers to stm32f10x_gpio.o(i.GPIO_ReadInputDataBit) for GPIO_ReadInputDataBit
    main.o(i.EXTI9_5_IRQHandler) refers to exdcmotor.o(i.Lifter_Running) for Lifter_Running
    main.o(i.EXTI9_5_IRQHandler) refers to exdcmotor.o(i.DoorSingleMode_Running) for DoorSingleMode_Running
    main.o(i.EXTI9_5_IRQHandler) refers to main.o(.bss) for .bss
    main.o(i.FaultProcTimerCallBack) refers to exdcmotor.o(i.DoorSingleMode_Running) for DoorSingleMode_Running
    main.o(i.FaultProcTimerCallBack) refers to main.o(.bss) for .bss
    main.o(i.InitGlobalSet) refers to main.o(.bss) for .bss
    main.o(i.PWRInit) refers to stm32f10x_rcc.o(i.RCC_APB2PeriphClockCmd) for RCC_APB2PeriphClockCmd
    main.o(i.PWRInit) refers to stm32f10x_gpio.o(i.GPIO_Init) for GPIO_Init
    main.o(i.adc_processing_task) refers to queue.o(i.xQueueGenericReceive) for xQueueGenericReceive
    main.o(i.adc_processing_task) refers to ocpsampling.o(i.FetchingCurrentValue) for FetchingCurrentValue
    main.o(i.adc_processing_task) refers to stm32f10x_adc.o(i.ADC_Cmd) for ADC_Cmd
    main.o(i.adc_processing_task) refers to stm32f10x_dma.o(i.DMA_Cmd) for DMA_Cmd
    main.o(i.adc_processing_task) refers to stm32f10x_tim.o(i.TIM_Cmd) for TIM_Cmd
    main.o(i.adc_processing_task) refers to tasks.o(i.vTaskDelay) for vTaskDelay
[...]
    CAN1_SCE_IRQHandler                      0x080002af   Thumb Code     0  startup_stm32f10x_hd.o(.text)
    DMA1_Channel2_IRQHandler                 0x080002af   Thumb Code     0  startup_stm32f10x_hd.o(.text)
    DMA1_Channel3_IRQHandler                 0x080002af   Thumb Code     0  startup_stm32f10x_hd.o(.text)
    DMA1_Channel4_IRQHandler                 0x080002af   Thumb Code     0  startup_stm32f10x_hd.o(.text)
    DMA1_Channel5_IRQHandler                 0x080002af   Thumb Code     0  startup_stm32f10x_hd.o(.text)
    DMA1_Channel6_IRQHandler                 0x080002af   Thumb Code     0  startup_stm32f10x_hd.o(.text)
    DMA1_Channel7_IRQHandler                 0x080002af   Thumb Code     0  startup_stm32f10x_hd.o(.text)
    DMA2_Channel1_IRQHandler                 0x080002af   Thumb Code     0  startup_stm32f10x_hd.o(.text)
    DMA2_Channel2_IRQHandler                 0x080002af   Thumb Code     0  startup_stm32f10x_hd.o(.text)
    DMA2_Channel3_IRQHandler                 0x080002af   Thumb Code     0  startup_stm32f10x_hd.o(.text)
    DMA2_Channel4_5_IRQHandler               0x080002af   Thumb Code     0  startup_stm32f10x_hd.o(.text)
    EXTI3_IRQHandler                         0x080002af   Thumb Code     0  startup_stm32f10x_hd.o(.text)
    FLASH_IRQHandler                         0x080002af   Thumb Code     0  startup_stm32f10x_hd.o(.text)
    FSMC_IRQHandler                          0x080002af   Thumb Code     0  startup_stm32f10x_hd.o(.text)
    I2C1_ER_IRQHandler                       0x080002af   Thumb Code     0  startup_stm32f10x_hd.o(.text)
    I2C1_EV_IRQHandler                       0x080002af   Thumb Code     0  startup_stm32f10x_hd.o(.text)
    I2C2_ER_IRQHandler                       0x080002af   Thumb Code     0  startup_stm32f10x_hd.o(.text)
    I2C2_EV_IRQHandler                       0x080002af   Thumb Code     0  startup_stm32f10x_hd.o(.text)
    PVD_IRQHandler                           0x080002af   Thumb Code     0  startup_stm32f10x_hd.o(.text)
    RCC_IRQHandler                           0x080002af   Thumb Code     0  startup_stm32f10x_hd.o(.text)
    RTCAlarm_IRQHandler                      0x080002af   Thumb Code     0  startup_stm32f10x_hd.o(.text)
    RTC_IRQHandler                           0x080002af   Thumb Code     0  startup_stm32f10x_hd.o(.text)
    SDIO_IRQHandler                          0x080002af   Thumb Code     0  startup_stm32f10x_hd.o(.text)
    SPI1_IRQHandler                          0x080002af   Thumb Code     0  startup_stm32f10x_hd.o(.text)
    SPI2_IRQHandler                          0x080002af   Thumb Code     0  startup_stm32f10x_hd.o(.text)
    SPI3_IRQHandler                          0x080002af   Thumb Code     0  startup_stm32f10x_hd.o(.text)
    TAMPER_IRQHandler                        0x080002af   Thumb Code     0  startup_stm32f10x_hd.o(.text)
    TIM1_BRK_IRQHandler                      0x080002af   Thumb Code     0  startup_stm32f10x_hd.o(.text)
    TIM1_TRG_COM_IRQHandler                  0x080002af   Thumb Code     0  startup_stm32f10x_hd.o(.text)
    TIM1_UP_IRQHandler                       0x080002af   Thumb Code     0  startup_stm32f10x_hd.o(.text)
    TIM3_IRQHandler                          0x080002af   Thumb Code     0  startup_stm32f10x_hd.o(.text)
    TIM4_IRQHandler                          0x080002af   Thumb Code     0  startup_stm32f10x_hd.o(.text)
    TIM5_IRQHandler                          0x080002af   Thumb Code     0  startup_stm32f10x_hd.o(.text)
    TIM7_IRQHandler                          0x080002af   Thumb Code     0  startup_stm32f10x_hd.o(.text)
    TIM8_BRK_IRQHandler                      0x080002af   Thumb Code     0  startup_stm32f10x_hd.o(.text)
    TIM8_CC_IRQHandler                       0x080002af   Thumb Code     0  startup_stm32f10x_hd.o(.text)
    TIM8_TRG_COM_IRQHandler                  0x080002af   Thumb Code     0  startup_stm32f10x_hd.o(.text)
    TIM8_UP_IRQHandler                       0x080002af   Thumb Code     0  startup_stm32f10x_hd.o(.text)
    UART4_IRQHandler                         0x080002af   Thumb Code     0  startup_stm32f10x_hd.o(.text)
    UART5_IRQHandler                         0x080002af   Thumb Code     0  startup_stm32f10x_hd.o(.text)
    USART2_IRQHandler                        0x080002af   Thumb Code     0  startup_stm32f10x_hd.o(.text)
    USART3_IRQHandler                        0x080002af   Thumb Code     0  startup_stm32f10x_hd.o(.text)
    USBWakeUp_IRQHandler                     0x080002af   Thumb Code     0  startup_stm32f10x_hd.o(.text)
    USB_HP_CAN1_TX_IRQHandler                0x080002af   Thumb Code     0  startup_stm32f10x_hd.o(.text)
    WWDG_IRQHandler                          0x080002af   Thumb Code     0  startup_stm32f10x_hd.o(.text)
    __user_initial_stackheap                 0x080002b1   Thumb Code     0  startup_stm32f10x_hd.o(.text)
    __use_no_semihosting                     0x080002d5   Thumb Code     2  use_no_semi_2.o(.text)
    __aeabi_llsr                             0x080002d7   Thumb Code     0  llushr.o(.text)
    _ll_ushift_r                             0x080002d7   Thumb Code    38  llushr.o(.text)
    __2printf                                0x080002fd   Thumb Code    20  noretval__2printf.o(.text)
    __printf                                 0x08000315   Thumb Code   104  __printf.o(.text)
    _printf_str                              0x0800037d   Thumb Code    82  _printf_str.o(.text)
    _printf_int_dec                          0x080003d1   Thumb Code   104  _printf_dec.o(.text)
    abort                                    0x08000449   Thumb Code    22  abort.o(.text)
    memcmp                                   0x0800045f   Thumb Code    88  memcmp.o(.text)
    strcpy                                   0x080004b7   Thumb Code    72  strcpy.o(.text)
    __aeabi_memcpy                           0x080004ff   Thumb Code     0  rt_memcpy_v6.o(.text)
    __rt_memcpy                              0x080004ff   Thumb Code   138  rt_memcpy_v6.o(.text)
    _memcpy_lastbytes                        0x08000565   Thumb Code     0  rt_memcpy_v6.o(.text)
    __aeabi_memcpy4                          0x08000589   Thumb Code     0  rt_memcpy_w.o(.text)
    __aeabi_memcpy8                          0x08000589   Thumb Code     0  rt_memcpy_w.o(.text)
    __rt_memcpy_w                            0x08000589   Thumb Code   100  rt_memcpy_w.o(.text)
    _memcpy_lastbytes_aligned                0x080005d1   Thumb Code     0  rt_memcpy_w.o(.text)
    __aeabi_memset                           0x080005ed   Thumb Code    16  aeabi_memset.o(.text)
    __aeabi_memclr                           0x080005fd   Thumb Code     0  rt_memclr.o(.text)
    __rt_memclr                              0x080005fd   Thumb Code    68  rt_memclr.o(.text)
    _memset                                  0x08000601   Thumb Code     0  rt_memclr.o(.text)
    __aeabi_memclr4                          0x08000641   Thumb Code     0  rt_memclr_w.o(.text)
    __aeabi_memclr8                          0x08000641   Thumb Code     0  rt_memclr_w.o(.text)
    __rt_memclr_w                            0x08000641   Thumb Code    78  rt_memclr_w.o(.text)
    _memset_w                                0x08000645   Thumb Code     0  rt_memclr_w.o(.text)
    __use_two_region_memory                  0x0800068f   Thumb Code     2  heapauxi.o(.text)
    __rt_heap_escrow$2region                 0x08000691   Thumb Code     2  heapauxi.o(.text)
    __rt_heap_expand$2region                 0x08000693   Thumb Code     2  heapauxi.o(.text)
    __I$use$semihosting                      0x08000695   Thumb Code     0  use_no_semi.o(.text)
    __use_no_semihosting_swi                 0x08000695   Thumb Code     2  use_no_semi.o(.text)
    _printf_int_common                       0x08000697   Thumb Code   178  _printf_intcommon.o(.text)
    _printf_char_common                      0x08000753   Thumb Code    32  _printf_char_common.o(.text)
    _printf_cs_common                        0x08000779   Thumb Code    20  _printf_char.o(.text)
    _printf_char                             0x0800078d   Thumb Code    16  _printf_char.o(.text)
    _printf_string                           0x0800079d   Thumb Code     8  _printf_char.o(.text)
    _printf_char_file                        0x080007a5   Thumb Code    32  _printf_char_file.o(.text)
    __rt_SIGABRT                             0x080007c9   Thumb Code    14  defsig_abrt_outer.o(.text)
    ferror                                   0x080007d7   Thumb Code     8  ferror.o(.text)
    __sig_exit                               0x080007df   Thumb Code    10  defsig_exit.o(.text)
    __rt_SIGABRT_inner                       0x080007e9   Thumb Code    14  defsig_abrt_inner.o(.text)
    __user_setup_stackheap                   0x08000819   Thumb Code    74  sys_stackheap_outer.o(.text)
    exit                                     0x08000863   Thumb Code    18  exit.o(.text)
    __default_signal_display                 0x08000875   Thumb Code    50  defsig_general.o(.text)
    __user_libspace                          0x080008a9   Thumb Code     8  libspace.o(.text)
    __user_perproc_libspace                  0x080008a9   Thumb Code     0  libspace.o(.text)
    __user_perthread_libspace                0x080008a9   Thumb Code     0  libspace.o(.text)
    ADCTRGO                                  0x080008b1   Thumb Code   124  ocpsampling.o(i.ADCTRGO)
    ADC_Cmd                                  0x08000939   Thumb Code    20  stm32f10x_adc.o(i.ADC_Cmd)
    ADC_DMACmd                               0x0800094d   Thumb Code    20  stm32f10x_adc.o(i.ADC_DMACmd)
    ADC_DeInit                               0x08000961   Thumb Code    56  stm32f10x_adc.o(i.ADC_DeInit)
    ADC_ExternalTrigConvCmd                  0x080009a5   Thumb Code    20  stm32f10x_adc.o(i.ADC_ExternalTrigConvCmd)
    ADC_GetCalibrationStatus                 0x080009b9   Thumb Code    14  stm32f10x_adc.o(i.ADC_GetCalibrationStatus)
    ADC_GetResetCalibrationStatus            0x080009c7   Thumb Code    14  stm32f10x_adc.o(i.ADC_GetResetCalibrationStatus)
    ADC_Init                                 0x080009d5   Thumb Code    62  stm32f10x_adc.o(i.ADC_Init)
    ADC_RegularChannelConfig                 0x08000a1d   Thumb Code   116  stm32f10x_adc.o(i.ADC_RegularChannelConfig)
    ADC_ResetCalibration                     0x08000a91   Thumb Code    10  stm32f10x_adc.o(i.ADC_ResetCalibration)
    ADC_StartCalibration                     0x08000a9b   Thumb Code    10  stm32f10x_adc.o(i.ADC_StartCalibration)
    AppCommonRightRes                        0x08000aa5   Thumb Code    92  usart.o(i.AppCommonRightRes)
    AppDoor                                  0x08000b01   Thumb Code   136  usart.o(i.AppDoor)
    AppEndRespond                            0x08000b91   Thumb Code    26  usart.o(i.AppEndRespond)
    AppLed                                   0x08000bb1   Thumb Code    28  usart.o(i.AppLed)
    AppLifter                                0x08000bd1   Thumb Code    86  usart.o(i.AppLifter)
    AppLocker                                0x08000c31   Thumb Code   100  usart.o(i.AppLocker)
    AppOperationRes                          0x08000c9d   Thumb Code    94  usart.o(i.AppOperationRes)
    AppPingTest                              0x08000cfd   Thumb Code    22  usart.o(i.AppPingTest)
    AppPosCheck                              0x08000d19   Thumb Code   196  usart.o(i.AppPosCheck)
    AppReadDeviceinfor                       0x08000df5   Thumb Code   176  usart.o(i.AppReadDeviceinfor)
    AppRestDevice                            0x08000ea9   Thumb Code    26  usart.o(i.AppRestDevice)
    AppResultRes                             0x08000ecd   Thumb Code   174  usart.o(i.AppResultRes)
    AppStartRespond                          0x08000f7d   Thumb Code    26  usart.o(i.AppStartRespond)
    AppStartUpdata                           0x08000f9d   Thumb Code   202  usart.o(i.AppStartUpdata)
    BusFault_Handler                         0x08001071   Thumb Code     2  stm32f10x_it.o(i.BusFault_Handler)
    CAN_Configuration                        0x08001075   Thumb Code   272  can.o(i.CAN_Configuration)
    CAN_DeInit                               0x08001199   Thumb Code    38  stm32f10x_can.o(i.CAN_DeInit)
    CAN_FilterInit                           0x080011c5   Thumb Code   194  stm32f10x_can.o(i.CAN_FilterInit)
    CAN_ITConfig                             0x08001291   Thumb Code    16  stm32f10x_can.o(i.CAN_ITConfig)
    CAN_Init                                 0x080012a1   Thumb Code   232  stm32f10x_can.o(i.CAN_Init)
    CAN_Receive                              0x08001389   Thumb Code   144  stm32f10x_can.o(i.CAN_Receive)
    CAN_StructInit                           0x08001419   Thumb Code    32  stm32f10x_can.o(i.CAN_StructInit)
    CalcXORSum                               0x08001439   Thumb Code    24  usart.o(i.CalcXORSum)
    Check1MSTick                             0x08001451   Thumb Code    24  main.o(i.Check1MSTick)
    CheckPWD                                 0x08001469   Thumb Code    34  usart.o(i.CheckPWD)
    DMA1_Channel1_IRQHandler                 0x08001491   Thumb Code   102  ocpsampling.o(i.DMA1_Channel1_IRQHandler)
    DMAInit                                  0x08001511   Thumb Code   112  ocpsampling.o(i.DMAInit)
    DMA_ClearFlag                            0x0800158d   Thumb Code    16  stm32f10x_dma.o(i.DMA_ClearFlag)
    DMA_ClearITPendingBit                    0x080015a5   Thumb Code    16  stm32f10x_dma.o(i.DMA_ClearITPendingBit)
    DMA_Cmd                                  0x080015bd   Thumb Code    22  stm32f10x_dma.o(i.DMA_Cmd)
    DMA_DeInit                               0x080015d5   Thumb Code   218  stm32f10x_dma.o(i.DMA_DeInit)
    DMA_GetCurrDataCounter                   0x080016b9   Thumb Code     6  stm32f10x_dma.o(i.DMA_GetCurrDataCounter)
    DMA_GetITStatus                          0x080016c1   Thumb Code    24  stm32f10x_dma.o(i.DMA_GetITStatus)
    DMA_ITConfig                             0x080016e1   Thumb Code    16  stm32f10x_dma.o(i.DMA_ITConfig)
    DMA_Init                                 0x080016f1   Thumb Code    58  stm32f10x_dma.o(i.DMA_Init)
    DMA_SetCurrDataCounter                   0x0800172b   Thumb Code     4  stm32f10x_dma.o(i.DMA_SetCurrDataCounter)
    DS18B20_Check                            0x08001731   Thumb Code    90  ds18.o(i.DS18B20_Check)
    DS18B20_Init                             0x08001791   Thumb Code    74  ds18.o(i.DS18B20_Init)
    DS18B20_Rst                              0x080017e5   Thumb Code    48  ds18.o(i.DS18B20_Rst)
    DebugMon_Handler                         0x08001819   Thumb Code     2  stm32f10x_it.o(i.DebugMon_Handler)
    DoorDualMode_Running                     0x0800181b   Thumb Code    26  exdcmotor.o(i.DoorDualMode_Running)
    DoorEnable_Config                        0x08001835   Thumb Code   520  exdcmotor.o(i.DoorEnable_Config)
    DoorSingleMode_Running                   0x08001a49   Thumb Code   174  exdcmotor.o(i.DoorSingleMode_Running)
    DoorStateCheck                           0x08001b01   Thumb Code   234  exdcmotor.o(i.DoorStateCheck)
    DoorbacktoOrigin                         0x08001bf9   Thumb Code   408  exdcmotor.o(i.DoorbacktoOrigin)
    EXTI0_IRQHandler                         0x08001da9   Thumb Code    72  main.o(i.EXTI0_IRQHandler)
    EXTI15_10_IRQHandler                     0x08001e19   Thumb Code   246  main.o(i.EXTI15_10_IRQHandler)
    EXTI1_IRQHandler                         0x08001f21   Thumb Code    76  main.o(i.EXTI1_IRQHandler)
    EXTI2_IRQHandler                         0x08001f75   Thumb Code    82  main.o(i.EXTI2_IRQHandler)
    EXTI4_IRQHandler                         0x08001fd5   Thumb Code    38  main.o(i.EXTI4_IRQHandler)
    EXTI9_5_IRQHandler                       0x08002001   Thumb Code   210  main.o(i.EXTI9_5_IRQHandler)
    EXTI_ClearFlag                           0x080020e1   Thumb Code     6  stm32f10x_exti.o(i.EXTI_ClearFlag)
    EXTI_ClearITPendingBit                   0x080020ed   Thumb Code     6  stm32f10x_exti.o(i.EXTI_ClearITPendingBit)
    EXTI_GetFlagStatus                       0x080020f9   Thumb Code    16  stm32f10x_exti.o(i.EXTI_GetFlagStatus)
    EXTI_Init                                0x0800210d   Thumb Code   108  stm32f10x_exti.o(i.EXTI_Init)
    FLASH_ClearFlag                          0x0800217d   Thumb Code     6  stm32f10x_flash.o(i.FLASH_ClearFlag)
    FLASH_ErasePage                          0x08002189   Thumb Code    56  stm32f10x_flash.o(i.FLASH_ErasePage)
    FLASH_GetBank1Status                     0x080021c5   Thumb Code    34  stm32f10x_flash.o(i.FLASH_GetBank1Status)
    FLASH_Lock                               0x080021ed   Thumb Code    12  stm32f10x_flash.o(i.FLASH_Lock)
    FLASH_ProgramWord                        0x080021fd   Thumb Code    76  stm32f10x_flash.o(i.FLASH_ProgramWord)
    FLASH_Unlock                             0x0800224d   Thumb Code    12  stm32f10x_flash.o(i.FLASH_Unlock)
    FLASH_WaitForLastOperation               0x08002265   Thumb Code    36  stm32f10x_flash.o(i.FLASH_WaitForLastOperation)
    FaultProcTimerCallBack                   0x08002289   Thumb Code    54  main.o(i.FaultProcTimerCallBack)
    FetchingCurrentValue                     0x080022c5   Thumb Code   104  ocpsampling.o(i.FetchingCurrentValue)
    GPIO_EXTILineConfig                      0x08002339   Thumb Code    34  stm32f10x_gpio.o(i.GPIO_EXTILineConfig)
    GPIO_Init                                0x08002361   Thumb Code   162  stm32f10x_gpio.o(i.GPIO_Init)
    GPIO_PinRemapConfig                      0x08002405   Thumb Code    82  stm32f10x_gpio.o(i.GPIO_PinRemapConfig)
    GPIO_ReadInputDataBit                    0x0800245d   Thumb Code    14  stm32f10x_gpio.o(i.GPIO_ReadInputDataBit)
    GPIO_ResetBits                           0x0800246b   Thumb Code     4  stm32f10x_gpio.o(i.GPIO_ResetBits)
    GPIO_SetBits                             0x0800246f   Thumb Code     4  stm32f10x_gpio.o(i.GPIO_SetBits)
    HardFault_Handler                        0x08002473   Thumb Code     2  stm32f10x_it.o(i.HardFault_Handler)
    InitGlobalSet                            0x08002475   Thumb Code   176  main.o(i.InitGlobalSet)
    LifterEnable_Config                      0x0800254d   Thumb Code   366  exdcmotor.o(i.LifterEnable_Config)
    Lifter_Running                           0x08002709   Thumb Code    98  exdcmotor.o(i.Lifter_Running)
    Lifter_Speed_Update                      0x08002775   Thumb Code    48  exdcmotor.o(i.Lifter_Speed_Update)
    LockerChannelEnable                      0x080027a9   Thumb Code    34  ocpsampling.o(i.LockerChannelEnable)
    LockerLatch_Config                       0x080027d1   Thumb Code   526  exdcmotor.o(i.LockerLatch_Config)
    LockerRelease_Config                     0x080029f5   Thumb Code   410  exdcmotor.o(i.LockerRelease_Config)
    Locker_Running                           0x08002ba9   Thumb Code    66  exdcmotor.o(i.Locker_Running)
    Locker_Switching_Init                    0x08002bf1   Thumb Code    50  exdcmotor.o(i.Locker_Switching_Init)
    MemManage_Handler                        0x08002c2d   Thumb Code     2  stm32f10x_it.o(i.MemManage_Handler)
    MotorFaultMonitoring                     0x08002c31   Thumb Code   352  exdcmotor.o(i.MotorFaultMonitoring)
    MotorProcessMonitoring                   0x08002da5   Thumb Code  1134  exdcmotor.o(i.MotorProcessMonitoring)
    Motor_CTRL_Init                          0x08003219   Thumb Code   614  exdcmotor.o(i.Motor_CTRL_Init)
    NMI_Handler                              0x080034b5   Thumb Code     2  stm32f10x_it.o(i.NMI_Handler)
    NVIC_Init                                0x080034b9   Thumb Code    94  misc.o(i.NVIC_Init)
    NVIC_PriorityGroupConfig                 0x0800351d   Thumb Code    10  misc.o(i.NVIC_PriorityGroupConfig)
    OCPChannel_Init                          0x08003531   Thumb Code   226  ocpsampling.o(i.OCPChannel_Init)
    ONPOSITIONChannel_Init                   0x08003621   Thumb Code   200  ocpsampling.o(i.ONPOSITIONChannel_Init)
    PWRInit                                  0x080036fd   Thumb Code    46  main.o(i.PWRInit)
    ProcessUpCmd                             0x08003735   Thumb Code   386  usart.o(i.ProcessUpCmd)
    RCC_ADCCLKConfig                         0x080038c1   Thumb Code    14  stm32f10x_rcc.o(i.RCC_ADCCLKConfig)
    RCC_AHBPeriphClockCmd                    0x080038d5   Thumb Code    18  stm32f10x_rcc.o(i.RCC_AHBPeriphClockCmd)
    RCC_APB1PeriphClockCmd                   0x080038ed   Thumb Code    18  stm32f10x_rcc.o(i.RCC_APB1PeriphClockCmd)
    RCC_APB1PeriphResetCmd                   0x08003905   Thumb Code    18  stm32f10x_rcc.o(i.RCC_APB1PeriphResetCmd)
    RCC_APB2PeriphClockCmd                   0x0800391d   Thumb Code    18  stm32f10x_rcc.o(i.RCC_APB2PeriphClockCmd)
    RCC_APB2PeriphResetCmd                   0x08003935   Thumb Code    18  stm32f10x_rcc.o(i.RCC_APB2PeriphResetCmd)
    RCC_GetClocksFreq                        0x0800394d   Thumb Code   128  stm32f10x_rcc.o(i.RCC_GetClocksFreq)
    SEGGER_RTT_ConfigDownBuffer              0x080039dd   Thumb Code    90  segger_rtt.o(i.SEGGER_RTT_ConfigDownBuffer)
    SEGGER_RTT_ConfigUpBuffer                0x08003a3d   Thumb Code    90  segger_rtt.o(i.SEGGER_RTT_ConfigUpBuffer)
    SEGGER_RTT_ReadNoLock                    0x08003a9d   Thumb Code   116  segger_rtt.o(i.SEGGER_RTT_ReadNoLock)
    SEGGER_RTT_WriteSkipNoLock               0x08003b15   Thumb Code   110  segger_rtt.o(i.SEGGER_RTT_WriteSkipNoLock)
    SEGGER_SYSVIEW_Conf                      0x08003b89   Thumb Code    28  segger_sysview_config_freertos.o(i.SEGGER_SYSVIEW_Conf)
    SEGGER_SYSVIEW_EncodeU32                 0x08003bb1   Thumb Code    24  segger_sysview.o(i.SEGGER_SYSVIEW_EncodeU32)
    SEGGER_SYSVIEW_GetSysDesc                0x08003bc9   Thumb Code   122  segger_sysview.o(i.SEGGER_SYSVIEW_GetSysDesc)
    SEGGER_SYSVIEW_Init                      0x08003c49   Thumb Code    72  segger_sysview.o(i.SEGGER_SYSVIEW_Init)
    SEGGER_SYSVIEW_OnIdle                    0x08003ca9   Thumb Code    30  segger_sysview.o(i.SEGGER_SYSVIEW_OnIdle)
    SEGGER_SYSVIEW_OnTaskCreate              0x08003ccd   Thumb Code    64  segger_sysview.o(i.SEGGER_SYSVIEW_OnTaskCreate)
    SEGGER_SYSVIEW_OnTaskStartExec           0x08003d11   Thumb Code    64  segger_sysview.o(i.SEGGER_SYSVIEW_OnTaskStartExec)
    SEGGER_SYSVIEW_OnTaskStartReady          0x08003d55   Thumb Code    64  segger_sysview.o(i.SEGGER_SYSVIEW_OnTaskStartReady)
    SEGGER_SYSVIEW_RecordSystime             0x08003d99   Thumb Code    42  segger_sysview.o(i.SEGGER_SYSVIEW_RecordSystime)
    SEGGER_SYSVIEW_RecordU32                 0x08003dcd   Thumb Code    54  segger_sysview.o(i.SEGGER_SYSVIEW_RecordU32)
    SEGGER_SYSVIEW_RecordU32x2               0x08003e09   Thumb Code    76  segger_sysview.o(i.SEGGER_SYSVIEW_RecordU32x2)
    SEGGER_SYSVIEW_RecordU32x3               0x08003e59   Thumb Code   102  segger_sysview.o(i.SEGGER_SYSVIEW_RecordU32x3)
    SEGGER_SYSVIEW_RecordVoid                0x08003ec5   Thumb Code    30  segger_sysview.o(i.SEGGER_SYSVIEW_RecordVoid)
    SEGGER_SYSVIEW_SendModule                0x08003ee9   Thumb Code   112  segger_sysview.o(i.SEGGER_SYSVIEW_SendModule)
    SEGGER_SYSVIEW_SendModuleDescription     0x08003f61   Thumb Code    22  segger_sysview.o(i.SEGGER_SYSVIEW_SendModuleDescription)
    SEGGER_SYSVIEW_SendNumModules            0x08003f7d   Thumb Code    56  segger_sysview.o(i.SEGGER_SYSVIEW_SendNumModules)
    SEGGER_SYSVIEW_SendPacket                0x08003fbd   Thumb Code    28  segger_sysview.o(i.SEGGER_SYSVIEW_SendPacket)
    SEGGER_SYSVIEW_SendSysDesc               0x08003fd9   Thumb Code    42  segger_sysview.o(i.SEGGER_SYSVIEW_SendSysDesc)
    SEGGER_SYSVIEW_SendTaskInfo              0x08004009   Thumb Code   198  segger_sysview.o(i.SEGGER_SYSVIEW_SendTaskInfo)
    SEGGER_SYSVIEW_SendTaskList              0x080040d5   Thumb Code    18  segger_sysview.o(i.SEGGER_SYSVIEW_SendTaskList)
    SEGGER_SYSVIEW_SetRAMBase                0x080040ed   Thumb Code     6  segger_sysview.o(i.SEGGER_SYSVIEW_SetRAMBase)
    SEGGER_SYSVIEW_ShrinkId                  0x080040f9   Thumb Code    10  segger_sysview.o(i.SEGGER_SYSVIEW_ShrinkId)
    SEGGER_SYSVIEW_Start                     0x08004109   Thumb Code   172  segger_sysview.o(i.SEGGER_SYSVIEW_Start)
    SEGGER_SYSVIEW_Stop                      0x080041bd   Thumb Code    42  segger_sysview.o(i.SEGGER_SYSVIEW_Stop)
    SEGGER_SYSVIEW_Warn                      0x080041ed   Thumb Code    54  segger_sysview.o(i.SEGGER_SYSVIEW_Warn)
    SYSVIEW_AddTask                          0x08004229   Thumb Code    90  segger_sysview_freertos.o(i.SYSVIEW_AddTask)
    SYSVIEW_DeleteTask                       0x08004299   Thumb Code   108  segger_sysview_freertos.o(i.SYSVIEW_DeleteTask)
    SYSVIEW_RecordU32x4                      0x0800430d   Thumb Code    50  segger_sysview_freertos.o(i.SYSVIEW_RecordU32x4)
    SYSVIEW_SendTaskInfo                     0x0800433f   Thumb Code    42  segger_sysview_freertos.o(i.SYSVIEW_SendTaskInfo)
    SendErrCode                              0x08004369   Thumb Code   110  usart.o(i.SendErrCode)
    SendUp                                   0x080043d9   Thumb Code    20  usart.o(i.SendUp)
    SysTick_CLKSourceConfig                  0x08004499   Thumb Code    24  misc.o(i.SysTick_CLKSourceConfig)
    SysTick_Handler                          0x080044b1   Thumb Code    24  delay.o(i.SysTick_Handler)
    SystemInit                               0x080044cd   Thumb Code    64  system_stm32f10x.o(i.SystemInit)
    TIM1_CC_IRQHandler                       0x0800451d   Thumb Code   310  timerapp.o(i.TIM1_CC_IRQHandler)
    TIM2_IRQHandler                          0x0800469d   Thumb Code    68  exdcmotor.o(i.TIM2_IRQHandler)
    TIM6_IRQHandler                          0x080046e5   Thumb Code    74  timerapp.o(i.TIM6_IRQHandler)
    TIM_ARRPreloadConfig                     0x08004765   Thumb Code    20  stm32f10x_tim.o(i.TIM_ARRPreloadConfig)
    TIM_ClearFlag                            0x08004779   Thumb Code     6  stm32f10x_tim.o(i.TIM_ClearFlag)
    TIM_ClearITPendingBit                    0x0800477f   Thumb Code     6  stm32f10x_tim.o(i.TIM_ClearITPendingBit)
    TIM_Cmd                                  0x08004785   Thumb Code    20  stm32f10x_tim.o(i.TIM_Cmd)
    TIM_CtrlPWMOutputs                       0x08004799   Thumb Code    22  stm32f10x_tim.o(i.TIM_CtrlPWMOutputs)
    TIM_DeInit                               0x080047b1   Thumb Code   304  stm32f10x_tim.o(i.TIM_DeInit)
    TIM_GetITStatus                          0x08004921   Thumb Code    24  stm32f10x_tim.o(i.TIM_GetITStatus)
    TIM_ITConfig                             0x08004939   Thumb Code    16  stm32f10x_tim.o(i.TIM_ITConfig)
    TIM_InternalClockConfig                  0x08004949   Thumb Code    10  stm32f10x_tim.o(i.TIM_InternalClockConfig)
    TIM_OC1Init                              0x08004955   Thumb Code   106  stm32f10x_tim.o(i.TIM_OC1Init)
    TIM_OC1PreloadConfig                     0x080049d5   Thumb Code    12  stm32f10x_tim.o(i.TIM_OC1PreloadConfig)
    TIM_OC2Init                              0x080049e1   Thumb Code   120  stm32f10x_tim.o(i.TIM_OC2Init)
    TIM_OC2PreloadConfig                     0x08004a61   Thumb Code    20  stm32f10x_tim.o(i.TIM_OC2PreloadConfig)
    TIM_OC3Init                              0x08004a75   Thumb Code   116  stm32f10x_tim.o(i.TIM_OC3Init)
    TIM_OC3PreloadConfig                     0x08004af1   Thumb Code    12  stm32f10x_tim.o(i.TIM_OC3PreloadConfig)
    TIM_OC4Init                              0x08004afd   Thumb Code    90  stm32f10x_tim.o(i.TIM_OC4Init)
    TIM_OC4PreloadConfig                     0x08004b61   Thumb Code    20  stm32f10x_tim.o(i.TIM_OC4PreloadConfig)
    TIM_SetAutoreload                        0x08004b75   Thumb Code     4  stm32f10x_tim.o(i.TIM_SetAutoreload)
    TIM_SetCompare1                          0x08004b79   Thumb Code     4  stm32f10x_tim.o(i.TIM_SetCompare1)
    TIM_SetCompare2                          0x08004b7d   Thumb Code     4  stm32f10x_tim.o(i.TIM_SetCompare2)
    TIM_SetCompare3                          0x08004b81   Thumb Code     4  stm32f10x_tim.o(i.TIM_SetCompare3)
    TIM_SetCompare4                          0x08004b85   Thumb Code     6  stm32f10x_tim.o(i.TIM_SetCompare4)
    TIM_TimeBaseInit                         0x08004b8d   Thumb Code   114  stm32f10x_tim.o(i.TIM_TimeBaseInit)
    TIM_UpdateDisableConfig                  0x08004c29   Thumb Code    20  stm32f10x_tim.o(i.TIM_UpdateDisableConfig)
    Timer1Init                               0x08004c3d   Thumb Code   170  timerapp.o(i.Timer1Init)
    USART1_ComSend                           0x08004cf5   Thumb Code    46  usart.o(i.USART1_ComSend)
    USART1_DMA_Config                        0x08004d29   Thumb Code    74  usart.o(i.USART1_DMA_Config)
    USART1_IRQHandler                        0x08004d81   Thumb Code   142  usart.o(i.USART1_IRQHandler)
    USART_Cmd                                0x08004e25   Thumb Code    20  stm32f10x_usart.o(i.USART_Cmd)
    USART_DMACmd                             0x08004e39   Thumb Code    16  stm32f10x_usart.o(i.USART_DMACmd)
    USART_GetFlagStatus                      0x08004e49   Thumb Code    14  stm32f10x_usart.o(i.USART_GetFlagStatus)
    USART_GetITStatus                        0x08004e57   Thumb Code    62  stm32f10x_usart.o(i.USART_GetITStatus)
    USART_ITConfig                           0x08004e95   Thumb Code    48  stm32f10x_usart.o(i.USART_ITConfig)
    USART_Init                               0x08004ec5   Thumb Code   166  stm32f10x_usart.o(i.USART_Init)
    USART_SendData                           0x08004f71   Thumb Code     8  stm32f10x_usart.o(i.USART_SendData)
    USB_LP_CAN1_RX0_IRQHandler               0x08004f79   Thumb Code    50  can.o(i.USB_LP_CAN1_RX0_IRQHandler)
    UsageFault_Handler                       0x08004fb9   Thumb Code     2  stm32f10x_it.o(i.UsageFault_Handler)
    UsartFun                                 0x08004fbd   Thumb Code   108  usart.o(i.UsartFun)
    VoltSampling_Init                        0x08005035   Thumb Code   232  ocpsampling.o(i.VoltSampling_Init)
    _sys_exit                                0x08005455   Thumb Code     2  usart.o(i._sys_exit)
    _ttywrch                                 0x08005457   Thumb Code     2  usart.o(i._ttywrch)
    adc_processing_task                      0x08005459   Thumb Code    88  main.o(i.adc_processing_task)
    canardHandleRxFrame                      0x080055d5   Thumb Code   810  canard.o(i.canardHandleRxFrame)
    canardInit                               0x08005905   Thumb Code    94  canard.o(i.canardInit)
    canardReleaseRxTransferPayload           0x08005963   Thumb Code    36  canard.o(i.canardReleaseRxTransferPayload)
    canardSetLocalNodeID                     0x08005987   Thumb Code    22  canard.o(i.canardSetLocalNodeID)
    delay_init                               0x08005a3d   Thumb Code    60  delay.o(i.delay_init)
    delay_us                                 0x08005a85   Thumb Code    48  delay.o(i.delay_us)
    delay_xms                                0x08005ab9   Thumb Code    26  delay.o(i.delay_xms)
    door_task                                0x08005ad5   Thumb Code    38  main.o(i.door_task)
    faultproc_task                           0x08005b19   Thumb Code    38  main.o(i.faultproc_task)
    fputc                                    0x08005b55   Thumb Code    18  usart.o(i.fputc)
    inp                                      0x08005b85   Thumb Code    38  ds18.o(i.inp)
    lifter_task                              0x08005bb5   Thumb Code    38  main.o(i.lifter_task)
    locker_task                              0x08005be1   Thumb Code   134  main.o(i.locker_task)
    main                                     0x08005c71   Thumb Code   182  main.o(i.main)
    message_task                             0x08005da5   Thumb Code   506  main.o(i.message_task)
    monitor_task                             0x08005fa9   Thumb Code    12  main.o(i.monitor_task)
    outp                                     0x08006059   Thumb Code    38  ds18.o(i.outp)
    positioncheck                            0x08006089   Thumb Code    16  usart.o(i.positioncheck)
    pvPortMalloc                             0x0800694d   Thumb Code   214  heap_4.o(i.pvPortMalloc)
    pvTaskIncrementMutexHeldCount            0x08006a61   Thumb Code    18  tasks.o(i.pvTaskIncrementMutexHeldCount)
    pxPortInitialiseStack                    0x08006a79   Thumb Code    32  port.o(i.pxPortInitialiseStack)
    start_task                               0x08006b75   Thumb Code   262  main.o(i.start_task)
    uart_init                                0x08006d7d   Thumb Code   174  usart.o(i.uart_init)
    usart_decode_task                        0x08006e35   Thumb Code    44  main.o(i.usart_decode_task)
    uxListRemove                             0x08006e65   Thumb Code    36  list.o(i.uxListRemove)
    uxTaskResetEventItemValue                0x08006e89   Thumb Code    20  tasks.o(i.uxTaskResetEventItemValue)
    vListInitialise                          0x08006ea1   Thumb Code    22  list.o(i.vListInitialise)
    vListInitialiseItem                      0x08006eb7   Thumb Code     6  list.o(i.vListInitialiseItem)
    vListInsert                              0x08006ebd   Thumb Code    48  list.o(i.vListInsert)
    vListInsertEnd                           0x08006eed   Thumb Code    24  list.o(i.vListInsertEnd)
    vPortEnterCritical                       0x08006f05   Thumb Code    50  port.o(i.vPortEnterCritical)
    vPortExitCritical                        0x08006f7d   Thumb Code    34  port.o(i.vPortExitCritical)
    vPortFree                                0x08006fe1   Thumb Code    94  heap_4.o(i.vPortFree)
    vPortSetupTimerInterrupt                 0x0800707d   Thumb Code    26  port.o(i.vPortSetupTimerInterrupt)
    vPortValidateInterruptPriority           0x0800709d   Thumb Code    70  port.o(i.vPortValidateInterruptPriority)
    vQueueAddToRegistry                      0x08007129   Thumb Code    50  queue.o(i.vQueueAddToRegistry)
    vQueueWaitForMessageRestricted           0x08007161   Thumb Code    68  queue.o(i.vQueueWaitForMessageRestricted)
    vTaskDelay                               0x080071a5   Thumb Code    70  tasks.o(i.vTaskDelay)
    vTaskDelete                              0x08007219   Thumb Code   172  tasks.o(i.vTaskDelete)
    vTaskMissedYield                         0x080072f9   Thumb Code     8  tasks.o(i.vTaskMissedYield)
    vTaskPlaceOnEventList                    0x08007305   Thumb Code    44  tasks.o(i.vTaskPlaceOnEventList)
    vTaskPlaceOnEventListRestricted          0x08007359   Thumb Code    58  tasks.o(i.vTaskPlaceOnEventListRestricted)
    vTaskPlaceOnUnorderedEventList           0x080073bd   Thumb Code    72  tasks.o(i.vTaskPlaceOnUnorderedEventList)
    vTaskPriorityInherit                     0x0800742d   Thumb Code   146  tasks.o(i.vTaskPriorityInherit)
    vTaskSetTimeOutState                     0x080074c9   Thumb Code    30  tasks.o(i.vTaskSetTimeOutState)
    vTaskStartScheduler                      0x08007511   Thumb Code    96  tasks.o(i.vTaskStartScheduler)
    vTaskSuspendAll                          0x080075a5   Thumb Code    10  tasks.o(i.vTaskSuspendAll)
    vTaskSwitchContext                       0x080075b5   Thumb Code   110  tasks.o(i.vTaskSwitchContext)
    xEventGroupCreate                        0x08007659   Thumb Code    26  event_groups.o(i.xEventGroupCreate)
    xEventGroupSetBits                       0x08007675   Thumb Code   132  event_groups.o(i.xEventGroupSetBits)
    xEventGroupWaitBits                      0x08007725   Thumb Code   242  event_groups.o(i.xEventGroupWaitBits)
    xPortStartScheduler                      0x08007849   Thumb Code   102  port.o(i.xPortStartScheduler)
    xPortSysTickHandler                      0x080078bd   Thumb Code    38  port.o(i.xPortSysTickHandler)
    xQueueCreateCountingSemaphore            0x080078e9   Thumb Code    54  queue.o(i.xQueueCreateCountingSemaphore)
    xQueueGenericCreate                      0x08007945   Thumb Code    94  queue.o(i.xQueueGenericCreate)
    xQueueGenericReceive                     0x080079c9   Thumb Code   432  queue.o(i.xQueueGenericReceive)
    xQueueGenericReset                       0x08007ba1   Thumb Code   128  queue.o(i.xQueueGenericReset)
    xQueueGenericSend                        0x08007c49   Thumb Code   364  queue.o(i.xQueueGenericSend)
    xQueueGenericSendFromISR                 0x08007ddd   Thumb Code   222  queue.o(i.xQueueGenericSendFromISR)
    xQueueGiveFromISR                        0x08007ee1   Thumb Code   196  queue.o(i.xQueueGiveFromISR)
    xTaskCheckForTimeOut                     0x08007fc9   Thumb Code    94  tasks.o(i.xTaskCheckForTimeOut)
    xTaskCreate                              0x08008051   Thumb Code    86  tasks.o(i.xTaskCreate)
    xTaskGetSchedulerState                   0x080080a9   Thumb Code    22  tasks.o(i.xTaskGetSchedulerState)
    xTaskGetTickCount                        0x080080c5   Thumb Code     6  tasks.o(i.xTaskGetTickCount)
    xTaskGetTickCountFromISR                 0x080080d1   Thumb Code    12  tasks.o(i.xTaskGetTickCountFromISR)
    xTaskIncrementTick                       0x080080e1   Thumb Code   194  tasks.o(i.xTaskIncrementTick)
    xTaskPriorityDisinherit                  0x080081d1   Thumb Code   154  tasks.o(i.xTaskPriorityDisinherit)
    xTaskRemoveFromEventList                 0x08008299   Thumb Code   108  tasks.o(i.xTaskRemoveFromEventList)
    xTaskRemoveFromUnorderedEventList        0x08008335   Thumb Code   114  tasks.o(i.xTaskRemoveFromUnorderedEventList)
    xTaskResumeAll                           0x080083d5   Thumb Code   186  tasks.o(i.xTaskResumeAll)
    xTimerCreate                             0x080084c1   Thumb Code    74  timers.o(i.xTimerCreate)
    xTimerCreateTimerTask                    0x08008535   Thumb Code    58  timers.o(i.xTimerCreateTimerTask)
    xTimerGenericCommand                     0x080085a9   Thumb Code    98  timers.o(i.xTimerGenericCommand)
    __aeabi_d2uiz                            0x08008639   Thumb Code     0  dfixu.o(x$fpl$dfixu)
    _dfixu                                   0x08008639   Thumb Code    90  dfixu.o(x$fpl$dfixu)
    __aeabi_ui2d                             0x08008693   Thumb Code     0  dflt_clz.o(x$fpl$dfltu)
    _dfltu                                   0x08008693   Thumb Code    38  dflt_clz.o(x$fpl$dfltu)
    __aeabi_dmul                             0x080086b9   Thumb Code     0  dmul.o(x$fpl$dmul)
    _dmul                                    0x080086b9   Thumb Code   332  dmul.o(x$fpl$dmul)
    __fpl_dnaninf                            0x0800880d   Thumb Code   156  dnaninf.o(x$fpl$dnaninf)
    __fpl_dretinf                            0x080088a9   Thumb Code    12  dretinf.o(x$fpl$dretinf)
    SYSVIEW_X_OS_TraceAPI                    0x080088b4   Data           8  segger_sysview_freertos.o(.constdata)
    __I$use$fp                               0x080088b4   Number         0  usenofp.o(x$fpl$usenofp)
    Region$$Table$$Base                      0x08008928   Number         0  anon$$obj.o(Region$$Table)
    Region$$Table$$Limit                     0x08008948   Number         0  anon$$obj.o(Region$$Table)
    num                                      0x20000000   Data           4  main.o(.data)
    errcode                                  0x20000004   Data           4  main.o(.data)
    EventGroupHandle                         0x20000008   Data           4  main.o(.data)
    BinarySemaphore_USART                    0x2000000c   Data           4  main.o(.data)
    BinarySemaphore_ADCDATA                  0x20000010   Data           4  main.o(.data)
    FaultProcTimer_Handle                    0x20000014   Data           4  main.o(.data)
    StartTask_Handler                        0x20000018   Data           4  main.o(.data)
    MonitorTask_Handler                      0x2000001c   Data           4  main.o(.data)
    MsgTask_Handler                          0x20000020   Data           4  main.o(.data)
    DoorTask_Handler                         0x20000024   Data           4  main.o(.data)
    LifterTask_Handler                       0x20000028   Data           4  main.o(.data)
    LockerTask_Handler                       0x2000002c   Data           4  main.o(.data)
    UsartTask_Handler                        0x20000030   Data           4  main.o(.data)
    ADCTask_Handler                          0x20000034   Data           4  main.o(.data)
    SystemCoreClock                          0x20000038   Data           4  system_stm32f10x.o(.data)
    AHBPrescTable                            0x2000003c   Data          16  system_stm32f10x.o(.data)
    RX_FLAG                                  0x2000004c   Data           1  can.o(.data)
    transfer_id                              0x2000004d   Data           1  can.o(.data)
    CAN_RX_LEN                               0x2000004e   Data           2  can.o(.data)
    flash_hex_baseaddr                       0x20000050   Data           4  can.o(.data)
    speed                                    0x20000058   Data           4  exdcmotor.o(.data)
    cmd                                      0x20000060   Data           1  usart.o(.data)
    __stdout                                 0x20000068   Data           4  usart.o(.data)
    pxCurrentTCB                             0x20000080   Data           4  tasks.o(.data)
    gGlobal                                  0x20000108   Data        1100  main.o(.bss)
    CAN_rx_buf                               0x20000558   Data          50  can.o(.bss)
    CAN_tx_buf                               0x2000058a   Data          50  can.o(.bss)
    canard                                   0x200005bc   Data          36  can.o(.bss)
    canard_memory_pool                       0x200005e0   Data        1024  can.o(.bss)
    RxMessage                                0x20000a00   Data          20  can.o(.bss)
    xQueueRegistry                           0x20000a14   Data          64  queue.o(.bss)
    _SEGGER_RTT                              0x20003600   Data         168  segger_rtt.o(.bss)
    __libspace_start                         0x20003fc4   Data          96  libspace.o(.bss)
    __temporary_stack_top$libspace           0x20004024   Data           0  libspace.o(.bss)



==============================================================================

Memory Map of the image

  Image Entry point : 0x08000295

  Load Region LR_1 (Base: 0x08000000, Size: 0x00008a50, Max: 0xffffffff, ABSOLUTE)

    Execution Region ER_RO (Base: 0x08000000, Size: 0x00008948, Max: 0xffffffff, ABSOLUTE)

    Base Addr    Size         Type   Attr      Idx    E Section Name        Object

    0x08000000   0x00000130   Data   RO         1353    RESET               startup_stm32f10x_hd.o
    0x08000130   0x00000008   Code   RO         5086  * !!!main             c_w.l(__main.o)
    0x08000138   0x00000034   Code   RO         5293    !!!scatter          c_w.l(__scatter.o)
    0x0800016c   0x0000001a   Code   RO         5295    !!handler_copy      c_w.l(__scatter_copy.o)
    0x08000186   0x00000002   PAD
    0x08000188   0x0000001c   Code   RO         5297    !!handler_zi        c_w.l(__scatter_zi.o)
    0x080001a4   0x00000000   Code   RO         5065    .ARM.Collect$$_printf_percent$$00000000  c_w.l(_printf_percent.o)
    0x080001a4   0x00000006   Code   RO         5063    .ARM.Collect$$_printf_percent$$00000009  c_w.l(_printf_d.o)
    0x080001aa   0x00000006   Code   RO         5062    .ARM.Collect$$_printf_percent$$00000014  c_w.l(_printf_s.o)
    0x080001b0   0x00000004   Code   RO         5121    .ARM.Collect$$_printf_percent$$00000017  c_w.l(_printf_percent_end.o)
    0x080001b4   0x00000002   Code   RO         5179    .ARM.Collect$$libinit$$00000000  c_w.l(libinit.o)
    0x080001b6   0x00000000   Code   RO         5188    .ARM.Collect$$libinit$$00000002  c_w.l(libinit2.o)
    0x080001b6   0x00000000   Code   RO         5190    .ARM.Collect$$libinit$$00000004  c_w.l(libinit2.o)
    0x080001b6   0x00000000   Code   RO         5193    .ARM.Collect$$libinit$$0000000A  c_w.l(libinit2.o)
    0x080001b6   0x00000000   Code   RO         5195    .ARM.Collect$$libinit$$0000000C  c_w.l(libinit2.o)
    0x080001b6   0x00000000   Code   RO         5197    .ARM.Collect$$libinit$$0000000E  c_w.l(libinit2.o)
    0x080001b6   0x00000000   Code   RO         5200    .ARM.Collect$$libinit$$00000011  c_w.l(libinit2.o)
    0x080001b6   0x00000000   Code   RO         5202    .ARM.Collect$$libinit$$00000013  c_w.l(libinit2.o)
    0x080001b6   0x00000000   Code   RO         5204    .ARM.Collect$$libinit$$00000015  c_w.l(libinit2.o)
    0x080001b6   0x00000000   Code   RO         5206    .ARM.Collect$$libinit$$00000017  c_w.l(libinit2.o)
    0x080001b6   0x00000000   Code   RO         5208    .ARM.Collect$$libinit$$00000019  c_w.l(libinit2.o)
    0x080001b6   0x00000000   Code   RO         5210    .ARM.Collect$$libinit$$0000001B  c_w.l(libinit2.o)
    0x080001b6   0x00000000   Code   RO         5212    .ARM.Collect$$libinit$$0000001D  c_w.l(libinit2.o)
    0x080001b6   0x00000000   Code   RO         5214    .ARM.Collect$$libinit$$0000001F  c_w.l(libinit2.o)
    0x080001b6   0x00000000   Code   RO         5216    .ARM.Collect$$libinit$$00000021  c_w.l(libinit2.o)
    0x080001b6   0x00000000   Code   RO         5218    .ARM.Collect$$libinit$$00000023  c_w.l(libinit2.o)
    0x080001b6   0x00000000   Code   RO         5220    .ARM.Collect$$libinit$$00000025  c_w.l(libinit2.o)
    0x080001b6   0x00000000   Code   RO         5224    .ARM.Collect$$libinit$$0000002C  c_w.l(libinit2.o)
    0x080001b6   0x00000000   Code   RO         5226    .ARM.Collect$$libinit$$0000002E  c_w.l(libinit2.o)
    0x080001b6   0x00000000   Code   RO         5228    .ARM.Collect$$libinit$$00000030  c_w.l(libinit2.o)
    0x080001b6   0x00000000   Code   RO         5230    .ARM.Collect$$libinit$$00000032  c_w.l(libinit2.o)
    0x080001b6   0x00000002   Code   RO         5231    .ARM.Collect$$libinit$$00000033  c_w.l(libinit2.o)
    0x080001b8   0x00000002   Code   RO         5265    .ARM.Collect$$libshutdown$$00000000  c_w.l(libshutdown.o)
    0x080001ba   0x00000000   Code   RO         5275    .ARM.Collect$$libshutdown$$00000002  c_w.l(libshutdown2.o)
    0x080001ba   0x00000000   Code   RO         5277    .ARM.Collect$$libshutdown$$00000004  c_w.l(libshutdown2.o)
    0x080001ba   0x00000000   Code   RO         5280    .ARM.Collect$$libshutdown$$00000007  c_w.l(libshutdown2.o)
    0x080001ba   0x00000000   Code   RO         5283    .ARM.Collect$$libshutdown$$0000000A  c_w.l(libshutdown2.o)
    0x080001ba   0x00000000   Code   RO         5285    .ARM.Collect$$libshutdown$$0000000C  c_w.l(libshutdown2.o)
    0x080001ba   0x00000000   Code   RO         5288    .ARM.Collect$$libshutdown$$0000000F  c_w.l(libshutdown2.o)
    0x080001ba   0x00000002   Code   RO         5289    .ARM.Collect$$libshutdown$$00000010  c_w.l(libshutdown2.o)
    0x080001bc   0x00000000   Code   RO         5110    .ARM.Collect$$rtentry$$00000000  c_w.l(__rtentry.o)
    0x080001bc   0x00000000   Code   RO         5138    .ARM.Collect$$rtentry$$00000002  c_w.l(__rtentry2.o)
    0x080001bc   0x00000006   Code   RO         5150    .ARM.Collect$$rtentry$$00000004  c_w.l(__rtentry4.o)
    0x080001c2   0x00000000   Code   RO         5140    .ARM.Collect$$rtentry$$00000009  c_w.l(__rtentry2.o)
    0x080001c2   0x00000004   Code   RO         5141    .ARM.Collect$$rtentry$$0000000A  c_w.l(__rtentry2.o)
    0x080001c6   0x00000000   Code   RO         5143    .ARM.Collect$$rtentry$$0000000C  c_w.l(__rtentry2.o)
    0x080001c6   0x00000008   Code   RO         5144    .ARM.Collect$$rtentry$$0000000D  c_w.l(__rtentry2.o)
    0x080001ce   0x00000002   Code   RO         5183    .ARM.Collect$$rtexit$$00000000  c_w.l(rtexit.o)
    0x080001d0   0x00000000   Code   RO         5233    .ARM.Collect$$rtexit$$00000002  c_w.l(rtexit2.o)
    0x080001d0   0x00000004   Code   RO         5234    .ARM.Collect$$rtexit$$00000003  c_w.l(rtexit2.o)
    0x080001d4   0x00000006   Code   RO         5235    .ARM.Collect$$rtexit$$00000004  c_w.l(rtexit2.o)
    0x080001da   0x00000002   PAD
    0x080001dc   0x00000020   Code   RO         1341    .emb_text           core_cm3.o
    0x080001fc   0x00000096   Code   RO         4226    .emb_text           port.o
    0x08000292   0x00000002   PAD
    0x08000294   0x00000040   Code   RO         1354  * .text               startup_stm32f10x_hd.o
    0x080002d4   0x00000002   Code   RO         5021    .text               c_w.l(use_no_semi_2.o)
    0x080002d6   0x00000026   Code   RO         5025    .text               c_w.l(llushr.o)
    0x080002fc   0x00000018   Code   RO         5031    .text               c_w.l(noretval__2printf.o)
    0x08000314   0x00000068   Code   RO         5035    .text               c_w.l(__printf.o)
    0x0800037c   0x00000052   Code   RO         5037    .text               c_w.l(_printf_str.o)
    0x080003ce   0x00000002   PAD
    0x080003d0   0x00000078   Code   RO         5039    .text               c_w.l(_printf_dec.o)
    0x08000448   0x00000016   Code   RO         5066    .text               c_w.l(abort.o)
    0x0800045e   0x00000058   Code   RO         5068    .text               c_w.l(memcmp.o)
    0x080004b6   0x00000048   Code   RO         5070    .text               c_w.l(strcpy.o)
    0x080004fe   0x0000008a   Code   RO         5074    .text               c_w.l(rt_memcpy_v6.o)
    0x08000588   0x00000064   Code   RO         5076    .text               c_w.l(rt_memcpy_w.o)
    0x080005ec   0x00000010   Code   RO         5078    .text               c_w.l(aeabi_memset.o)
    0x080005fc   0x00000044   Code   RO         5080    .text               c_w.l(rt_memclr.o)
    0x08000640   0x0000004e   Code   RO         5082    .text               c_w.l(rt_memclr_w.o)
    0x0800068e   0x00000006   Code   RO         5084    .text               c_w.l(heapauxi.o)
    0x08000694   0x00000002   Code   RO         5108    .text               c_w.l(use_no_semi.o)
    0x08000696   0x000000b2   Code   RO         5111    .text               c_w.l(_printf_intcommon.o)
    0x08000748   0x00000030   Code   RO         5113    .text               c_w.l(_printf_char_common.o)
    0x08000778   0x0000002c   Code   RO         5117    .text               c_w.l(_printf_char.o)
    0x080007a4   0x00000024   Code   RO         5119    .text               c_w.l(_printf_char_file.o)
    0x080007c8   0x0000000e   Code   RO         5122    .text               c_w.l(defsig_abrt_outer.o)
    0x080007d6   0x00000008   Code   RO         5156    .text               c_w.l(ferror.o)
    0x080007de   0x0000000a   Code   RO         5160    .text               c_w.l(defsig_exit.o)
    0x080007e8   0x00000030   Code   RO         5162    .text               c_w.l(defsig_abrt_inner.o)
    0x08000818   0x0000004a   Code   RO         5166    .text               c_w.l(sys_stackheap_outer.o)
    0x08000862   0x00000012   Code   RO         5168    .text               c_w.l(exit.o)
    0x08000874   0x00000032   Code   RO         5172    .text               c_w.l(defsig_general.o)
    0x080008a6   0x00000002   PAD
    0x080008a8   0x00000008   Code   RO         5180    .text               c_w.l(libspace.o)
    0x080008b0   0x00000088   Code   RO          962    i.ADCTRGO           ocpsampling.o
    0x08000938   0x00000014   Code   RO         2451    i.ADC_Cmd           stm32f10x_adc.o
    0x0800094c   0x00000014   Code   RO         2452    i.ADC_DMACmd        stm32f10x_adc.o
    0x08000960   0x00000044   Code   RO         2453    i.ADC_DeInit        stm32f10x_adc.o
    0x080009a4   0x00000014   Code   RO         2456    i.ADC_ExternalTrigConvCmd  stm32f10x_adc.o
    0x080009b8   0x0000000e   Code   RO         2459    i.ADC_GetCalibrationStatus  stm32f10x_adc.o
    0x080009c6   0x0000000e   Code   RO         2465    i.ADC_GetResetCalibrationStatus  stm32f10x_adc.o
    0x080009d4   0x00000048   Code   RO         2469    i.ADC_Init          stm32f10x_adc.o
    0x08000a1c   0x00000074   Code   RO         2473    i.ADC_RegularChannelConfig  stm32f10x_adc.o
    0x08000a90   0x0000000a   Code   RO         2474    i.ADC_ResetCalibration  stm32f10x_adc.o
    0x08000a9a   0x0000000a   Code   RO         2478    i.ADC_StartCalibration  stm32f10x_adc.o
    0x08000aa4   0x0000005c   Code   RO         1099    i.AppCommonRightRes  usart.o
    0x08000b00   0x00000090   Code   RO         1100    i.AppDoor           usart.o
    0x08000b90   0x00000020   Code   RO         1101    i.AppEndRespond     usart.o
    0x08000bb0   0x00000020   Code   RO         1102    i.AppLed            usart.o
    0x08000bd0   0x00000060   Code   RO         1103    i.AppLifter         usart.o
    0x08000c30   0x0000006c   Code   RO         1104    i.AppLocker         usart.o
    0x08000c9c   0x0000005e   Code   RO         1105    i.AppOperationRes   usart.o
    0x08000cfa   0x00000002   PAD
    0x08000cfc   0x0000001c   Code   RO         1106    i.AppPingTest       usart.o
    0x08000d18   0x000000dc   Code   RO         1107    i.AppPosCheck       usart.o
    0x08000df4   0x000000b4   Code   RO         1108    i.AppReadDeviceinfor  usart.o
    0x08000ea8   0x00000024   Code   RO         1109    i.AppRestDevice     usart.o
    0x08000ecc   0x000000ae   Code   RO         1110    i.AppResultRes      usart.o
    0x08000f7a   0x00000002   PAD
    0x08000f7c   0x00000020   Code   RO         1111    i.AppStartRespond   usart.o
    0x08000f9c   0x000000d4   Code   RO         1112    i.AppStartUpdata    usart.o
    0x08001070   0x00000002   Code   RO          332    i.BusFault_Handler  stm32f10x_it.o
    0x08001072   0x00000002   PAD
    0x08001074   0x00000124   Code   RO          432    i.CAN_Configuration  can.o
    0x08001198   0x0000002c   Code   RO         2743    i.CAN_DeInit        stm32f10x_can.o
    0x080011c4   0x000000cc   Code   RO         2745    i.CAN_FilterInit    stm32f10x_can.o
    0x08001290   0x00000010   Code   RO         2751    i.CAN_ITConfig      stm32f10x_can.o
    0x080012a0   0x000000e8   Code   RO         2752    i.CAN_Init          stm32f10x_can.o
    0x08001388   0x00000090   Code   RO         2755    i.CAN_Receive       stm32f10x_can.o
    0x08001418   0x00000020   Code   RO         2758    i.CAN_StructInit    stm32f10x_can.o
    0x08001438   0x00000018   Code   RO         1113    i.CalcXORSum        usart.o
    0x08001450   0x00000018   Code   RO            1    i.Check1MSTick      main.o
    0x08001468   0x00000028   Code   RO         1114    i.CheckPWD          usart.o
    0x08001490   0x00000080   Code   RO          963    i.DMA1_Channel1_IRQHandler  ocpsampling.o
    0x08001510   0x0000007c   Code   RO          964    i.DMAInit           ocpsampling.o
    0x0800158c   0x00000018   Code   RO         2667    i.DMA_ClearFlag     stm32f10x_dma.o
    0x080015a4   0x00000018   Code   RO         2668    i.DMA_ClearITPendingBit  stm32f10x_dma.o
    0x080015bc   0x00000016   Code   RO         2669    i.DMA_Cmd           stm32f10x_dma.o
    0x080015d2   0x00000002   PAD
    0x080015d4   0x000000e4   Code   RO         2670    i.DMA_DeInit        stm32f10x_dma.o
    0x080016b8   0x00000006   Code   RO         2671    i.DMA_GetCurrDataCounter  stm32f10x_dma.o
    0x080016be   0x00000002   PAD
    0x080016c0   0x00000020   Code   RO         2673    i.DMA_GetITStatus   stm32f10x_dma.o
    0x080016e0   0x00000010   Code   RO         2674    i.DMA_ITConfig      stm32f10x_dma.o
    0x080016f0   0x0000003a   Code   RO         2675    i.DMA_Init          stm32f10x_dma.o
    0x0800172a   0x00000004   Code   RO         2676    i.DMA_SetCurrDataCounter  stm32f10x_dma.o
    0x0800172e   0x00000002   PAD
    0x08001730   0x00000060   Code   RO          882    i.DS18B20_Check     ds18.o
    0x08001790   0x00000054   Code   RO          884    i.DS18B20_Init      ds18.o
    0x080017e4   0x00000034   Code   RO          885    i.DS18B20_Rst       ds18.o
    0x08001818   0x00000002   Code   RO          333    i.DebugMon_Handler  stm32f10x_it.o
    0x0800181a   0x0000001a   Code   RO          755    i.DoorDualMode_Running  exdcmotor.o
    0x08001834   0x00000214   Code   RO          756    i.DoorEnable_Config  exdcmotor.o
    0x08001a48   0x000000b8   Code   RO          757    i.DoorSingleMode_Running  exdcmotor.o
    0x08001b00   0x000000f8   Code   RO          758    i.DoorStateCheck    exdcmotor.o
    0x08001bf8   0x000001b0   Code   RO          759    i.DoorbacktoOrigin  exdcmotor.o
    0x08001da8   0x00000070   Code   RO            2    i.EXTI0_IRQHandler  main.o
    0x08001e18   0x00000108   Code   RO            3    i.EXTI15_10_IRQHandler  main.o
    0x08001f20   0x00000054   Code   RO            4    i.EXTI1_IRQHandler  main.o
    0x08001f74   0x00000060   Code   RO            5    i.EXTI2_IRQHandler  main.o
    0x08001fd4   0x0000002c   Code   RO            6    i.EXTI4_IRQHandler  main.o
    0x08002000   0x000000e0   Code   RO            7    i.EXTI9_5_IRQHandler  main.o
    0x080020e0   0x0000000c   Code   RO         3270    i.EXTI_ClearFlag    stm32f10x_exti.o
    0x080020ec   0x0000000c   Code   RO         3271    i.EXTI_ClearITPendingBit  stm32f10x_exti.o
    0x080020f8   0x00000014   Code   RO         3274    i.EXTI_GetFlagStatus  stm32f10x_exti.o
    0x0800210c   0x00000070   Code   RO         3276    i.EXTI_Init         stm32f10x_exti.o
    0x0800217c   0x0000000c   Code   RO         2894    i.FLASH_ClearFlag   stm32f10x_flash.o
    0x08002188   0x0000003c   Code   RO         2899    i.FLASH_ErasePage   stm32f10x_flash.o
    0x080021c4   0x00000028   Code   RO         2900    i.FLASH_GetBank1Status  stm32f10x_flash.o
    0x080021ec   0x00000010   Code   RO         2909    i.FLASH_Lock        stm32f10x_flash.o
    0x080021fc   0x00000050   Code   RO         2914    i.FLASH_ProgramWord  stm32f10x_flash.o
    0x0800224c   0x00000018   Code   RO         2917    i.FLASH_Unlock      stm32f10x_flash.o
    0x08002264   0x00000024   Code   RO         2921    i.FLASH_WaitForLastOperation  stm32f10x_flash.o
    0x08002288   0x0000003c   Code   RO            8    i.FaultProcTimerCallBack  main.o
    0x080022c4   0x00000074   Code   RO          965    i.FetchingCurrentValue  ocpsampling.o
    0x08002338   0x00000028   Code   RO         1397    i.GPIO_EXTILineConfig  stm32f10x_gpio.o
    0x08002360   0x000000a2   Code   RO         1400    i.GPIO_Init         stm32f10x_gpio.o
    0x08002402   0x00000002   PAD
    0x08002404   0x00000058   Code   RO         1402    i.GPIO_PinRemapConfig  stm32f10x_gpio.o
    0x0800245c   0x0000000e   Code   RO         1404    i.GPIO_ReadInputDataBit  stm32f10x_gpio.o
    0x0800246a   0x00000004   Code   RO         1407    i.GPIO_ResetBits    stm32f10x_gpio.o
    0x0800246e   0x00000004   Code   RO         1408    i.GPIO_SetBits      stm32f10x_gpio.o
    0x08002472   0x00000002   Code   RO          334    i.HardFault_Handler  stm32f10x_it.o
    0x08002474   0x000000d8   Code   RO            9    i.InitGlobalSet     main.o
    0x0800254c   0x000001bc   Code   RO          760    i.LifterEnable_Config  exdcmotor.o
    0x08002708   0x0000006c   Code   RO          761    i.Lifter_Running    exdcmotor.o
    0x08002774   0x00000034   Code   RO          762    i.Lifter_Speed_Update  exdcmotor.o
    0x080027a8   0x00000028   Code   RO          968    i.LockerChannelEnable  ocpsampling.o
    0x080027d0   0x00000224   Code   RO          764    i.LockerLatch_Config  exdcmotor.o
    0x080029f4   0x000001b4   Code   RO          765    i.LockerRelease_Config  exdcmotor.o
    0x08002ba8   0x00000048   Code   RO          766    i.Locker_Running    exdcmotor.o
    0x08002bf0   0x0000003c   Code   RO          767    i.Locker_Switching_Init  exdcmotor.o
    0x08002c2c   0x00000002   Code   RO          335    i.MemManage_Handler  stm32f10x_it.o
    0x08002c2e   0x00000002   PAD
    0x08002c30   0x00000174   Code   RO          769    i.MotorFaultMonitoring  exdcmotor.o
    0x08002da4   0x00000474   Code   RO          770    i.MotorProcessMonitoring  exdcmotor.o
    0x08003218   0x0000029c   Code   RO          771    i.Motor_CTRL_Init   exdcmotor.o
    0x080034b4   0x00000002   Code   RO          336    i.NMI_Handler       stm32f10x_it.o
    0x080034b6   0x00000002   PAD
    0x080034b8   0x00000064   Code   RO         1358    i.NVIC_Init         misc.o
    0x0800351c   0x00000014   Code   RO         1359    i.NVIC_PriorityGroupConfig  misc.o
    0x08003530   0x000000f0   Code   RO          969    i.OCPChannel_Init   ocpsampling.o
    0x08003620   0x000000dc   Code   RO          970    i.ONPOSITIONChannel_Init  ocpsampling.o
    0x080036fc   0x00000038   Code   RO           10    i.PWRInit           main.o
    0x08003734   0x0000018c   Code   RO         1115    i.ProcessUpCmd      usart.o
    0x080038c0   0x00000014   Code   RO         1532    i.RCC_ADCCLKConfig  stm32f10x_rcc.o
    0x080038d4   0x00000018   Code   RO         1533    i.RCC_AHBPeriphClockCmd  stm32f10x_rcc.o
    0x080038ec   0x00000018   Code   RO         1534    i.RCC_APB1PeriphClockCmd  stm32f10x_rcc.o
    0x08003904   0x00000018   Code   RO         1535    i.RCC_APB1PeriphResetCmd  stm32f10x_rcc.o
    0x0800391c   0x00000018   Code   RO         1536    i.RCC_APB2PeriphClockCmd  stm32f10x_rcc.o
    0x08003934   0x00000018   Code   RO         1537    i.RCC_APB2PeriphResetCmd  stm32f10x_rcc.o
    0x0800394c   0x00000090   Code   RO         1544    i.RCC_GetClocksFreq  stm32f10x_rcc.o
    0x080039dc   0x00000060   Code   RO         4381    i.SEGGER_RTT_ConfigDownBuffer  segger_rtt.o
    0x08003a3c   0x00000060   Code   RO         4382    i.SEGGER_RTT_ConfigUpBuffer  segger_rtt.o
    0x08003a9c   0x00000078   Code   RO         4392    i.SEGGER_RTT_ReadNoLock  segger_rtt.o
    0x08003b14   0x00000074   Code   RO         4402    i.SEGGER_RTT_WriteSkipNoLock  segger_rtt.o
    0x08003b88   0x00000028   Code   RO         4303    i.SEGGER_SYSVIEW_Conf  segger_sysview_config_freertos.o
    0x08003bb0   0x00000018   Code   RO         4580    i.SEGGER_SYSVIEW_EncodeU32  segger_sysview.o
    0x08003bc8   0x00000080   Code   RO         4584    i.SEGGER_SYSVIEW_GetSysDesc  segger_sysview.o
    0x08003c48   0x00000060   Code   RO         4585    i.SEGGER_SYSVIEW_Init  segger_sysview.o
    0x08003ca8   0x00000024   Code   RO         4588    i.SEGGER_SYSVIEW_OnIdle  segger_sysview.o
    0x08003ccc   0x00000044   Code   RO         4589    i.SEGGER_SYSVIEW_OnTaskCreate  segger_sysview.o
    0x08003d10   0x00000044   Code   RO         4590    i.SEGGER_SYSVIEW_OnTaskStartExec  segger_sysview.o
    0x08003d54   0x00000044   Code   RO         4591    i.SEGGER_SYSVIEW_OnTaskStartReady  segger_sysview.o
    0x08003d98   0x00000034   Code   RO         4611    i.SEGGER_SYSVIEW_RecordSystime  segger_sysview.o
    0x08003dcc   0x0000003c   Code   RO         4612    i.SEGGER_SYSVIEW_RecordU32  segger_sysview.o
    0x08003e08   0x00000050   Code   RO         4614    i.SEGGER_SYSVIEW_RecordU32x2  segger_sysview.o
    0x08003e58   0x0000006c   Code   RO         4615    i.SEGGER_SYSVIEW_RecordU32x3  segger_sysview.o
    0x08003ec4   0x00000024   Code   RO         4622    i.SEGGER_SYSVIEW_RecordVoid  segger_sysview.o
    0x08003ee8   0x00000078   Code   RO         4624    i.SEGGER_SYSVIEW_SendModule  segger_sysview.o
    0x08003f60   0x0000001c   Code   RO         4625    i.SEGGER_SYSVIEW_SendModuleDescription  segger_sysview.o
    0x08003f7c   0x00000040   Code   RO         4626    i.SEGGER_SYSVIEW_SendNumModules  segger_sysview.o
    0x08003fbc   0x0000001c   Code   RO         4627    i.SEGGER_SYSVIEW_SendPacket  segger_sysview.o
    0x08003fd8   0x00000030   Code   RO         4628    i.SEGGER_SYSVIEW_SendSysDesc  segger_sysview.o
    0x08004008   0x000000cc   Code   RO         4629    i.SEGGER_SYSVIEW_SendTaskInfo  segger_sysview.o
    0x080040d4   0x00000018   Code   RO         4630    i.SEGGER_SYSVIEW_SendTaskList  segger_sysview.o
    0x080040ec   0x0000000c   Code   RO         4631    i.SEGGER_SYSVIEW_SetRAMBase  segger_sysview.o
    0x080040f8   0x00000010   Code   RO         4632    i.SEGGER_SYSVIEW_ShrinkId  segger_sysview.o
    0x08004108   0x000000b4   Code   RO         4633    i.SEGGER_SYSVIEW_Start  segger_sysview.o
    0x080041bc   0x00000030   Code   RO         4634    i.SEGGER_SYSVIEW_Stop  segger_sysview.o
    0x080041ec   0x0000003c   Code   RO         4635    i.SEGGER_SYSVIEW_Warn  segger_sysview.o
    0x08004228   0x00000070   Code   RO         4321    i.SYSVIEW_AddTask   segger_sysview_freertos.o
    0x08004298   0x00000074   Code   RO         4322    i.SYSVIEW_DeleteTask  segger_sysview_freertos.o
    0x0800430c   0x00000032   Code   RO         4323    i.SYSVIEW_RecordU32x4  segger_sysview_freertos.o
    0x0800433e   0x0000002a   Code   RO         4325    i.SYSVIEW_SendTaskInfo  segger_sysview_freertos.o
    0x08004368   0x0000006e   Code   RO         1116    i.SendErrCode       usart.o
    0x080043d6   0x00000002   PAD
    0x080043d8   0x00000018   Code   RO         1117    i.SendUp            usart.o
    0x080043f0   0x000000a8   Code   RO          403    i.SetSysClockTo72   system_stm32f10x.o
    0x08004498   0x00000018   Code   RO         1362    i.SysTick_CLKSourceConfig  misc.o
    0x080044b0   0x0000001c   Code   RO         1029    i.SysTick_Handler   delay.o
    0x080044cc   0x00000050   Code   RO          405    i.SystemInit        system_stm32f10x.o
    0x0800451c   0x00000180   Code   RO         1284    i.TIM1_CC_IRQHandler  timerapp.o
    0x0800469c   0x00000048   Code   RO          772    i.TIM2_IRQHandler   exdcmotor.o
    0x080046e4   0x00000080   Code   RO         1285    i.TIM6_IRQHandler   timerapp.o
    0x08004764   0x00000014   Code   RO         1914    i.TIM_ARRPreloadConfig  stm32f10x_tim.o
    0x08004778   0x00000006   Code   RO         1920    i.TIM_ClearFlag     stm32f10x_tim.o
    0x0800477e   0x00000006   Code   RO         1921    i.TIM_ClearITPendingBit  stm32f10x_tim.o
    0x08004784   0x00000014   Code   RO         1926    i.TIM_Cmd           stm32f10x_tim.o
    0x08004798   0x00000016   Code   RO         1928    i.TIM_CtrlPWMOutputs  stm32f10x_tim.o
    0x080047ae   0x00000002   PAD
    0x080047b0   0x00000170   Code   RO         1931    i.TIM_DeInit        stm32f10x_tim.o
    0x08004920   0x00000018   Code   RO         1947    i.TIM_GetITStatus   stm32f10x_tim.o
    0x08004938   0x00000010   Code   RO         1951    i.TIM_ITConfig      stm32f10x_tim.o
    0x08004948   0x0000000a   Code   RO         1953    i.TIM_InternalClockConfig  stm32f10x_tim.o
    0x08004952   0x00000002   PAD
    0x08004954   0x00000080   Code   RO         1955    i.TIM_OC1Init       stm32f10x_tim.o
    0x080049d4   0x0000000c   Code   RO         1958    i.TIM_OC1PreloadConfig  stm32f10x_tim.o
    0x080049e0   0x00000080   Code   RO         1960    i.TIM_OC2Init       stm32f10x_tim.o
    0x08004a60   0x00000014   Code   RO         1963    i.TIM_OC2PreloadConfig  stm32f10x_tim.o
    0x08004a74   0x0000007c   Code   RO         1965    i.TIM_OC3Init       stm32f10x_tim.o
    0x08004af0   0x0000000c   Code   RO         1968    i.TIM_OC3PreloadConfig  stm32f10x_tim.o
    0x08004afc   0x00000064   Code   RO         1970    i.TIM_OC4Init       stm32f10x_tim.o
    0x08004b60   0x00000014   Code   RO         1972    i.TIM_OC4PreloadConfig  stm32f10x_tim.o
    0x08004b74   0x00000004   Code   RO         1985    i.TIM_SetAutoreload  stm32f10x_tim.o
    0x08004b78   0x00000004   Code   RO         1987    i.TIM_SetCompare1   stm32f10x_tim.o
    0x08004b7c   0x00000004   Code   RO         1988    i.TIM_SetCompare2   stm32f10x_tim.o
    0x08004b80   0x00000004   Code   RO         1989    i.TIM_SetCompare3   stm32f10x_tim.o
    0x08004b84   0x00000006   Code   RO         1990    i.TIM_SetCompare4   stm32f10x_tim.o
    0x08004b8a   0x00000002   PAD
    0x08004b8c   0x0000009c   Code   RO         1997    i.TIM_TimeBaseInit  stm32f10x_tim.o
    0x08004c28   0x00000014   Code   RO         1999    i.TIM_UpdateDisableConfig  stm32f10x_tim.o
    0x08004c3c   0x000000b8   Code   RO         1288    i.Timer1Init        timerapp.o
    0x08004cf4   0x00000034   Code   RO         1118    i.USART1_ComSend    usart.o
    0x08004d28   0x00000058   Code   RO         1119    i.USART1_DMA_Config  usart.o
    0x08004d80   0x000000a4   Code   RO         1120    i.USART1_IRQHandler  usart.o
    0x08004e24   0x00000014   Code   RO         1736    i.USART_Cmd         stm32f10x_usart.o
    0x08004e38   0x00000010   Code   RO         1737    i.USART_DMACmd      stm32f10x_usart.o
    0x08004e48   0x0000000e   Code   RO         1739    i.USART_GetFlagStatus  stm32f10x_usart.o
    0x08004e56   0x0000003e   Code   RO         1740    i.USART_GetITStatus  stm32f10x_usart.o
    0x08004e94   0x00000030   Code   RO         1742    i.USART_ITConfig    stm32f10x_usart.o
    0x08004ec4   0x000000ac   Code   RO         1743    i.USART_Init        stm32f10x_usart.o
    0x08004f70   0x00000008   Code   RO         1753    i.USART_SendData    stm32f10x_usart.o
    0x08004f78   0x00000040   Code   RO          435    i.USB_LP_CAN1_RX0_IRQHandler  can.o
    0x08004fb8   0x00000002   Code   RO          337    i.UsageFault_Handler  stm32f10x_it.o
    0x08004fba   0x00000002   PAD
    0x08004fbc   0x00000078   Code   RO         1121    i.UsartFun          usart.o
    0x08005034   0x000000f4   Code   RO          971    i.VoltSampling_Init  ocpsampling.o
    0x08005128   0x00000068   Code   RO         4405    i._DoInit           segger_rtt.o
    0x08005190   0x00000044   Code   RO         4638    i._EncodeStr        segger_sysview.o
    0x080051d4   0x0000008a   Code   RO         4639    i._HandleIncomingPacket  segger_sysview.o
    0x0800525e   0x00000002   PAD
    0x08005260   0x000000d4   Code   RO         4642    i._SendPacket       segger_sysview.o
    0x08005334   0x00000068   Code   RO         4644    i._TrySendOverflowPacket  segger_sysview.o
    0x0800539c   0x0000001e   Code   RO         4327    i._cbGetTime        segger_sysview_freertos.o
    0x080053ba   0x00000002   PAD
    0x080053bc   0x00000060   Code   RO         4304    i._cbSendSystemDesc  segger_sysview_config_freertos.o
    0x0800541c   0x00000038   Code   RO         4328    i._cbSendTaskList   segger_sysview_freertos.o
    0x08005454   0x00000002   Code   RO         1122    i._sys_exit         usart.o
    0x08005456   0x00000002   Code   RO         1123    i._ttywrch          usart.o
    0x08005458   0x00000068   Code   RO           11    i.adc_processing_task  main.o
    0x080054c0   0x00000020   Code   RO          540    i.allocateBlock     canard.o
    0x080054e0   0x000000f2   Code   RO          541    i.bufferBlockPushBytes  canard.o
    0x080055d2   0x00000002   PAD
    0x080055d4   0x00000330   Code   RO          551    i.canardHandleRxFrame  canard.o
    0x08005904   0x0000005e   Code   RO          552    i.canardInit        canard.o
    0x08005962   0x00000024   Code   RO          555    i.canardReleaseRxTransferPayload  canard.o
    0x08005986   0x00000016   Code   RO          557    i.canardSetLocalNodeID  canard.o
    0x0800599c   0x00000016   Code   RO          559    i.crcAdd            canard.o
    0x080059b2   0x00000022   Code   RO          560    i.crcAddByte        canard.o
    0x080059d4   0x0000002a   Code   RO          561    i.crcAddSignature   canard.o
    0x080059fe   0x00000010   Code   RO          562    i.createBufferBlock  canard.o
    0x08005a0e   0x0000002e   Code   RO          563    i.createRxState     canard.o
    0x08005a3c   0x00000048   Code   RO         1030    i.delay_init        delay.o
    0x08005a84   0x00000034   Code   RO         1032    i.delay_us          delay.o
    0x08005ab8   0x0000001a   Code   RO         1033    i.delay_xms         delay.o
    0x08005ad2   0x00000002   PAD
    0x08005ad4   0x0000002c   Code   RO           12    i.door_task         main.o
    0x08005b00   0x00000016   Code   RO          567    i.extractTransferType  canard.o
    0x08005b16   0x00000002   PAD
    0x08005b18   0x0000002c   Code   RO           13    i.faultproc_task    main.o
    0x08005b44   0x00000010   Code   RO          568    i.findRxState       canard.o
    0x08005b54   0x00000018   Code   RO         1124    i.fputc             usart.o
    0x08005b6c   0x00000016   Code   RO          569    i.freeBlock         canard.o
    0x08005b82   0x00000002   PAD
    0x08005b84   0x00000030   Code   RO          891    i.inp               ds18.o
    0x08005bb4   0x0000002c   Code   RO           14    i.lifter_task       main.o
    0x08005be0   0x00000090   Code   RO           15    i.locker_task       main.o
    0x08005c70   0x00000134   Code   RO           16    i.main              main.o
    0x08005da4   0x00000204   Code   RO           17    i.message_task      main.o
    0x08005fa8   0x0000000c   Code   RO           18    i.monitor_task      main.o
    0x08005fb4   0x000000a4   Code   RO          444    i.onTransferReceived  can.o
    0x08006058   0x00000030   Code   RO          892    i.outp              ds18.o
    0x08006088   0x00000010   Code   RO         1125    i.positioncheck     usart.o
    0x08006098   0x00000024   Code   RO          572    i.prepareForNextTransfer  canard.o
    0x080060bc   0x00000070   Code   RO         3706    i.prvAddCurrentTaskToDelayedList  tasks.o
    0x0800612c   0x000000f0   Code   RO         3707    i.prvAddNewTaskToReadyList  tasks.o
    0x0800621c   0x00000050   Code   RO         4057    i.prvCheckForValidListAndQueue  timers.o
    0x0800626c   0x00000050   Code   RO         3708    i.prvCheckTasksWaitingTermination  tasks.o
    0x080062bc   0x00000026   Code   RO         3488    i.prvCopyDataFromQueue  queue.o
    0x080062e2   0x0000006c   Code   RO         3489    i.prvCopyDataToQueue  queue.o
    0x0800634e   0x00000014   Code   RO         3709    i.prvDeleteTCB      tasks.o
    0x08006362   0x00000002   PAD
    0x08006364   0x0000004c   Code   RO         4177    i.prvHeapInit       heap_4.o
    0x080063b0   0x00000028   Code   RO         3710    i.prvIdleTask       tasks.o
    0x080063d8   0x000000c0   Code   RO         3711    i.prvInitialiseNewTask  tasks.o
    0x08006498   0x0000004c   Code   RO         4178    i.prvInsertBlockIntoFreeList  heap_4.o
    0x080064e4   0x00000038   Code   RO         4058    i.prvInsertTimerInActiveList  timers.o
    0x0800651c   0x0000001c   Code   RO         3490    i.prvIsQueueEmpty   queue.o
    0x08006538   0x00000090   Code   RO         3491    i.prvNotifyQueueSetContainer  queue.o
    0x080065c8   0x00000060   Code   RO         4059    i.prvProcessExpiredTimer  timers.o
    0x08006628   0x000000f0   Code   RO         4060    i.prvProcessReceivedCommands  timers.o
    0x08006718   0x0000006c   Code   RO         4061    i.prvProcessTimerOrBlockTask  timers.o
    0x08006784   0x00000020   Code   RO         3713    i.prvResetNextTaskUnblockTime  tasks.o
    0x080067a4   0x00000028   Code   RO         4062    i.prvSampleTimeNow  timers.o
    0x080067cc   0x0000006c   Code   RO         4063    i.prvSwitchTimerLists  timers.o
    0x08006838   0x00000064   Code   RO         4227    i.prvTaskExitError  port.o
    0x0800689c   0x00000014   Code   RO         3340    i.prvTestWaitCondition  event_groups.o
    0x080068b0   0x00000024   Code   RO         4064    i.prvTimerTask      timers.o
    0x080068d4   0x00000078   Code   RO         3492    i.prvUnlockQueue    queue.o
    0x0800694c   0x00000114   Code   RO         4179    i.pvPortMalloc      heap_4.o
    0x08006a60   0x00000018   Code   RO         3715    i.pvTaskIncrementMutexHeldCount  tasks.o
    0x08006a78   0x00000024   Code   RO         4228    i.pxPortInitialiseStack  port.o
    0x08006a9c   0x00000028   Code   RO          574    i.releaseStatePayload  canard.o
    0x08006ac4   0x000000b0   Code   RO          445    i.shouldAcceptTransfer  can.o
    0x08006b74   0x00000208   Code   RO           19    i.start_task        main.o
    0x08006d7c   0x000000b8   Code   RO         1126    i.uart_init         usart.o
    0x08006e34   0x00000030   Code   RO           20    i.usart_decode_task  main.o
    0x08006e64   0x00000024   Code   RO         3451    i.uxListRemove      list.o
    0x08006e88   0x00000018   Code   RO         3722    i.uxTaskResetEventItemValue  tasks.o
    0x08006ea0   0x00000016   Code   RO         3452    i.vListInitialise   list.o
    0x08006eb6   0x00000006   Code   RO         3453    i.vListInitialiseItem  list.o
    0x08006ebc   0x00000030   Code   RO         3454    i.vListInsert       list.o
    0x08006eec   0x00000018   Code   RO         3455    i.vListInsertEnd    list.o
    0x08006f04   0x00000078   Code   RO         4230    i.vPortEnterCritical  port.o
    0x08006f7c   0x00000064   Code   RO         4231    i.vPortExitCritical  port.o
    0x08006fe0   0x0000009c   Code   RO         4180    i.vPortFree         heap_4.o
    0x0800707c   0x00000020   Code   RO         4232    i.vPortSetupTimerInterrupt  port.o
    0x0800709c   0x0000008c   Code   RO         4233    i.vPortValidateInterruptPriority  port.o
    0x08007128   0x00000038   Code   RO         3498    i.vQueueAddToRegistry  queue.o
    0x08007160   0x00000044   Code   RO         3502    i.vQueueWaitForMessageRestricted  queue.o
    0x080071a4   0x00000074   Code   RO         3723    i.vTaskDelay        tasks.o
    0x08007218   0x000000e0   Code   RO         3725    i.vTaskDelete       tasks.o
    0x080072f8   0x0000000c   Code   RO         3729    i.vTaskMissedYield  tasks.o
    0x08007304   0x00000054   Code   RO         3731    i.vTaskPlaceOnEventList  tasks.o
    0x08007358   0x00000064   Code   RO         3732    i.vTaskPlaceOnEventListRestricted  tasks.o
    0x080073bc   0x00000070   Code   RO         3733    i.vTaskPlaceOnUnorderedEventList  tasks.o
    0x0800742c   0x0000009c   Code   RO         3734    i.vTaskPriorityInherit  tasks.o
    0x080074c8   0x00000048   Code   RO         3738    i.vTaskSetTimeOutState  tasks.o
    0x08007510   0x00000094   Code   RO         3739    i.vTaskStartScheduler  tasks.o
    0x080075a4   0x00000010   Code   RO         3741    i.vTaskSuspendAll   tasks.o
    0x080075b4   0x000000a4   Code   RO         3742    i.vTaskSwitchContext  tasks.o
    0x08007658   0x0000001a   Code   RO         3347    i.xEventGroupCreate  event_groups.o
    0x08007672   0x00000002   PAD
    0x08007674   0x000000b0   Code   RO         3349    i.xEventGroupSetBits  event_groups.o
    0x08007724   0x00000124   Code   RO         3352    i.xEventGroupWaitBits  event_groups.o
    0x08007848   0x00000074   Code   RO         4234    i.xPortStartScheduler  port.o
    0x080078bc   0x0000002c   Code   RO         4235    i.xPortSysTickHandler  port.o
    0x080078e8   0x0000005c   Code   RO         3504    i.xQueueCreateCountingSemaphore  queue.o
    0x08007944   0x00000084   Code   RO         3507    i.xQueueGenericCreate  queue.o
    0x080079c8   0x000001d8   Code   RO         3508    i.xQueueGenericReceive  queue.o
    0x08007ba0   0x000000a8   Code   RO         3509    i.xQueueGenericReset  queue.o
    0x08007c48   0x00000194   Code   RO         3510    i.xQueueGenericSend  queue.o
    0x08007ddc   0x00000104   Code   RO         3511    i.xQueueGenericSendFromISR  queue.o
    0x08007ee0   0x000000e8   Code   RO         3512    i.xQueueGiveFromISR  queue.o
    0x08007fc8   0x00000088   Code   RO         3743    i.xTaskCheckForTimeOut  tasks.o
    0x08008050   0x00000056   Code   RO         3744    i.xTaskCreate       tasks.o
    0x080080a6   0x00000002   PAD
    0x080080a8   0x0000001c   Code   RO         3749    i.xTaskGetSchedulerState  tasks.o
    0x080080c4   0x0000000c   Code   RO         3750    i.xTaskGetTickCount  tasks.o
    0x080080d0   0x00000010   Code   RO         3751    i.xTaskGetTickCountFromISR  tasks.o
    0x080080e0   0x000000f0   Code   RO         3752    i.xTaskIncrementTick  tasks.o
    0x080081d0   0x000000c8   Code   RO         3755    i.xTaskPriorityDisinherit  tasks.o
    0x08008298   0x0000009c   Code   RO         3756    i.xTaskRemoveFromEventList  tasks.o
    0x08008334   0x000000a0   Code   RO         3757    i.xTaskRemoveFromUnorderedEventList  tasks.o
    0x080083d4   0x000000ec   Code   RO         3758    i.xTaskResumeAll    tasks.o
    0x080084c0   0x00000074   Code   RO         4067    i.xTimerCreate      timers.o
    0x08008534   0x00000074   Code   RO         4068    i.xTimerCreateTimerTask  timers.o
    0x080085a8   0x00000090   Code   RO         4069    i.xTimerGenericCommand  timers.o
    0x08008638   0x0000005a   Code   RO         5092    x$fpl$dfixu         fz_ws.l(dfixu.o)
    0x08008692   0x00000026   Code   RO         5096    x$fpl$dfltu         fz_ws.l(dflt_clz.o)
    0x080086b8   0x00000154   Code   RO         5102    x$fpl$dmul          fz_ws.l(dmul.o)
    0x0800880c   0x0000009c   Code   RO         5126    x$fpl$dnaninf       fz_ws.l(dnaninf.o)
    0x080088a8   0x0000000c   Code   RO         5128    x$fpl$dretinf       fz_ws.l(dretinf.o)
    0x080088b4   0x00000000   Code   RO         5136    x$fpl$usenofp       fz_ws.l(usenofp.o)
    0x080088b4   0x00000008   Data   RO         4330    .constdata          segger_sysview_freertos.o
    0x080088bc   0x0000001a   Data   RO         4648    .constdata          segger_sysview.o
    0x080088d6   0x00000002   PAD
    0x080088d8   0x00000050   Data   RO         4331    .conststring        segger_sysview_freertos.o
    0x08008928   0x00000020   Data   RO         5291    Region$$Table       anon$$obj.o


    Execution Region ER_RW (Base: 0x20000000, Size: 0x00000108, Max: 0xffffffff, ABSOLUTE)

    Base Addr    Size         Type   Attr      Idx    E Section Name        Object

    0x20000000   0x00000038   Data   RW           22    .data               main.o
    0x20000038   0x00000014   Data   RW          406    .data               system_stm32f10x.o
    0x2000004c   0x00000008   Data   RW          449    .data               can.o
    0x20000054   0x00000008   Data   RW          773    .data               exdcmotor.o
    0x2000005c   0x00000004   Data   RW         1034    .data               delay.o
    0x20000060   0x00000006   Data   RW         1129    .data               usart.o
    0x20000066   0x00000002   PAD
    0x20000068   0x00000004   Data   RW         1130    .data               usart.o
    0x2000006c   0x00000014   Data   RW         1564    .data               stm32f10x_rcc.o
    0x20000080   0x0000003c   Data   RW         3761    .data               tasks.o
    0x200000bc   0x00000014   Data   RW         4077    .data               timers.o
    0x200000d0   0x00000018   Data   RW         4185    .data               heap_4.o
    0x200000e8   0x0000000c   Data   RW         4236    .data               port.o
    0x200000f4   0x00000004   Data   RW         4332    .data               segger_sysview_freertos.o
    0x200000f8   0x00000010   Data   RW         4649    .data               segger_sysview.o


    Execution Region ER_ZI (Base: 0x20000108, Size: 0x0000a720, Max: 0xffffffff, ABSOLUTE)

    Base Addr    Size         Type   Attr      Idx    E Section Name        Object

    0x20000108   0x0000044c   Zero   RW           21    .bss                main.o
    0x20000554   0x00000004   PAD
    0x20000558   0x000004bc   Zero   RW          446    .bss                can.o
    0x20000a14   0x00000040   Zero   RW         3522    .bss                queue.o
    0x20000a54   0x000002e4   Zero   RW         3760    .bss                tasks.o
    0x20000d38   0x00000028   Zero   RW         4076    .bss                timers.o
    0x20000d60   0x00002800   Zero   RW         4184    .bss                heap_4.o
    0x20003560   0x000000a0   Zero   RW         4329    .bss                segger_sysview_freertos.o
    0x20003600   0x000004b8   Zero   RW         4410    .bss                segger_rtt.o
    0x20003ab8   0x0000050b   Zero   RW         4647    .bss                segger_sysview.o
    0x20003fc3   0x00000001   PAD
    0x20003fc4   0x00000060   Zero   RW         5181    .bss                c_w.l(libspace.o)
    0x20004024   0x00000004   PAD
    0x20004028   0x00006400   Zero   RW         1352    HEAP                startup_stm32f10x_hd.o
    0x2000a428   0x00000400   Zero   RW         1351    STACK               startup_stm32f10x_hd.o


==============================================================================

Image component sizes


      Code (inc. data)   RO Data    RW Data    ZI Data      Debug   Object Name

       696        116          0          8       1212      15114   can.o
      1538          6          0          0          0      19899   canard.o
        32          0          0          0          0        540   core_cm3.o
       178         20          0          4          0       2362   delay.o
       328         40          0          0          0       3515   ds18.o
       514         94          0          0          0      14335   event_groups.o
      5394        320          0          8          0      15085   exdcmotor.o
       584        138          0         24      10240       4015   heap_4.o
       136          0          0          0          0       3114   list.o
      2964        598          0         56       1100     336734   main.o
       144         16          0          0          0       2065   misc.o
      1248        114          0          0          0       4907   ocpsampling.o
       838        314          0         12          0      10213   port.o
      2322        312          0          0         64      15045   queue.o
       532         50          0          0       1208       9081   segger_rtt.o
      2178        172         26         16       1291      26655   segger_sysview.o
       136         90          0          0          0       1154   segger_sysview_config_freertos.o
       406         38         88          4        160       5832   segger_sysview_freertos.o
        64         26        304          0      26624        808   startup_stm32f10x_hd.o
       364         22          0          0          0       8097   stm32f10x_adc.o
       672         16          0          0          0       5059   stm32f10x_can.o
       414         34          0          0          0       7029   stm32f10x_dma.o
       156         20          0          0          0       2667   stm32f10x_exti.o
       268         36          0          0          0       5885   stm32f10x_flash.o
       312         12          0          0          0       5032   stm32f10x_gpio.o
        12          0          0          0          0       2505   stm32f10x_it.o
       284         52          0         20          0       6823   stm32f10x_rcc.o
      1234        154          0          0          0      16054   stm32f10x_tim.o
       340          6          0          0          0       6336   stm32f10x_usart.o
         0          0          0          0          0         32   sys.o
       248         24          0         20          0       1745   system_stm32f10x.o
      3238        782          0         60        740      31787   tasks.o
       696        142          0          0          0       1972   timerapp.o
      1140        258          0         20         40       9702   timers.o
      2726        186          0         10          0      20176   usart.o

    ----------------------------------------------------------------------
     32384       4208        452        264      42684     621374   Object Totals
         0          0         32          0          0          0   (incl. Generated)
        48          0          2          2          5          0   (incl. Padding)

    ----------------------------------------------------------------------

      Code (inc. data)   RO Data    RW Data    ZI Data      Debug   Library Member Name

         8          0          0          0          0         68   __main.o
       104          0          0          0          0         84   __printf.o
         0          0          0          0          0          0   __rtentry.o
        12          0          0          0          0          0   __rtentry2.o
         6          0          0          0          0          0   __rtentry4.o
        52          8          0          0          0          0   __scatter.o
        26          0          0          0          0          0   __scatter_copy.o
        28          0          0          0          0          0   __scatter_zi.o
        44          0          0          0          0        108   _printf_char.o
        48          6          0          0          0         96   _printf_char_common.o
        36          4          0          0          0         80   _printf_char_file.o
         6          0          0          0          0          0   _printf_d.o
       120         16          0          0          0         92   _printf_dec.o
       178          0          0          0          0         88   _printf_intcommon.o
         0          0          0          0          0          0   _printf_percent.o
         4          0          0          0          0          0   _printf_percent_end.o
         6          0          0          0          0          0   _printf_s.o
        82          0          0          0          0         80   _printf_str.o
        22          0          0          0          0         80   abort.o
        16          0          0          0          0         68   aeabi_memset.o
        48         34          0          0          0         76   defsig_abrt_inner.o
        14          0          0          0          0         80   defsig_abrt_outer.o
        10          0          0          0          0         68   defsig_exit.o
        50          0          0          0          0         88   defsig_general.o
        18          0          0          0          0         80   exit.o
         8          0          0          0          0         68   ferror.o
         6          0          0          0          0        152   heapauxi.o
         2          0          0          0          0          0   libinit.o
         2          0          0          0          0          0   libinit2.o
         2          0          0          0          0          0   libshutdown.o
         2          0          0          0          0          0   libshutdown2.o
         8          4          0          0         96         68   libspace.o
        38          0          0          0          0         68   llushr.o
        88          0          0          0          0         76   memcmp.o
        24          4          0          0          0         84   noretval__2printf.o
        68          0          0          0          0         68   rt_memclr.o
        78          0          0          0          0         80   rt_memclr_w.o
       138          0          0          0          0         68   rt_memcpy_v6.o
       100          0          0          0          0         80   rt_memcpy_w.o
         2          0          0          0          0          0   rtexit.o
        10          0          0          0          0          0   rtexit2.o
        72          0          0          0          0         80   strcpy.o
        74          0          0          0          0         80   sys_stackheap_outer.o
         2          0          0          0          0         68   use_no_semi.o
         2          0          0          0          0         68   use_no_semi_2.o
        90          4          0          0          0         92   dfixu.o
        38          0          0          0          0         68   dflt_clz.o
       340         12          0          0          0        104   dmul.o
       156          4          0          0          0         92   dnaninf.o
        12          0          0          0          0         68   dretinf.o
         0          0          0          0          0          0   usenofp.o

    ----------------------------------------------------------------------
      2308         96          0          0        100       2768   Library Totals
         8          0          0          0          4          0   (incl. Padding)

    ----------------------------------------------------------------------

      Code (inc. data)   RO Data    RW Data    ZI Data      Debug   Library Name

      1664         76          0          0         96       2344   c_w.l
       636         20          0          0          0        424   fz_ws.l

    ----------------------------------------------------------------------
      2308         96          0          0        100       2768   Library Totals

    ----------------------------------------------------------------------

==============================================================================


      Code (inc. data)   RO Data    RW Data    ZI Data      Debug   

     34692       4304        452        264      42784     606510   Grand Totals
     34692       4304        452        264      42784     606510   ELF Image Totals
     34692       4304        452        264          0          0   ROM Totals

==============================================================================

    Total RO  Size (Code + RO Data)                35144 (  34.32kB)
    Total RW  Size (RW Data + ZI Data)             43048 (  42.04kB)
    Total ROM Size (Code + RO Data + RW Data)      35408 (  34.58kB)

==============================================================================

